---
http_interactions:
- request:
    method: delete
    uri: https://api.cloudflare.com/client/v4/zones/7ed83734c471bd155e2fe23234c5c936/dns_records
    body:
      encoding: US-ASCII
      string: ''
    headers:
      Accept-Encoding:
      - gzip;q=1.0,deflate;q=0.6,identity;q=0.3
      Accept:
      - application/json
      User-Agent:
      - Ruby
      Content-Type:
      - application/json
      Authorization:
      - Bearer <CLOUDFLARE_API_TOKEN>
  response:
    status:
      code: 405
      message: Not Allowed
    headers:
      Date:
      - Wed, 09 Oct 2024 14:03:15 GMT
      Content-Type:
      - application/json
      Transfer-Encoding:
      - chunked
      Connection:
      - keep-alive
      Cf-Ray:
      - 8cfee9be08f6a241-YYZ
      Cf-Cache-Status:
      - DYNAMIC
      Set-Cookie:
      - __cf_bm=VUNXoaqGjrh5OXy5n6K0XhOqchtnHbi_m4XKCX5nsdA-1728482595-1.0.1.1-1126HCjXJkUo_9gjYRRfxjThC1ioyFrLvVao32lSBxEj3auEE4rD.UmJ8SKNt.8WchVwGSYjpc4V3G4AMsMNuQ;
        path=/; expires=Wed, 09-Oct-24 14:33:15 GMT; domain=.api.cloudflare.com; HttpOnly;
        Secure; SameSite=None
      - __cflb=0H28vgHxwvgAQtjUGUFqYFDiSDreGJnUwC9cxPR7ZQZ; SameSite=Lax; path=/;
        expires=Wed, 09-Oct-24 16:33:16 GMT; HttpOnly
      - __cfruid=fed45ac129e98015a94feeea2475aaf7561f4436-1728482595; path=/; domain=.api.cloudflare.com;
        HttpOnly; Secure; SameSite=None
      Cf-Auditlog-Id:
      - '01927197-52d0-7450-842a-1c5dae1f3d75'
      Vary:
      - Accept-Encoding
      Server:
      - cloudflare
      X-Ratelimit-Period:
      - 0
    body:
      encoding: UTF-8
      string: '{"success":false,"errors":[{"code":10000,"message":"DELETE method not
        allowed for the api_token authentication scheme"}]}

        '
  recorded_at: Wed, 09 Oct 2024 14:03:15 GMT
- request:
    method: delete
    uri: https://api.cloudflare.com/client/v4/zones/7ed83734c471bd155e2fe23234c5c936/dns_records/d29ed0f6cd5b6494e8595f26fb355fd1
    body:
      encoding: US-ASCII
      string: ''
    headers:
      Accept-Encoding:
      - gzip;q=1.0,deflate;q=0.6,identity;q=0.3
      Accept:
      - application/json
      User-Agent:
      - Ruby
      Content-Type:
      - application/json
      Authorization:
      - Bearer <CLOUDFLARE_API_TOKEN>
  response:
    status:
      code: 200
      message: OK
    headers:
      Date:
      - Wed, 09 Oct 2024 14:07:17 GMT
      Content-Type:
      - application/json
      Transfer-Encoding:
      - chunked
      Connection:
      - keep-alive
      Cf-Ray:
      - 8cfeefa679b4a241-YYZ
      Cf-Cache-Status:
      - DYNAMIC
      Set-Cookie:
      - __cf_bm=_U_0h7nSLLyWrootu5bldJ0.B15etJGnYnP15SHCXdM-1728482837-1.0.1.1-bFWqj6s89MY32HU8SvyNHdViqNiYN__nnFft6FQjw1bCagsNBDrSSil2i2NibErcmyV3vA.N_3F2VOOHo6HvhQ;
        path=/; expires=Wed, 09-Oct-24 14:37:17 GMT; domain=.api.cloudflare.com; HttpOnly;
        Secure; SameSite=None
      - __cflb=0H28vgHxwvgAQtjUGUFqYFDiSDreGJnUtrQbipursy7; SameSite=Lax; path=/;
        expires=Wed, 09-Oct-24 16:37:18 GMT; HttpOnly
      - __cfruid=a63faa604a56bae5627c28118743d44a2125b7d9-1728482837; path=/; domain=.api.cloudflare.com;
        HttpOnly; Secure; SameSite=None
      Vary:
      - Accept-Encoding
      Cf-Auditlog-Id:
      - '0192719b-0417-7cd6-a0cd-a785ed105852'
      Server:
      - cloudflare
      X-Ratelimit-Period:
      - 0
    body:
      encoding: ASCII-8BIT
      string: '{"result":{"id":"d29ed0f6cd5b6494e8595f26fb355fd1"},"success":true,"errors":[],"messages":[]}'
  recorded_at: Wed, 09 Oct 2024 14:07:17 GMT
- request:
    method: delete
    uri: https://api.cloudflare.com/client/v4/zones/7ed83734c471bd155e2fe23234c5c936/dns_records/6a1a86e5010bf028699377dd74d87109
    body:
      encoding: US-ASCII
      string: ''
    headers:
      Accept-Encoding:
      - gzip;q=1.0,deflate;q=0.6,identity;q=0.3
      Accept:
      - application/json
      User-Agent:
      - Ruby
      Content-Type:
      - application/json
      Authorization:
      - Bearer <CLOUDFLARE_API_TOKEN>
  response:
    status:
      code: 200
      message: OK
    headers:
      Date:
      - Tue, 15 Oct 2024 15:23:56 GMT
      Content-Type:
      - application/json
      Transfer-Encoding:
      - chunked
      Connection:
      - keep-alive
      Cf-Ray:
      - 8d30d0302aae38e4-YYZ
      Cf-Cache-Status:
      - DYNAMIC
      Set-Cookie:
      - __cf_bm=GUlWqRXGGw4crs3DPw1sdEnYvYBU4PQoWcyy3T0H_zE-1729005836-1.0.1.1-yVY2w1Lnjb0Gp5ogzVrBCIxvXgh3vSprxGmXezX7bp_2MXnNdto3d9OOYP6kmtkRyts1Z.7L5HK7xJ8IPsjAtg;
        path=/; expires=Tue, 15-Oct-24 15:53:56 GMT; domain=.api.cloudflare.com; HttpOnly;
        Secure; SameSite=None
      - __cflb=0H28vgHxwvgAQtjUGUFqYFDiSDreGJnUsLiqj6JdyvM; SameSite=Lax; path=/;
        expires=Tue, 15-Oct-24 17:53:57 GMT; HttpOnly
      - __cfruid=ebda3cb609b9b1f8066f90736523895894056b53-1729005836; path=/; domain=.api.cloudflare.com;
        HttpOnly; Secure; SameSite=None
      Vary:
      - Accept-Encoding
      Cf-Auditlog-Id:
      - '019290c7-5a27-74e4-b38e-48a0f9c6a9bf'
      Server:
      - cloudflare
      X-Ratelimit-Period:
      - 0
    body:
      encoding: ASCII-8BIT
      string: '{"result":{"id":"6a1a86e5010bf028699377dd74d87109"},"success":true,"errors":[],"messages":[]}'
  recorded_at: Tue, 15 Oct 2024 15:23:56 GMT
- request:
    method: delete
    uri: https://api.cloudflare.com/client/v4/zones/7ed83734c471bd155e2fe23234c5c936/dns_records/298b489562f8c2466a7bf3dcde241246
    body:
      encoding: US-ASCII
      string: ''
    headers:
      Accept-Encoding:
      - gzip;q=1.0,deflate;q=0.6,identity;q=0.3
      Accept:
      - application/json
      User-Agent:
      - Ruby
      Content-Type:
      - application/json
      Authorization:
      - Bearer <CLOUDFLARE_API_TOKEN>
  response:
    status:
      code: 200
      message: OK
    headers:
      Date:
      - Tue, 15 Oct 2024 15:26:32 GMT
      Content-Type:
      - application/json
      Transfer-Encoding:
      - chunked
      Connection:
      - keep-alive
      Cf-Ray:
      - 8d30d3f928e338e4-YYZ
      Cf-Cache-Status:
      - DYNAMIC
      Set-Cookie:
      - __cf_bm=HMG0jWlUJJ8PU.keDUufLW0.B4DqQI9F2Ck8DkRSYzI-1729005992-1.0.1.1-ts4xE1l1OMrS0GyADpNAeFn7N0gATDlT1WkVnW_fnTvyQSWwCNtha0d2h3yFjho53LAB9eJ7LAVeAPlMNyXRpg;
        path=/; expires=Tue, 15-Oct-24 15:56:32 GMT; domain=.api.cloudflare.com; HttpOnly;
        Secure; SameSite=None
      - __cflb=0H28vgHxwvgAQtjUGUFqYFDiSDreGJnUwrhCaktnKJD; SameSite=Lax; path=/;
        expires=Tue, 15-Oct-24 17:56:33 GMT; HttpOnly
      - __cfruid=9c2542c380ab1b62ef5c2a28576688ee65a00eb8-1729005992; path=/; domain=.api.cloudflare.com;
        HttpOnly; Secure; SameSite=None
      Vary:
      - Accept-Encoding
      Cf-Auditlog-Id:
      - '019290c9-b7c4-71fb-a913-e64753df46bc'
      Server:
      - cloudflare
      X-Ratelimit-Period:
      - 0
    body:
      encoding: ASCII-8BIT
      string: '{"result":{"id":"298b489562f8c2466a7bf3dcde241246"},"success":true,"errors":[],"messages":[]}'
  recorded_at: Tue, 15 Oct 2024 15:26:31 GMT
- request:
    method: delete
    uri: https://api.cloudflare.com/client/v4/zones/7ed83734c471bd155e2fe23234c5c936/dns_records/df337e3ae1ff906d63fb0423acddae88
    body:
      encoding: US-ASCII
      string: ''
    headers:
      Accept-Encoding:
      - gzip;q=1.0,deflate;q=0.6,identity;q=0.3
      Accept:
      - application/json
      User-Agent:
      - Ruby
      Content-Type:
      - application/json
      Authorization:
      - Bearer <CLOUDFLARE_API_TOKEN>
  response:
    status:
      code: 200
      message: OK
    headers:
      Date:
      - Tue, 15 Oct 2024 15:34:07 GMT
      Content-Type:
      - application/json
      Transfer-Encoding:
      - chunked
      Connection:
      - keep-alive
      Cf-Ray:
      - 8d30df1a6eb638e4-YYZ
      Cf-Cache-Status:
      - DYNAMIC
      Set-Cookie:
      - __cf_bm=a1o7FZKJ._oT9sAwlTZ._RTgQcaXBcB0IRQm3dTRKpg-1729006447-1.0.1.1-SiR4FKTMumPZuo0HrCCGuP7SaBsczzhSWQF6FFJ5QvzeGFKrkuaGpIQWqPTMr.nP535duSGfA6EpqbNWxktHKg;
        path=/; expires=Tue, 15-Oct-24 16:04:07 GMT; domain=.api.cloudflare.com; HttpOnly;
        Secure; SameSite=None
      - __cflb=0H28vgHxwvgAQtjUGUFqYFDiSDreGJnUnVaKj2xTvvq; SameSite=Lax; path=/;
        expires=Tue, 15-Oct-24 18:04:08 GMT; HttpOnly
      - __cfruid=042bd8af4fb4223eb99fb8d6d39364dcb27edec7-1729006447; path=/; domain=.api.cloudflare.com;
        HttpOnly; Secure; SameSite=None
      Vary:
      - Accept-Encoding
      Cf-Auditlog-Id:
      - '019290d0-ac8d-745c-b1df-78bf519153ca'
      Server:
      - cloudflare
      X-Ratelimit-Period:
      - 0
    body:
      encoding: ASCII-8BIT
      string: '{"result":{"id":"df337e3ae1ff906d63fb0423acddae88"},"success":true,"errors":[],"messages":[]}'
  recorded_at: Tue, 15 Oct 2024 15:34:07 GMT
- request:
    method: delete
    uri: https://api.cloudflare.com/client/v4/zones/7ed83734c471bd155e2fe23234c5c936/dns_records/52f624dc82ef88d92ca30bdc5305ea1c
    body:
      encoding: US-ASCII
      string: ''
    headers:
      Accept-Encoding:
      - gzip;q=1.0,deflate;q=0.6,identity;q=0.3
      Accept:
      - application/json
      User-Agent:
      - Ruby
      Content-Type:
      - application/json
      Authorization:
      - Bearer <CLOUDFLARE_API_TOKEN>
  response:
    status:
      code: 200
      message: OK
    headers:
      Date:
      - Tue, 15 Oct 2024 15:35:14 GMT
      Content-Type:
      - application/json
      Transfer-Encoding:
      - chunked
      Connection:
      - keep-alive
      Cf-Ray:
      - 8d30e0b7ce2638e4-YYZ
      Cf-Cache-Status:
      - DYNAMIC
      Set-Cookie:
      - __cf_bm=CtqC4SWYLN2P710QFUGauNyzkOYn86lnuPrsS.QIEmk-1729006514-1.0.1.1-47h9OWFdBF6zQyIRYxj.0syyZI_4hET_l8QFas.j5s2Rw.vTXAUDMRhw_om4OCRNgB5uIH5bET00j1UL8ohX9A;
        path=/; expires=Tue, 15-Oct-24 16:05:14 GMT; domain=.api.cloudflare.com; HttpOnly;
        Secure; SameSite=None
      - __cflb=0H28vgHxwvgAQtjUGUFqYFDiSDreGJnUyXrieK124ay; SameSite=Lax; path=/;
        expires=Tue, 15-Oct-24 18:05:15 GMT; HttpOnly
      - __cfruid=86dd981fec3d8c4c34d683af8e63173e9e7716c2-1729006514; path=/; domain=.api.cloudflare.com;
        HttpOnly; Secure; SameSite=None
      Vary:
      - Accept-Encoding
      Cf-Auditlog-Id:
      - '019290d1-aef3-7a88-9618-29ee3a15df2d'
      Server:
      - cloudflare
      X-Ratelimit-Period:
      - 0
    body:
      encoding: ASCII-8BIT
      string: '{"result":{"id":"52f624dc82ef88d92ca30bdc5305ea1c"},"success":true,"errors":[],"messages":[]}'
  recorded_at: Tue, 15 Oct 2024 15:35:13 GMT
- request:
    method: delete
    uri: https://api.cloudflare.com/client/v4/zones/7ed83734c471bd155e2fe23234c5c936/dns_records/5dcff7f5e0e93ad76eb4cb51c8d5551d
    body:
      encoding: US-ASCII
      string: ''
    headers:
      Accept-Encoding:
      - gzip;q=1.0,deflate;q=0.6,identity;q=0.3
      Accept:
      - application/json
      User-Agent:
      - Ruby
      Content-Type:
      - application/json
      Authorization:
      - Bearer <CLOUDFLARE_API_TOKEN>
  response:
    status:
      code: 200
      message: OK
    headers:
      Date:
      - Tue, 15 Oct 2024 15:36:47 GMT
      Content-Type:
      - application/json
      Transfer-Encoding:
      - chunked
      Connection:
      - keep-alive
      Cf-Ray:
      - 8d30e302fec438e4-YYZ
      Cf-Cache-Status:
      - DYNAMIC
      Set-Cookie:
      - __cf_bm=0qENgHDPXcrah9hem.NMURQ6O5nut3u.613bZT6Pc98-1729006607-1.0.1.1-rjYBzFW9ccZJsd6nWNLfxC84qHDGhPGru2CbNiT5ZphahMkOMm_CYMZgqMI64NHgt_Thjgdh_5gKh05o4CcnnQ;
        path=/; expires=Tue, 15-Oct-24 16:06:47 GMT; domain=.api.cloudflare.com; HttpOnly;
        Secure; SameSite=None
      - __cflb=0H28vgHxwvgAQtjUGUFqYFDiSDreGJnUsr43eje5JeH; SameSite=Lax; path=/;
        expires=Tue, 15-Oct-24 18:06:48 GMT; HttpOnly
      - __cfruid=56226f7fcfdd930ad863987e942e399720064a1b-1729006607; path=/; domain=.api.cloudflare.com;
        HttpOnly; Secure; SameSite=None
      Vary:
      - Accept-Encoding
      Cf-Auditlog-Id:
      - '019290d3-1de9-7724-8451-6eecf45c7d73'
      Server:
      - cloudflare
      X-Ratelimit-Period:
      - 0
    body:
      encoding: ASCII-8BIT
      string: '{"result":{"id":"5dcff7f5e0e93ad76eb4cb51c8d5551d"},"success":true,"errors":[],"messages":[]}'
  recorded_at: Tue, 15 Oct 2024 15:36:47 GMT
- request:
    method: post
    uri: https://api.cloudflare.com/client/v4/zones/7ed83734c471bd155e2fe23234c5c936/dns_records
    body:
      encoding: UTF-8
      string: '{"name":"multi.record-store-dns-tests.shopitest.com.","ttl":600,"type":"A","content":"192.0.2.1"}'
    headers:
      Accept-Encoding:
      - gzip;q=1.0,deflate;q=0.6,identity;q=0.3
      Accept:
      - application/json
      User-Agent:
      - Ruby
      Content-Type:
      - application/json
      Authorization:
      - Bearer <CLOUDFLARE_API_TOKEN>
  response:
    status:
      code: 400
      message: Bad Request
    headers:
      Date:
      - Tue, 15 Oct 2024 15:58:30 GMT
      Content-Type:
      - application/json
      Transfer-Encoding:
      - chunked
      Connection:
      - keep-alive
      Cf-Ray:
      - 8d3102cf9cbf38e4-YYZ
      Cf-Cache-Status:
      - DYNAMIC
      Set-Cookie:
      - __cf_bm=4lBUVIgs2b_I1E5sG1enV_V7gLQnovEhTdk4MR7oSKg-1729007910-1.0.1.1-OYkdHweSexevqNJFWOZ8.iv85O2n5UMrauqD57nkJ63cmSY93eoHZFI2jlvhHwhzqqyVoQuCwByY85wz3bCAqA;
        path=/; expires=Tue, 15-Oct-24 16:28:30 GMT; domain=.api.cloudflare.com; HttpOnly;
        Secure; SameSite=None
      - __cflb=0H28vgHxwvgAQtjUGUFqYFDiSDreGJnUwhZVn1GgTL9; SameSite=Lax; path=/;
        expires=Tue, 15-Oct-24 18:28:31 GMT; HttpOnly
      - __cfruid=32890c83da85bc84c2a51487221bd9a67234ccea-1729007910; path=/; domain=.api.cloudflare.com;
        HttpOnly; Secure; SameSite=None
      Vary:
      - Accept-Encoding
      Cf-Auditlog-Id:
      - '019290e6-fdc6-73f1-b0d7-988e9627c900'
      Server:
      - cloudflare
      X-Ratelimit-Period:
      - 0
    body:
      encoding: ASCII-8BIT
      string: '{"result":null,"success":false,"errors":[{"code":81058,"message":"A
        record with the same settings already exists."}],"messages":[]}'
  recorded_at: Tue, 15 Oct 2024 15:58:30 GMT
- request:
    method: post
    uri: https://api.cloudflare.com/client/v4/zones/7ed83734c471bd155e2fe23234c5c936/dns_records
    body:
      encoding: UTF-8
      string: '{"name":"multi.record-store-dns-tests.shopitest.com.","ttl":600,"type":"A","content":"192.0.2.2"}'
    headers:
      Accept-Encoding:
      - gzip;q=1.0,deflate;q=0.6,identity;q=0.3
      Accept:
      - application/json
      User-Agent:
      - Ruby
      Content-Type:
      - application/json
      Authorization:
      - Bearer <CLOUDFLARE_API_TOKEN>
  response:
    status:
      code: 200
      message: OK
    headers:
      Date:
      - Tue, 15 Oct 2024 15:58:31 GMT
      Content-Type:
      - application/json
      Transfer-Encoding:
      - chunked
      Connection:
      - keep-alive
      Cf-Ray:
      - 8d3102d3488d38e4-YYZ
      Cf-Cache-Status:
      - DYNAMIC
      Set-Cookie:
      - __cf_bm=Tc1xoBMzJBMNV49jAGQ3bZOsc7Sh7TP1kwUw7IKwt.k-1729007911-1.0.1.1-DQ4wX330KLPLXJ3i9_GWnILOCfjUWRCw.AtDUWvcICWzOBlSVx_yZzh_Kyo9gS_wpx8Jjb2TMqv8eMNC5zufng;
        path=/; expires=Tue, 15-Oct-24 16:28:31 GMT; domain=.api.cloudflare.com; HttpOnly;
        Secure; SameSite=None
      - __cflb=0H28vgHxwvgAQtjUGUFqYFDiSDreGJnUwhZVn1GgTL9; SameSite=Lax; path=/;
        expires=Tue, 15-Oct-24 18:28:32 GMT; HttpOnly
      - __cfruid=c491c1699bdb7f43d97d821daeb7aefa46b85866-1729007911; path=/; domain=.api.cloudflare.com;
        HttpOnly; Secure; SameSite=None
      Vary:
      - Accept-Encoding
      Cf-Auditlog-Id:
      - '019290e7-0019-7061-a80c-e1acb306b0b3'
      Server:
      - cloudflare
      X-Ratelimit-Period:
      - 0
    body:
      encoding: ASCII-8BIT
      string: '{"result":{"id":"b83d47bcec667beebb648f8128a793fd","zone_id":"7ed83734c471bd155e2fe23234c5c936","zone_name":"record-store-dns-tests.shopitest.com","name":"multi.record-store-dns-tests.shopitest.com","type":"A","content":"192.0.2.2","proxiable":true,"proxied":false,"ttl":600,"settings":{},"meta":{"auto_added":false,"managed_by_apps":false,"managed_by_argo_tunnel":false},"comment":null,"tags":[],"created_on":"2024-10-15T15:58:31.053736Z","modified_on":"2024-10-15T15:58:31.053736Z"},"success":true,"errors":[],"messages":[]}'
  recorded_at: Tue, 15 Oct 2024 15:58:31 GMT
- request:
    method: delete
    uri: https://api.cloudflare.com/client/v4/zones/7ed83734c471bd155e2fe23234c5c936/dns_records/b83d47bcec667beebb648f8128a793fd
    body:
      encoding: US-ASCII
      string: ''
    headers:
      Accept-Encoding:
      - gzip;q=1.0,deflate;q=0.6,identity;q=0.3
      Accept:
      - application/json
      User-Agent:
      - Ruby
      Content-Type:
      - application/json
      Authorization:
      - Bearer <CLOUDFLARE_API_TOKEN>
  response:
    status:
      code: 200
      message: OK
    headers:
      Date:
      - Tue, 15 Oct 2024 15:58:32 GMT
      Content-Type:
      - application/json
      Transfer-Encoding:
      - chunked
      Connection:
      - keep-alive
      Cf-Ray:
      - 8d3102da384a38e4-YYZ
      Cf-Cache-Status:
      - DYNAMIC
      Set-Cookie:
      - __cf_bm=u70I5pqnCbLgfnXXbm_vuq5NhnCIOpduIhlxUwgoqos-1729007912-1.0.1.1-97L0aByqtkYKgdoC1vTONmMJF_1WG2dXS8Suw9dz28u7kfur2.4hy5hkd3EhPsIJJ5MY9199QilNF6gR2NCzyg;
        path=/; expires=Tue, 15-Oct-24 16:28:32 GMT; domain=.api.cloudflare.com; HttpOnly;
        Secure; SameSite=None
      - __cflb=0H28vgHxwvgAQtjUGUFqYFDiSDreGJnUx2xqocuffsB; SameSite=Lax; path=/;
        expires=Tue, 15-Oct-24 18:28:33 GMT; HttpOnly
      - __cfruid=5d2974de07def3405f10bd0ce1e06b6a22001072-1729007912; path=/; domain=.api.cloudflare.com;
        HttpOnly; Secure; SameSite=None
      Vary:
      - Accept-Encoding
      Cf-Auditlog-Id:
      - '019290e7-046e-76e1-bea7-26b36c9a10e5'
      Server:
      - cloudflare
      X-Ratelimit-Period:
      - 0
    body:
      encoding: ASCII-8BIT
      string: '{"result":{"id":"b83d47bcec667beebb648f8128a793fd"},"success":true,"errors":[],"messages":[]}'
  recorded_at: Tue, 15 Oct 2024 15:58:32 GMT
- request:
    method: get
    uri: https://api.cloudflare.com/client/v4/zones
    body:
      encoding: US-ASCII
      string: ''
    headers:
      Accept-Encoding:
      - gzip;q=1.0,deflate;q=0.6,identity;q=0.3
      Accept:
      - application/json
      User-Agent:
      - Ruby
      Content-Type:
      - application/json
      Authorization:
      - Bearer <CLOUDFLARE_API_TOKEN>
  response:
    status:
      code: 200
      message: OK
    headers:
      Date:
      - Thu, 17 Oct 2024 16:20:50 GMT
      Content-Type:
      - application/json
      Transfer-Encoding:
      - chunked
      Connection:
      - keep-alive
      Cf-Ray:
      - 8d419e472e2aaae6-YYZ
      Cf-Cache-Status:
      - DYNAMIC
      Cache-Control:
      - no-store, no-cache, must-revalidate, post-check=0, pre-check=0
      Expires:
      - Sun, 25 Jan 1981 05:00:00 GMT
      Set-Cookie:
      - __cf_bm=thKVKz6SLb9lc.4cvgdY4P5hyf.sl9cHLkjhQtg.c8A-1729182050-1.0.1.1-ujQY0VllGyUPb18iUCHeYvAhVcO2kaTua_n5WMxMS8mdfEFJZjSVgAKfQUXl731gWo7Eah5GulBMFakScc5Y.w;
        path=/; expires=Thu, 17-Oct-24 16:50:50 GMT; domain=.api.cloudflare.com; HttpOnly;
        Secure; SameSite=None
      - __cflb=0H28vgHxwvgAQtjUGUFqYFDiSDreGJnUkJ6YiuxASjf; SameSite=Lax; path=/;
        expires=Thu, 17-Oct-24 18:50:51 GMT; HttpOnly
      - __cfruid=c08f5478689cb90cd0fb1b705f2e8125651d82a5-1729182050; path=/; domain=.api.cloudflare.com;
        HttpOnly; Secure; SameSite=None
      Strict-Transport-Security:
      - max-age=31536000
      Pragma:
      - no-cache
      Cf-Auditlog-Id:
      - '01929b48-2882-7ec3-b673-67c22de03e27'
      X-Content-Type-Options:
      - nosniff
      X-Frame-Options:
      - SAMEORIGIN
      Vary:
      - Accept-Encoding
      Server:
      - cloudflare
      X-Ratelimit-Period:
      - 0
    body:
      encoding: ASCII-8BIT
      string: '{"result":[{"id":"c2777ebe2e47b52ad23fc163e086200b","name":"aaliam_test.shopitest.com","status":"active","paused":false,"type":"full","development_mode":0,"name_servers":["cory.ns.cloudflare.com","nora.ns.cloudflare.com"],"original_name_servers":["dns1.p06.nsone.net","dns2.p06.nsone.net","dns3.p06.nsone.net","dns4.p06.nsone.net","ns1.dnsimple.com","ns2.dnsimple.com","ns3.dnsimple.com","ns4.dnsimple.com"],"original_registrar":"markmonitor
        inc. (id: 292)","original_dnshost":null,"modified_on":"2024-10-10T02:19:22.929713Z","created_on":"2024-10-08T17:37:55.390740Z","activated_on":"2024-10-08T18:29:40.926483Z","vanity_name_servers":[],"vanity_name_servers_ips":null,"meta":{"step":4,"custom_certificate_quota":1,"page_rule_quota":100,"phishing_detected":false},"owner":{"id":"8378b3b7c26e4b6205f5b0d0c8c4f063","type":"organization","name":"Shopify
        Playground"},"account":{"id":"8378b3b7c26e4b6205f5b0d0c8c4f063","name":"Shopify
        Playground"},"tenant":{"id":null,"name":null},"tenant_unit":{"id":null},"permissions":["#dns_records:edit","#dns_records:read","#zone:read"],"plan":{"id":"94f3b7b768b0458b56d2cac4fe5ec0f9","name":"Enterprise
        Website","price":0,"currency":"USD","frequency":"","is_subscribed":true,"can_subscribe":true,"legacy_id":"enterprise","legacy_discount":false,"externally_managed":true}},{"id":"ddc84d78b64e3e18bc53591abe8c5fe5","name":"chopify.app","status":"active","paused":false,"type":"partial","development_mode":-95510126,"verification_key":"963442547-421852129","cname_suffix":"cdn.cloudflare.net","original_name_servers":["ns1.markmonitor.com","ns2.markmonitor.com","ns3.markmonitor.com","ns4.markmonitor.com"],"original_registrar":"markmonitor
        inc. (id: 292)","original_dnshost":null,"modified_on":"2024-10-01T19:28:08.437065Z","created_on":"2021-04-16T16:27:00.175539Z","activated_on":"2021-04-16T16:31:23.579534Z","meta":{"step":2,"custom_certificate_quota":1,"page_rule_quota":100,"phishing_detected":false},"owner":{"id":"8378b3b7c26e4b6205f5b0d0c8c4f063","type":"organization","name":"Shopify
        Playground"},"account":{"id":"8378b3b7c26e4b6205f5b0d0c8c4f063","name":"Shopify
        Playground"},"tenant":{"id":null,"name":null},"tenant_unit":{"id":null},"permissions":["#dns_records:edit","#dns_records:read","#zone:read"],"plan":{"id":"94f3b7b768b0458b56d2cac4fe5ec0f9","name":"Enterprise
        Website","price":0,"currency":"USD","frequency":"","is_subscribed":true,"can_subscribe":true,"legacy_id":"enterprise","legacy_discount":false,"externally_managed":true}},{"id":"0b70d4909fffd5d96a58b69ddd80041a","name":"chopifycdn.com","status":"active","paused":false,"type":"full","development_mode":0,"name_servers":["cory.ns.cloudflare.com","nora.ns.cloudflare.com"],"original_name_servers":null,"original_registrar":"markmonitor
        inc. (id: 292)","original_dnshost":null,"modified_on":"2024-08-20T15:54:28.806071Z","created_on":"2024-02-16T19:02:20.663788Z","activated_on":"2024-02-16T19:03:29.013184Z","vanity_name_servers":[],"vanity_name_servers_ips":null,"meta":{"step":2,"custom_certificate_quota":1,"page_rule_quota":100,"phishing_detected":false},"owner":{"id":"8378b3b7c26e4b6205f5b0d0c8c4f063","type":"organization","name":"Shopify
        Playground"},"account":{"id":"8378b3b7c26e4b6205f5b0d0c8c4f063","name":"Shopify
        Playground"},"tenant":{"id":null,"name":null},"tenant_unit":{"id":null},"permissions":["#dns_records:edit","#dns_records:read","#zone:read"],"plan":{"id":"94f3b7b768b0458b56d2cac4fe5ec0f9","name":"Enterprise
        Website","price":0,"currency":"USD","frequency":"","is_subscribed":true,"can_subscribe":true,"legacy_id":"enterprise","legacy_discount":false,"externally_managed":true}},{"id":"2418cfe449965306a5fed516634402b6","name":"cloudflarerules.shopitest.com","status":"active","paused":false,"type":"full","development_mode":0,"name_servers":["cory.ns.cloudflare.com","nora.ns.cloudflare.com"],"original_name_servers":["dns1.p06.nsone.net","dns2.p06.nsone.net","dns3.p06.nsone.net","dns4.p06.nsone.net","ns1.dnsimple.com","ns2.dnsimple.com","ns3.dnsimple.com","ns4.dnsimple.com"],"original_registrar":"markmonitor
        inc. (id: 292)","original_dnshost":null,"modified_on":"2024-08-20T16:58:58.544682Z","created_on":"2024-01-14T19:33:33.278245Z","activated_on":"2024-01-15T18:56:54.326446Z","vanity_name_servers":[],"vanity_name_servers_ips":null,"meta":{"step":2,"custom_certificate_quota":1,"page_rule_quota":100,"phishing_detected":false},"owner":{"id":"8378b3b7c26e4b6205f5b0d0c8c4f063","type":"organization","name":"Shopify
        Playground"},"account":{"id":"8378b3b7c26e4b6205f5b0d0c8c4f063","name":"Shopify
        Playground"},"tenant":{"id":null,"name":null},"tenant_unit":{"id":null},"permissions":["#dns_records:edit","#dns_records:read","#zone:read"],"plan":{"id":"94f3b7b768b0458b56d2cac4fe5ec0f9","name":"Enterprise
        Website","price":0,"currency":"USD","frequency":"","is_subscribed":true,"can_subscribe":true,"legacy_id":"enterprise","legacy_discount":false,"externally_managed":true}},{"id":"d784b5e63d9a657cc18e13ab92be75e1","name":"matt-metzger.shopitest.com","status":"active","paused":false,"type":"full","development_mode":-7499750,"name_servers":["cory.ns.cloudflare.com","nora.ns.cloudflare.com"],"original_name_servers":["dns1.p06.nsone.net","dns2.p06.nsone.net","dns3.p06.nsone.net","dns4.p06.nsone.net","ns1.dnsimple.com","ns2.dnsimple.com","ns3.dnsimple.com","ns4.dnsimple.com"],"original_registrar":"markmonitor
        inc. (id: 292)","original_dnshost":null,"modified_on":"2024-08-20T16:02:42.970212Z","created_on":"2024-07-08T17:23:32.708443Z","activated_on":"2024-07-08T17:49:44.693606Z","vanity_name_servers":[],"vanity_name_servers_ips":null,"meta":{"step":2,"custom_certificate_quota":1,"page_rule_quota":100,"phishing_detected":false},"owner":{"id":"8378b3b7c26e4b6205f5b0d0c8c4f063","type":"organization","name":"Shopify
        Playground"},"account":{"id":"8378b3b7c26e4b6205f5b0d0c8c4f063","name":"Shopify
        Playground"},"tenant":{"id":null,"name":null},"tenant_unit":{"id":null},"permissions":["#dns_records:edit","#dns_records:read","#zone:read"],"plan":{"id":"94f3b7b768b0458b56d2cac4fe5ec0f9","name":"Enterprise
        Website","price":0,"currency":"USD","frequency":"","is_subscribed":true,"can_subscribe":true,"legacy_id":"enterprise","legacy_discount":false,"externally_managed":true}},{"id":"94c68d31ae14ff097b47f536bd9144c4","name":"production.shopitest.com","status":"active","paused":false,"type":"full","development_mode":0,"name_servers":["cory.ns.cloudflare.com","nora.ns.cloudflare.com"],"original_name_servers":["dns1.p06.nsone.net","dns2.p06.nsone.net","dns3.p06.nsone.net","dns4.p06.nsone.net","ns1.dnsimple.com","ns2.dnsimple.com","ns3.dnsimple.com","ns4.dnsimple.com"],"original_registrar":"markmonitor
        inc. (id: 292)","original_dnshost":null,"modified_on":"2024-09-11T20:16:55.669928Z","created_on":"2023-08-24T19:47:26.027094Z","activated_on":"2023-08-24T20:18:34.979036Z","vanity_name_servers":[],"vanity_name_servers_ips":null,"meta":{"step":2,"custom_certificate_quota":1,"page_rule_quota":100,"phishing_detected":false},"owner":{"id":"8378b3b7c26e4b6205f5b0d0c8c4f063","type":"organization","name":"Shopify
        Playground"},"account":{"id":"8378b3b7c26e4b6205f5b0d0c8c4f063","name":"Shopify
        Playground"},"tenant":{"id":null,"name":null},"tenant_unit":{"id":null},"permissions":["#dns_records:edit","#dns_records:read","#zone:read"],"plan":{"id":"94f3b7b768b0458b56d2cac4fe5ec0f9","name":"Enterprise
        Website","price":0,"currency":"USD","frequency":"","is_subscribed":true,"can_subscribe":true,"legacy_id":"enterprise","legacy_discount":false,"externally_managed":true}},{"id":"7ed83734c471bd155e2fe23234c5c936","name":"record-store-dns-tests.shopitest.com","status":"pending","paused":false,"type":"full","development_mode":0,"name_servers":["cory.ns.cloudflare.com","nora.ns.cloudflare.com"],"original_name_servers":["dns1.p06.nsone.net","dns2.p06.nsone.net","dns3.p06.nsone.net","dns4.p06.nsone.net","ns1.dnsimple.com","ns2.dnsimple.com","ns3.dnsimple.com","ns4.dnsimple.com"],"original_registrar":"markmonitor
        inc. (id: 292)","original_dnshost":null,"modified_on":"2024-09-19T15:28:23.108643Z","created_on":"2024-09-19T15:28:12.917187Z","activated_on":null,"vanity_name_servers":[],"vanity_name_servers_ips":null,"meta":{"step":2,"custom_certificate_quota":1,"page_rule_quota":100,"phishing_detected":false},"owner":{"id":"8378b3b7c26e4b6205f5b0d0c8c4f063","type":"organization","name":"Shopify
        Playground"},"account":{"id":"8378b3b7c26e4b6205f5b0d0c8c4f063","name":"Shopify
        Playground"},"tenant":{"id":null,"name":null},"tenant_unit":{"id":null},"permissions":["#dns_records:edit","#dns_records:read","#zone:read"],"plan":{"id":"94f3b7b768b0458b56d2cac4fe5ec0f9","name":"Enterprise
        Website","price":0,"currency":"USD","frequency":"","is_subscribed":true,"can_subscribe":true,"legacy_id":"enterprise","legacy_discount":false,"externally_managed":true}},{"id":"275f58b23ae2db285e82a019923547ea","name":"staging.shopitest.com","status":"active","paused":false,"type":"full","development_mode":-33163892,"name_servers":["cory.ns.cloudflare.com","nora.ns.cloudflare.com"],"original_name_servers":["dns1.p06.nsone.net","dns2.p06.nsone.net","dns3.p06.nsone.net","dns4.p06.nsone.net","ns1.dnsimple.com","ns2.dnsimple.com","ns3.dnsimple.com","ns4.dnsimple.com"],"original_registrar":"markmonitor
        inc. (id: 292)","original_dnshost":null,"modified_on":"2024-10-01T19:28:04.207870Z","created_on":"2023-08-24T19:47:56.839647Z","activated_on":"2023-08-24T20:19:02.990798Z","vanity_name_servers":[],"vanity_name_servers_ips":null,"meta":{"step":2,"custom_certificate_quota":1,"page_rule_quota":100,"phishing_detected":false},"owner":{"id":"8378b3b7c26e4b6205f5b0d0c8c4f063","type":"organization","name":"Shopify
        Playground"},"account":{"id":"8378b3b7c26e4b6205f5b0d0c8c4f063","name":"Shopify
        Playground"},"tenant":{"id":null,"name":null},"tenant_unit":{"id":null},"permissions":["#dns_records:edit","#dns_records:read","#zone:read"],"plan":{"id":"94f3b7b768b0458b56d2cac4fe5ec0f9","name":"Enterprise
        Website","price":0,"currency":"USD","frequency":"","is_subscribed":true,"can_subscribe":true,"legacy_id":"enterprise","legacy_discount":false,"externally_managed":true}},{"id":"8e91b5276612ee2c63ebdca335add608","name":"tunnel.shopitest.com","status":"active","paused":false,"type":"full","development_mode":0,"name_servers":["cory.ns.cloudflare.com","nora.ns.cloudflare.com"],"original_name_servers":["dns1.p06.nsone.net","dns2.p06.nsone.net","dns3.p06.nsone.net","dns4.p06.nsone.net","ns1.dnsimple.com","ns2.dnsimple.com","ns3.dnsimple.com","ns4.dnsimple.com"],"original_registrar":"markmonitor
        inc. (id: 292)","original_dnshost":null,"modified_on":"2024-08-20T16:43:17.116649Z","created_on":"2024-03-25T16:28:05.401795Z","activated_on":"2024-03-25T16:49:26.377278Z","vanity_name_servers":[],"vanity_name_servers_ips":null,"meta":{"step":2,"custom_certificate_quota":1,"page_rule_quota":100,"phishing_detected":false},"owner":{"id":"8378b3b7c26e4b6205f5b0d0c8c4f063","type":"organization","name":"Shopify
        Playground"},"account":{"id":"8378b3b7c26e4b6205f5b0d0c8c4f063","name":"Shopify
        Playground"},"tenant":{"id":null,"name":null},"tenant_unit":{"id":null},"permissions":["#dns_records:edit","#dns_records:read","#zone:read"],"plan":{"id":"94f3b7b768b0458b56d2cac4fe5ec0f9","name":"Enterprise
        Website","price":0,"currency":"USD","frequency":"","is_subscribed":true,"can_subscribe":true,"legacy_id":"enterprise","legacy_discount":false,"externally_managed":true}}],"result_info":{"page":1,"per_page":20,"total_pages":1,"count":9,"total_count":9},"success":true,"errors":[],"messages":[]}'
  recorded_at: Thu, 17 Oct 2024 16:20:50 GMT
- request:
    method: get
    uri: https://api.cloudflare.com/client/v4/zones
    body:
      encoding: US-ASCII
      string: ''
    headers:
      Accept-Encoding:
      - gzip;q=1.0,deflate;q=0.6,identity;q=0.3
      Accept:
      - application/json
      User-Agent:
      - Ruby
      Content-Type:
      - application/json
      Authorization:
      - Bearer <CLOUDFLARE_API_TOKEN>
  response:
    status:
      code: 200
      message: OK
    headers:
      Date:
      - Thu, 17 Oct 2024 16:23:45 GMT
      Content-Type:
      - application/json
      Transfer-Encoding:
      - chunked
      Connection:
      - keep-alive
      Cf-Ray:
      - 8d41a28b6f81aae6-YYZ
      Cf-Cache-Status:
      - DYNAMIC
      Cache-Control:
      - no-store, no-cache, must-revalidate, post-check=0, pre-check=0
      Expires:
      - Sun, 25 Jan 1981 05:00:00 GMT
      Set-Cookie:
      - __cf_bm=QqZvsRIJPYiDsa_1bgaqvneZAy7z4KLziD27uvVwOOc-1729182225-1.0.1.1-3dA9vjHaTVwfCQzmQHi_URAtqvVjZniaa_w_B8nKcfSu51oYqn1XXth8a03zfIq5kgKdcWKpINS.9cJEnwuy9Q;
        path=/; expires=Thu, 17-Oct-24 16:53:45 GMT; domain=.api.cloudflare.com; HttpOnly;
        Secure; SameSite=None
      - __cflb=0H28vgHxwvgAQtjUGUFqYFDiSDreGJnUtA6MrivAwTs; SameSite=Lax; path=/;
        expires=Thu, 17-Oct-24 18:53:46 GMT; HttpOnly
      - __cfruid=c3d03e06a1fb71dc821da7a460551eb45d1a8357-1729182225; path=/; domain=.api.cloudflare.com;
        HttpOnly; Secure; SameSite=None
      Strict-Transport-Security:
      - max-age=31536000
      Pragma:
      - no-cache
      Cf-Auditlog-Id:
      - '01929b4a-d32c-715e-8d07-1861312b043e'
      X-Content-Type-Options:
      - nosniff
      X-Frame-Options:
      - SAMEORIGIN
      Vary:
      - Accept-Encoding
      Server:
      - cloudflare
    body:
      encoding: ASCII-8BIT
      string: '{"result":[{"id":"c2777ebe2e47b52ad23fc163e086200b","name":"aaliam_test.shopitest.com","status":"active","paused":false,"type":"full","development_mode":0,"name_servers":["cory.ns.cloudflare.com","nora.ns.cloudflare.com"],"original_name_servers":["dns1.p06.nsone.net","dns2.p06.nsone.net","dns3.p06.nsone.net","dns4.p06.nsone.net","ns1.dnsimple.com","ns2.dnsimple.com","ns3.dnsimple.com","ns4.dnsimple.com"],"original_registrar":"markmonitor
        inc. (id: 292)","original_dnshost":null,"modified_on":"2024-10-10T02:19:22.929713Z","created_on":"2024-10-08T17:37:55.390740Z","activated_on":"2024-10-08T18:29:40.926483Z","vanity_name_servers":[],"vanity_name_servers_ips":null,"meta":{"step":4,"custom_certificate_quota":1,"page_rule_quota":100,"phishing_detected":false},"owner":{"id":"8378b3b7c26e4b6205f5b0d0c8c4f063","type":"organization","name":"Shopify
        Playground"},"account":{"id":"8378b3b7c26e4b6205f5b0d0c8c4f063","name":"Shopify
        Playground"},"tenant":{"id":null,"name":null},"tenant_unit":{"id":null},"permissions":["#dns_records:edit","#dns_records:read","#zone:read"],"plan":{"id":"94f3b7b768b0458b56d2cac4fe5ec0f9","name":"Enterprise
        Website","price":0,"currency":"USD","frequency":"","is_subscribed":true,"can_subscribe":true,"legacy_id":"enterprise","legacy_discount":false,"externally_managed":true}},{"id":"ddc84d78b64e3e18bc53591abe8c5fe5","name":"chopify.app","status":"active","paused":false,"type":"partial","development_mode":-95510301,"verification_key":"963442547-421852129","cname_suffix":"cdn.cloudflare.net","original_name_servers":["ns1.markmonitor.com","ns2.markmonitor.com","ns3.markmonitor.com","ns4.markmonitor.com"],"original_registrar":"markmonitor
        inc. (id: 292)","original_dnshost":null,"modified_on":"2024-10-01T19:28:08.437065Z","created_on":"2021-04-16T16:27:00.175539Z","activated_on":"2021-04-16T16:31:23.579534Z","meta":{"step":2,"custom_certificate_quota":1,"page_rule_quota":100,"phishing_detected":false},"owner":{"id":"8378b3b7c26e4b6205f5b0d0c8c4f063","type":"organization","name":"Shopify
        Playground"},"account":{"id":"8378b3b7c26e4b6205f5b0d0c8c4f063","name":"Shopify
        Playground"},"tenant":{"id":null,"name":null},"tenant_unit":{"id":null},"permissions":["#dns_records:edit","#dns_records:read","#zone:read"],"plan":{"id":"94f3b7b768b0458b56d2cac4fe5ec0f9","name":"Enterprise
        Website","price":0,"currency":"USD","frequency":"","is_subscribed":true,"can_subscribe":true,"legacy_id":"enterprise","legacy_discount":false,"externally_managed":true}},{"id":"0b70d4909fffd5d96a58b69ddd80041a","name":"chopifycdn.com","status":"active","paused":false,"type":"full","development_mode":0,"name_servers":["cory.ns.cloudflare.com","nora.ns.cloudflare.com"],"original_name_servers":null,"original_registrar":"markmonitor
        inc. (id: 292)","original_dnshost":null,"modified_on":"2024-08-20T15:54:28.806071Z","created_on":"2024-02-16T19:02:20.663788Z","activated_on":"2024-02-16T19:03:29.013184Z","vanity_name_servers":[],"vanity_name_servers_ips":null,"meta":{"step":2,"custom_certificate_quota":1,"page_rule_quota":100,"phishing_detected":false},"owner":{"id":"8378b3b7c26e4b6205f5b0d0c8c4f063","type":"organization","name":"Shopify
        Playground"},"account":{"id":"8378b3b7c26e4b6205f5b0d0c8c4f063","name":"Shopify
        Playground"},"tenant":{"id":null,"name":null},"tenant_unit":{"id":null},"permissions":["#dns_records:edit","#dns_records:read","#zone:read"],"plan":{"id":"94f3b7b768b0458b56d2cac4fe5ec0f9","name":"Enterprise
        Website","price":0,"currency":"USD","frequency":"","is_subscribed":true,"can_subscribe":true,"legacy_id":"enterprise","legacy_discount":false,"externally_managed":true}},{"id":"2418cfe449965306a5fed516634402b6","name":"cloudflarerules.shopitest.com","status":"active","paused":false,"type":"full","development_mode":0,"name_servers":["cory.ns.cloudflare.com","nora.ns.cloudflare.com"],"original_name_servers":["dns1.p06.nsone.net","dns2.p06.nsone.net","dns3.p06.nsone.net","dns4.p06.nsone.net","ns1.dnsimple.com","ns2.dnsimple.com","ns3.dnsimple.com","ns4.dnsimple.com"],"original_registrar":"markmonitor
        inc. (id: 292)","original_dnshost":null,"modified_on":"2024-08-20T16:58:58.544682Z","created_on":"2024-01-14T19:33:33.278245Z","activated_on":"2024-01-15T18:56:54.326446Z","vanity_name_servers":[],"vanity_name_servers_ips":null,"meta":{"step":2,"custom_certificate_quota":1,"page_rule_quota":100,"phishing_detected":false},"owner":{"id":"8378b3b7c26e4b6205f5b0d0c8c4f063","type":"organization","name":"Shopify
        Playground"},"account":{"id":"8378b3b7c26e4b6205f5b0d0c8c4f063","name":"Shopify
        Playground"},"tenant":{"id":null,"name":null},"tenant_unit":{"id":null},"permissions":["#dns_records:edit","#dns_records:read","#zone:read"],"plan":{"id":"94f3b7b768b0458b56d2cac4fe5ec0f9","name":"Enterprise
        Website","price":0,"currency":"USD","frequency":"","is_subscribed":true,"can_subscribe":true,"legacy_id":"enterprise","legacy_discount":false,"externally_managed":true}},{"id":"d784b5e63d9a657cc18e13ab92be75e1","name":"matt-metzger.shopitest.com","status":"active","paused":false,"type":"full","development_mode":-7499925,"name_servers":["cory.ns.cloudflare.com","nora.ns.cloudflare.com"],"original_name_servers":["dns1.p06.nsone.net","dns2.p06.nsone.net","dns3.p06.nsone.net","dns4.p06.nsone.net","ns1.dnsimple.com","ns2.dnsimple.com","ns3.dnsimple.com","ns4.dnsimple.com"],"original_registrar":"markmonitor
        inc. (id: 292)","original_dnshost":null,"modified_on":"2024-08-20T16:02:42.970212Z","created_on":"2024-07-08T17:23:32.708443Z","activated_on":"2024-07-08T17:49:44.693606Z","vanity_name_servers":[],"vanity_name_servers_ips":null,"meta":{"step":2,"custom_certificate_quota":1,"page_rule_quota":100,"phishing_detected":false},"owner":{"id":"8378b3b7c26e4b6205f5b0d0c8c4f063","type":"organization","name":"Shopify
        Playground"},"account":{"id":"8378b3b7c26e4b6205f5b0d0c8c4f063","name":"Shopify
        Playground"},"tenant":{"id":null,"name":null},"tenant_unit":{"id":null},"permissions":["#dns_records:edit","#dns_records:read","#zone:read"],"plan":{"id":"94f3b7b768b0458b56d2cac4fe5ec0f9","name":"Enterprise
        Website","price":0,"currency":"USD","frequency":"","is_subscribed":true,"can_subscribe":true,"legacy_id":"enterprise","legacy_discount":false,"externally_managed":true}},{"id":"94c68d31ae14ff097b47f536bd9144c4","name":"production.shopitest.com","status":"active","paused":false,"type":"full","development_mode":0,"name_servers":["cory.ns.cloudflare.com","nora.ns.cloudflare.com"],"original_name_servers":["dns1.p06.nsone.net","dns2.p06.nsone.net","dns3.p06.nsone.net","dns4.p06.nsone.net","ns1.dnsimple.com","ns2.dnsimple.com","ns3.dnsimple.com","ns4.dnsimple.com"],"original_registrar":"markmonitor
        inc. (id: 292)","original_dnshost":null,"modified_on":"2024-09-11T20:16:55.669928Z","created_on":"2023-08-24T19:47:26.027094Z","activated_on":"2023-08-24T20:18:34.979036Z","vanity_name_servers":[],"vanity_name_servers_ips":null,"meta":{"step":2,"custom_certificate_quota":1,"page_rule_quota":100,"phishing_detected":false},"owner":{"id":"8378b3b7c26e4b6205f5b0d0c8c4f063","type":"organization","name":"Shopify
        Playground"},"account":{"id":"8378b3b7c26e4b6205f5b0d0c8c4f063","name":"Shopify
        Playground"},"tenant":{"id":null,"name":null},"tenant_unit":{"id":null},"permissions":["#dns_records:edit","#dns_records:read","#zone:read"],"plan":{"id":"94f3b7b768b0458b56d2cac4fe5ec0f9","name":"Enterprise
        Website","price":0,"currency":"USD","frequency":"","is_subscribed":true,"can_subscribe":true,"legacy_id":"enterprise","legacy_discount":false,"externally_managed":true}},{"id":"7ed83734c471bd155e2fe23234c5c936","name":"record-store-dns-tests.shopitest.com","status":"pending","paused":false,"type":"full","development_mode":0,"name_servers":["cory.ns.cloudflare.com","nora.ns.cloudflare.com"],"original_name_servers":["dns1.p06.nsone.net","dns2.p06.nsone.net","dns3.p06.nsone.net","dns4.p06.nsone.net","ns1.dnsimple.com","ns2.dnsimple.com","ns3.dnsimple.com","ns4.dnsimple.com"],"original_registrar":"markmonitor
        inc. (id: 292)","original_dnshost":null,"modified_on":"2024-09-19T15:28:23.108643Z","created_on":"2024-09-19T15:28:12.917187Z","activated_on":null,"vanity_name_servers":[],"vanity_name_servers_ips":null,"meta":{"step":2,"custom_certificate_quota":1,"page_rule_quota":100,"phishing_detected":false},"owner":{"id":"8378b3b7c26e4b6205f5b0d0c8c4f063","type":"organization","name":"Shopify
        Playground"},"account":{"id":"8378b3b7c26e4b6205f5b0d0c8c4f063","name":"Shopify
        Playground"},"tenant":{"id":null,"name":null},"tenant_unit":{"id":null},"permissions":["#dns_records:edit","#dns_records:read","#zone:read"],"plan":{"id":"94f3b7b768b0458b56d2cac4fe5ec0f9","name":"Enterprise
        Website","price":0,"currency":"USD","frequency":"","is_subscribed":true,"can_subscribe":true,"legacy_id":"enterprise","legacy_discount":false,"externally_managed":true}},{"id":"275f58b23ae2db285e82a019923547ea","name":"staging.shopitest.com","status":"active","paused":false,"type":"full","development_mode":-33164067,"name_servers":["cory.ns.cloudflare.com","nora.ns.cloudflare.com"],"original_name_servers":["dns1.p06.nsone.net","dns2.p06.nsone.net","dns3.p06.nsone.net","dns4.p06.nsone.net","ns1.dnsimple.com","ns2.dnsimple.com","ns3.dnsimple.com","ns4.dnsimple.com"],"original_registrar":"markmonitor
        inc. (id: 292)","original_dnshost":null,"modified_on":"2024-10-01T19:28:04.207870Z","created_on":"2023-08-24T19:47:56.839647Z","activated_on":"2023-08-24T20:19:02.990798Z","vanity_name_servers":[],"vanity_name_servers_ips":null,"meta":{"step":2,"custom_certificate_quota":1,"page_rule_quota":100,"phishing_detected":false},"owner":{"id":"8378b3b7c26e4b6205f5b0d0c8c4f063","type":"organization","name":"Shopify
        Playground"},"account":{"id":"8378b3b7c26e4b6205f5b0d0c8c4f063","name":"Shopify
        Playground"},"tenant":{"id":null,"name":null},"tenant_unit":{"id":null},"permissions":["#dns_records:edit","#dns_records:read","#zone:read"],"plan":{"id":"94f3b7b768b0458b56d2cac4fe5ec0f9","name":"Enterprise
        Website","price":0,"currency":"USD","frequency":"","is_subscribed":true,"can_subscribe":true,"legacy_id":"enterprise","legacy_discount":false,"externally_managed":true}},{"id":"8e91b5276612ee2c63ebdca335add608","name":"tunnel.shopitest.com","status":"active","paused":false,"type":"full","development_mode":0,"name_servers":["cory.ns.cloudflare.com","nora.ns.cloudflare.com"],"original_name_servers":["dns1.p06.nsone.net","dns2.p06.nsone.net","dns3.p06.nsone.net","dns4.p06.nsone.net","ns1.dnsimple.com","ns2.dnsimple.com","ns3.dnsimple.com","ns4.dnsimple.com"],"original_registrar":"markmonitor
        inc. (id: 292)","original_dnshost":null,"modified_on":"2024-08-20T16:43:17.116649Z","created_on":"2024-03-25T16:28:05.401795Z","activated_on":"2024-03-25T16:49:26.377278Z","vanity_name_servers":[],"vanity_name_servers_ips":null,"meta":{"step":2,"custom_certificate_quota":1,"page_rule_quota":100,"phishing_detected":false},"owner":{"id":"8378b3b7c26e4b6205f5b0d0c8c4f063","type":"organization","name":"Shopify
        Playground"},"account":{"id":"8378b3b7c26e4b6205f5b0d0c8c4f063","name":"Shopify
        Playground"},"tenant":{"id":null,"name":null},"tenant_unit":{"id":null},"permissions":["#dns_records:edit","#dns_records:read","#zone:read"],"plan":{"id":"94f3b7b768b0458b56d2cac4fe5ec0f9","name":"Enterprise
        Website","price":0,"currency":"USD","frequency":"","is_subscribed":true,"can_subscribe":true,"legacy_id":"enterprise","legacy_discount":false,"externally_managed":true}}],"result_info":{"page":1,"per_page":20,"total_pages":1,"count":9,"total_count":9},"success":true,"errors":[],"messages":[]}'
  recorded_at: Thu, 17 Oct 2024 16:23:45 GMT
- request:
    method: post
    uri: https://api.cloudflare.com/client/v4/zones/7ed83734c471bd155e2fe23234c5c936/dns_records/batch
    body:
      encoding: UTF-8
      string: '{"deletes":[],"patches":[],"posts":[{"name":"multi.record-store-dns-tests.shopitest.com.","ttl":600,"type":"A","content":"192.0.2.1"},{"name":"multi.record-store-dns-tests.shopitest.com.","ttl":600,"type":"A","content":"192.0.2.2"}],"puts":[]}'
    headers:
      Accept-Encoding:
      - gzip;q=1.0,deflate;q=0.6,identity;q=0.3
      Accept:
      - application/json
      User-Agent:
      - Ruby
      Content-Type:
      - application/json
      Authorization:
      - Bearer <CLOUDFLARE_API_TOKEN>
  response:
    status:
      code: 200
      message: OK
    headers:
      Date:
      - Thu, 17 Oct 2024 16:23:45 GMT
      Content-Type:
      - application/json
      Transfer-Encoding:
      - chunked
      Connection:
      - keep-alive
      Cf-Ray:
      - 8d41a28d1963aae6-YYZ
      Cf-Cache-Status:
      - DYNAMIC
      Set-Cookie:
      - __cf_bm=ly4cCFItezVm70x5QHuG5Hf_6wZsAJhbApm5_uwWCso-1729182225-1.0.1.1-4MrBQ7I424rCk_4AQfH7nY1QSm4j_iyvyRj4cIUhOhXMx18hFO0S1NA6K8JambCERXukVvq2ShEZ0KkDYR9CHA;
        path=/; expires=Thu, 17-Oct-24 16:53:45 GMT; domain=.api.cloudflare.com; HttpOnly;
        Secure; SameSite=None
      - __cflb=0H28vgHxwvgAQtjUGUFqYFDiSDreGJnUtA6MrivAwTs; SameSite=Lax; path=/;
        expires=Thu, 17-Oct-24 18:53:46 GMT; HttpOnly
      - __cfruid=c3d03e06a1fb71dc821da7a460551eb45d1a8357-1729182225; path=/; domain=.api.cloudflare.com;
        HttpOnly; Secure; SameSite=None
      Vary:
      - Accept-Encoding
      Cf-Auditlog-Id:
      - '01929b4a-d43e-7171-9d67-4d8cb5011a9c'
      Server:
      - cloudflare
    body:
      encoding: ASCII-8BIT
      string: '{"result":{"deletes":null,"patches":null,"puts":null,"posts":[{"id":"548c7516cc72eebd21db14563996cdda","zone_id":"7ed83734c471bd155e2fe23234c5c936","zone_name":"record-store-dns-tests.shopitest.com","name":"multi.record-store-dns-tests.shopitest.com","type":"A","content":"192.0.2.1","proxiable":true,"proxied":false,"ttl":600,"settings":{},"meta":{"auto_added":false,"managed_by_apps":false,"managed_by_argo_tunnel":false},"comment":null,"tags":[],"created_on":"2024-10-17T16:23:45.585389Z","modified_on":"2024-10-17T16:23:45.585389Z"},{"id":"d87cd142c3dd899ff89bf2589d55f3d6","zone_id":"7ed83734c471bd155e2fe23234c5c936","zone_name":"record-store-dns-tests.shopitest.com","name":"multi.record-store-dns-tests.shopitest.com","type":"A","content":"192.0.2.2","proxiable":true,"proxied":false,"ttl":600,"settings":{},"meta":{"auto_added":false,"managed_by_apps":false,"managed_by_argo_tunnel":false},"comment":null,"tags":[],"created_on":"2024-10-17T16:23:45.585389Z","modified_on":"2024-10-17T16:23:45.585389Z"}]},"success":true,"errors":[],"messages":[]}'
  recorded_at: Thu, 17 Oct 2024 16:23:45 GMT
- request:
    method: get
    uri: https://api.cloudflare.com/client/v4/zones
    body:
      encoding: US-ASCII
      string: ''
    headers:
      Accept-Encoding:
      - gzip;q=1.0,deflate;q=0.6,identity;q=0.3
      Accept:
      - application/json
      User-Agent:
      - Ruby
      Content-Type:
      - application/json
      Authorization:
      - Bearer <CLOUDFLARE_API_TOKEN>
  response:
    status:
      code: 200
      message: OK
    headers:
      Date:
      - Thu, 17 Oct 2024 16:23:45 GMT
      Content-Type:
      - application/json
      Transfer-Encoding:
      - chunked
      Connection:
      - keep-alive
      Cf-Ray:
      - 8d41a28e6af0aae6-YYZ
      Cf-Cache-Status:
      - DYNAMIC
      Cache-Control:
      - no-store, no-cache, must-revalidate, post-check=0, pre-check=0
      Expires:
      - Sun, 25 Jan 1981 05:00:00 GMT
      Set-Cookie:
      - __cf_bm=RIaT71VL_t7SVVzTGyiFRLOnX9e2wDY92lgAFnQOaB4-1729182225-1.0.1.1-KHu4oS.lC5CifL3g_gjfWfP09h7wT4i__I6eNFJ.zdtdWXTQ5hSnR637I7qAdVApfBAFHrfbwA8E6qVGaEFXUg;
        path=/; expires=Thu, 17-Oct-24 16:53:45 GMT; domain=.api.cloudflare.com; HttpOnly;
        Secure; SameSite=None
      - __cflb=0H28vgHxwvgAQtjUGUFqYFDiSDreGJnUtA6MrivAwTs; SameSite=Lax; path=/;
        expires=Thu, 17-Oct-24 18:53:46 GMT; HttpOnly
      - __cfruid=c3d03e06a1fb71dc821da7a460551eb45d1a8357-1729182225; path=/; domain=.api.cloudflare.com;
        HttpOnly; Secure; SameSite=None
      Strict-Transport-Security:
      - max-age=31536000
      Pragma:
      - no-cache
      Cf-Auditlog-Id:
      - '01929b4a-d50f-7cdd-b75a-ff68d2de356c'
      X-Content-Type-Options:
      - nosniff
      X-Frame-Options:
      - SAMEORIGIN
      Vary:
      - Accept-Encoding
      Server:
      - cloudflare
    body:
      encoding: ASCII-8BIT
      string: '{"result":[{"id":"c2777ebe2e47b52ad23fc163e086200b","name":"aaliam_test.shopitest.com","status":"active","paused":false,"type":"full","development_mode":0,"name_servers":["cory.ns.cloudflare.com","nora.ns.cloudflare.com"],"original_name_servers":["dns1.p06.nsone.net","dns2.p06.nsone.net","dns3.p06.nsone.net","dns4.p06.nsone.net","ns1.dnsimple.com","ns2.dnsimple.com","ns3.dnsimple.com","ns4.dnsimple.com"],"original_registrar":"markmonitor
        inc. (id: 292)","original_dnshost":null,"modified_on":"2024-10-10T02:19:22.929713Z","created_on":"2024-10-08T17:37:55.390740Z","activated_on":"2024-10-08T18:29:40.926483Z","vanity_name_servers":[],"vanity_name_servers_ips":null,"meta":{"step":4,"custom_certificate_quota":1,"page_rule_quota":100,"phishing_detected":false},"owner":{"id":"8378b3b7c26e4b6205f5b0d0c8c4f063","type":"organization","name":"Shopify
        Playground"},"account":{"id":"8378b3b7c26e4b6205f5b0d0c8c4f063","name":"Shopify
        Playground"},"tenant":{"id":null,"name":null},"tenant_unit":{"id":null},"permissions":["#dns_records:edit","#dns_records:read","#zone:read"],"plan":{"id":"94f3b7b768b0458b56d2cac4fe5ec0f9","name":"Enterprise
        Website","price":0,"currency":"USD","frequency":"","is_subscribed":true,"can_subscribe":true,"legacy_id":"enterprise","legacy_discount":false,"externally_managed":true}},{"id":"ddc84d78b64e3e18bc53591abe8c5fe5","name":"chopify.app","status":"active","paused":false,"type":"partial","development_mode":-95510301,"verification_key":"963442547-421852129","cname_suffix":"cdn.cloudflare.net","original_name_servers":["ns1.markmonitor.com","ns2.markmonitor.com","ns3.markmonitor.com","ns4.markmonitor.com"],"original_registrar":"markmonitor
        inc. (id: 292)","original_dnshost":null,"modified_on":"2024-10-01T19:28:08.437065Z","created_on":"2021-04-16T16:27:00.175539Z","activated_on":"2021-04-16T16:31:23.579534Z","meta":{"step":2,"custom_certificate_quota":1,"page_rule_quota":100,"phishing_detected":false},"owner":{"id":"8378b3b7c26e4b6205f5b0d0c8c4f063","type":"organization","name":"Shopify
        Playground"},"account":{"id":"8378b3b7c26e4b6205f5b0d0c8c4f063","name":"Shopify
        Playground"},"tenant":{"id":null,"name":null},"tenant_unit":{"id":null},"permissions":["#dns_records:edit","#dns_records:read","#zone:read"],"plan":{"id":"94f3b7b768b0458b56d2cac4fe5ec0f9","name":"Enterprise
        Website","price":0,"currency":"USD","frequency":"","is_subscribed":true,"can_subscribe":true,"legacy_id":"enterprise","legacy_discount":false,"externally_managed":true}},{"id":"0b70d4909fffd5d96a58b69ddd80041a","name":"chopifycdn.com","status":"active","paused":false,"type":"full","development_mode":0,"name_servers":["cory.ns.cloudflare.com","nora.ns.cloudflare.com"],"original_name_servers":null,"original_registrar":"markmonitor
        inc. (id: 292)","original_dnshost":null,"modified_on":"2024-08-20T15:54:28.806071Z","created_on":"2024-02-16T19:02:20.663788Z","activated_on":"2024-02-16T19:03:29.013184Z","vanity_name_servers":[],"vanity_name_servers_ips":null,"meta":{"step":2,"custom_certificate_quota":1,"page_rule_quota":100,"phishing_detected":false},"owner":{"id":"8378b3b7c26e4b6205f5b0d0c8c4f063","type":"organization","name":"Shopify
        Playground"},"account":{"id":"8378b3b7c26e4b6205f5b0d0c8c4f063","name":"Shopify
        Playground"},"tenant":{"id":null,"name":null},"tenant_unit":{"id":null},"permissions":["#dns_records:edit","#dns_records:read","#zone:read"],"plan":{"id":"94f3b7b768b0458b56d2cac4fe5ec0f9","name":"Enterprise
        Website","price":0,"currency":"USD","frequency":"","is_subscribed":true,"can_subscribe":true,"legacy_id":"enterprise","legacy_discount":false,"externally_managed":true}},{"id":"2418cfe449965306a5fed516634402b6","name":"cloudflarerules.shopitest.com","status":"active","paused":false,"type":"full","development_mode":0,"name_servers":["cory.ns.cloudflare.com","nora.ns.cloudflare.com"],"original_name_servers":["dns1.p06.nsone.net","dns2.p06.nsone.net","dns3.p06.nsone.net","dns4.p06.nsone.net","ns1.dnsimple.com","ns2.dnsimple.com","ns3.dnsimple.com","ns4.dnsimple.com"],"original_registrar":"markmonitor
        inc. (id: 292)","original_dnshost":null,"modified_on":"2024-08-20T16:58:58.544682Z","created_on":"2024-01-14T19:33:33.278245Z","activated_on":"2024-01-15T18:56:54.326446Z","vanity_name_servers":[],"vanity_name_servers_ips":null,"meta":{"step":2,"custom_certificate_quota":1,"page_rule_quota":100,"phishing_detected":false},"owner":{"id":"8378b3b7c26e4b6205f5b0d0c8c4f063","type":"organization","name":"Shopify
        Playground"},"account":{"id":"8378b3b7c26e4b6205f5b0d0c8c4f063","name":"Shopify
        Playground"},"tenant":{"id":null,"name":null},"tenant_unit":{"id":null},"permissions":["#dns_records:edit","#dns_records:read","#zone:read"],"plan":{"id":"94f3b7b768b0458b56d2cac4fe5ec0f9","name":"Enterprise
        Website","price":0,"currency":"USD","frequency":"","is_subscribed":true,"can_subscribe":true,"legacy_id":"enterprise","legacy_discount":false,"externally_managed":true}},{"id":"d784b5e63d9a657cc18e13ab92be75e1","name":"matt-metzger.shopitest.com","status":"active","paused":false,"type":"full","development_mode":-7499925,"name_servers":["cory.ns.cloudflare.com","nora.ns.cloudflare.com"],"original_name_servers":["dns1.p06.nsone.net","dns2.p06.nsone.net","dns3.p06.nsone.net","dns4.p06.nsone.net","ns1.dnsimple.com","ns2.dnsimple.com","ns3.dnsimple.com","ns4.dnsimple.com"],"original_registrar":"markmonitor
        inc. (id: 292)","original_dnshost":null,"modified_on":"2024-08-20T16:02:42.970212Z","created_on":"2024-07-08T17:23:32.708443Z","activated_on":"2024-07-08T17:49:44.693606Z","vanity_name_servers":[],"vanity_name_servers_ips":null,"meta":{"step":2,"custom_certificate_quota":1,"page_rule_quota":100,"phishing_detected":false},"owner":{"id":"8378b3b7c26e4b6205f5b0d0c8c4f063","type":"organization","name":"Shopify
        Playground"},"account":{"id":"8378b3b7c26e4b6205f5b0d0c8c4f063","name":"Shopify
        Playground"},"tenant":{"id":null,"name":null},"tenant_unit":{"id":null},"permissions":["#dns_records:edit","#dns_records:read","#zone:read"],"plan":{"id":"94f3b7b768b0458b56d2cac4fe5ec0f9","name":"Enterprise
        Website","price":0,"currency":"USD","frequency":"","is_subscribed":true,"can_subscribe":true,"legacy_id":"enterprise","legacy_discount":false,"externally_managed":true}},{"id":"94c68d31ae14ff097b47f536bd9144c4","name":"production.shopitest.com","status":"active","paused":false,"type":"full","development_mode":0,"name_servers":["cory.ns.cloudflare.com","nora.ns.cloudflare.com"],"original_name_servers":["dns1.p06.nsone.net","dns2.p06.nsone.net","dns3.p06.nsone.net","dns4.p06.nsone.net","ns1.dnsimple.com","ns2.dnsimple.com","ns3.dnsimple.com","ns4.dnsimple.com"],"original_registrar":"markmonitor
        inc. (id: 292)","original_dnshost":null,"modified_on":"2024-09-11T20:16:55.669928Z","created_on":"2023-08-24T19:47:26.027094Z","activated_on":"2023-08-24T20:18:34.979036Z","vanity_name_servers":[],"vanity_name_servers_ips":null,"meta":{"step":2,"custom_certificate_quota":1,"page_rule_quota":100,"phishing_detected":false},"owner":{"id":"8378b3b7c26e4b6205f5b0d0c8c4f063","type":"organization","name":"Shopify
        Playground"},"account":{"id":"8378b3b7c26e4b6205f5b0d0c8c4f063","name":"Shopify
        Playground"},"tenant":{"id":null,"name":null},"tenant_unit":{"id":null},"permissions":["#dns_records:edit","#dns_records:read","#zone:read"],"plan":{"id":"94f3b7b768b0458b56d2cac4fe5ec0f9","name":"Enterprise
        Website","price":0,"currency":"USD","frequency":"","is_subscribed":true,"can_subscribe":true,"legacy_id":"enterprise","legacy_discount":false,"externally_managed":true}},{"id":"7ed83734c471bd155e2fe23234c5c936","name":"record-store-dns-tests.shopitest.com","status":"pending","paused":false,"type":"full","development_mode":0,"name_servers":["cory.ns.cloudflare.com","nora.ns.cloudflare.com"],"original_name_servers":["dns1.p06.nsone.net","dns2.p06.nsone.net","dns3.p06.nsone.net","dns4.p06.nsone.net","ns1.dnsimple.com","ns2.dnsimple.com","ns3.dnsimple.com","ns4.dnsimple.com"],"original_registrar":"markmonitor
        inc. (id: 292)","original_dnshost":null,"modified_on":"2024-09-19T15:28:23.108643Z","created_on":"2024-09-19T15:28:12.917187Z","activated_on":null,"vanity_name_servers":[],"vanity_name_servers_ips":null,"meta":{"step":2,"custom_certificate_quota":1,"page_rule_quota":100,"phishing_detected":false},"owner":{"id":"8378b3b7c26e4b6205f5b0d0c8c4f063","type":"organization","name":"Shopify
        Playground"},"account":{"id":"8378b3b7c26e4b6205f5b0d0c8c4f063","name":"Shopify
        Playground"},"tenant":{"id":null,"name":null},"tenant_unit":{"id":null},"permissions":["#dns_records:edit","#dns_records:read","#zone:read"],"plan":{"id":"94f3b7b768b0458b56d2cac4fe5ec0f9","name":"Enterprise
        Website","price":0,"currency":"USD","frequency":"","is_subscribed":true,"can_subscribe":true,"legacy_id":"enterprise","legacy_discount":false,"externally_managed":true}},{"id":"275f58b23ae2db285e82a019923547ea","name":"staging.shopitest.com","status":"active","paused":false,"type":"full","development_mode":-33164067,"name_servers":["cory.ns.cloudflare.com","nora.ns.cloudflare.com"],"original_name_servers":["dns1.p06.nsone.net","dns2.p06.nsone.net","dns3.p06.nsone.net","dns4.p06.nsone.net","ns1.dnsimple.com","ns2.dnsimple.com","ns3.dnsimple.com","ns4.dnsimple.com"],"original_registrar":"markmonitor
        inc. (id: 292)","original_dnshost":null,"modified_on":"2024-10-01T19:28:04.207870Z","created_on":"2023-08-24T19:47:56.839647Z","activated_on":"2023-08-24T20:19:02.990798Z","vanity_name_servers":[],"vanity_name_servers_ips":null,"meta":{"step":2,"custom_certificate_quota":1,"page_rule_quota":100,"phishing_detected":false},"owner":{"id":"8378b3b7c26e4b6205f5b0d0c8c4f063","type":"organization","name":"Shopify
        Playground"},"account":{"id":"8378b3b7c26e4b6205f5b0d0c8c4f063","name":"Shopify
        Playground"},"tenant":{"id":null,"name":null},"tenant_unit":{"id":null},"permissions":["#dns_records:edit","#dns_records:read","#zone:read"],"plan":{"id":"94f3b7b768b0458b56d2cac4fe5ec0f9","name":"Enterprise
        Website","price":0,"currency":"USD","frequency":"","is_subscribed":true,"can_subscribe":true,"legacy_id":"enterprise","legacy_discount":false,"externally_managed":true}},{"id":"8e91b5276612ee2c63ebdca335add608","name":"tunnel.shopitest.com","status":"active","paused":false,"type":"full","development_mode":0,"name_servers":["cory.ns.cloudflare.com","nora.ns.cloudflare.com"],"original_name_servers":["dns1.p06.nsone.net","dns2.p06.nsone.net","dns3.p06.nsone.net","dns4.p06.nsone.net","ns1.dnsimple.com","ns2.dnsimple.com","ns3.dnsimple.com","ns4.dnsimple.com"],"original_registrar":"markmonitor
        inc. (id: 292)","original_dnshost":null,"modified_on":"2024-08-20T16:43:17.116649Z","created_on":"2024-03-25T16:28:05.401795Z","activated_on":"2024-03-25T16:49:26.377278Z","vanity_name_servers":[],"vanity_name_servers_ips":null,"meta":{"step":2,"custom_certificate_quota":1,"page_rule_quota":100,"phishing_detected":false},"owner":{"id":"8378b3b7c26e4b6205f5b0d0c8c4f063","type":"organization","name":"Shopify
        Playground"},"account":{"id":"8378b3b7c26e4b6205f5b0d0c8c4f063","name":"Shopify
        Playground"},"tenant":{"id":null,"name":null},"tenant_unit":{"id":null},"permissions":["#dns_records:edit","#dns_records:read","#zone:read"],"plan":{"id":"94f3b7b768b0458b56d2cac4fe5ec0f9","name":"Enterprise
        Website","price":0,"currency":"USD","frequency":"","is_subscribed":true,"can_subscribe":true,"legacy_id":"enterprise","legacy_discount":false,"externally_managed":true}}],"result_info":{"page":1,"per_page":20,"total_pages":1,"count":9,"total_count":9},"success":true,"errors":[],"messages":[]}'
  recorded_at: Thu, 17 Oct 2024 16:23:45 GMT
- request:
    method: get
    uri: https://api.cloudflare.com/client/v4/zones/7ed83734c471bd155e2fe23234c5c936/dns_records
    body:
      encoding: US-ASCII
      string: ''
    headers:
      Accept-Encoding:
      - gzip;q=1.0,deflate;q=0.6,identity;q=0.3
      Accept:
      - application/json
      User-Agent:
      - Ruby
      Content-Type:
      - application/json
      Authorization:
      - Bearer <CLOUDFLARE_API_TOKEN>
  response:
    status:
      code: 200
      message: OK
    headers:
      Date:
      - Thu, 17 Oct 2024 16:23:46 GMT
      Content-Type:
      - application/json
      Transfer-Encoding:
      - chunked
      Connection:
      - keep-alive
      Cf-Ray:
      - 8d41a2909d2aaae6-YYZ
      Cf-Cache-Status:
      - DYNAMIC
      Set-Cookie:
      - __cf_bm=jA_skcuVbceufIOf1glWbdrkKqotGMJtHp.ARBDzaXo-1729182226-1.0.1.1-YBEtRjS71x7XTPQx1tvCUpZ9BYrjeDiAJb22..sHTrxUeJcEJDUMuEqjrAAHe8aWw.tBXa7TxDJZ1co5muB4yg;
        path=/; expires=Thu, 17-Oct-24 16:53:46 GMT; domain=.api.cloudflare.com; HttpOnly;
        Secure; SameSite=None
      - __cflb=0H28vgHxwvgAQtjUGUFqYFDiSDreGJnUtKo2sXjfYjP; SameSite=Lax; path=/;
        expires=Thu, 17-Oct-24 18:53:47 GMT; HttpOnly
      - __cfruid=b71a226986715bbb57b487836e61ce366c9ddb04-1729182226; path=/; domain=.api.cloudflare.com;
        HttpOnly; Secure; SameSite=None
      Vary:
      - Accept-Encoding
      Cf-Auditlog-Id:
      - '01929b4a-d679-7a6f-b1f4-354623d6d89d'
      Server:
      - cloudflare
    body:
      encoding: ASCII-8BIT
      string: '{"result":[{"id":"6902b80fe1e0437b3515f8cfa9c333dc","zone_id":"7ed83734c471bd155e2fe23234c5c936","zone_name":"record-store-dns-tests.shopitest.com","name":"add.record-store-dns-tests.shopitest.com","type":"A","content":"192.0.2.1","proxiable":true,"proxied":false,"ttl":600,"settings":{},"meta":{"auto_added":false,"managed_by_apps":false,"managed_by_argo_tunnel":false},"comment":null,"tags":[],"created_on":"2024-10-17T16:23:41.98645Z","modified_on":"2024-10-17T16:23:41.98645Z"},{"id":"2eda65077ef30da9fb9e16468ea024fa","zone_id":"7ed83734c471bd155e2fe23234c5c936","zone_name":"record-store-dns-tests.shopitest.com","name":"multi1.record-store-dns-tests.shopitest.com","type":"A","content":"192.0.2.1","proxiable":true,"proxied":false,"ttl":600,"settings":{},"meta":{"auto_added":false,"managed_by_apps":false,"managed_by_argo_tunnel":false},"comment":null,"tags":[],"created_on":"2024-10-17T16:23:43.34526Z","modified_on":"2024-10-17T16:23:43.34526Z"},{"id":"09e6370ec11da3ff734cbd8686c76095","zone_id":"7ed83734c471bd155e2fe23234c5c936","zone_name":"record-store-dns-tests.shopitest.com","name":"multi1.record-store-dns-tests.shopitest.com","type":"A","content":"192.0.2.3","proxiable":true,"proxied":false,"ttl":600,"settings":{},"meta":{"auto_added":false,"managed_by_apps":false,"managed_by_argo_tunnel":false},"comment":null,"tags":[],"created_on":"2024-10-17T16:23:43.34526Z","modified_on":"2024-10-17T16:23:43.34526Z"},{"id":"783fb83b8de854c17cd0f14756e89a56","zone_id":"7ed83734c471bd155e2fe23234c5c936","zone_name":"record-store-dns-tests.shopitest.com","name":"multi2.record-store-dns-tests.shopitest.com","type":"A","content":"192.0.2.2","proxiable":true,"proxied":false,"ttl":600,"settings":{},"meta":{"auto_added":false,"managed_by_apps":false,"managed_by_argo_tunnel":false},"comment":null,"tags":[],"created_on":"2024-10-17T16:23:43.34526Z","modified_on":"2024-10-17T16:23:43.34526Z"},{"id":"548c7516cc72eebd21db14563996cdda","zone_id":"7ed83734c471bd155e2fe23234c5c936","zone_name":"record-store-dns-tests.shopitest.com","name":"multi.record-store-dns-tests.shopitest.com","type":"A","content":"192.0.2.1","proxiable":true,"proxied":false,"ttl":600,"settings":{},"meta":{"auto_added":false,"managed_by_apps":false,"managed_by_argo_tunnel":false},"comment":null,"tags":[],"created_on":"2024-10-17T16:23:45.585389Z","modified_on":"2024-10-17T16:23:45.585389Z"},{"id":"d87cd142c3dd899ff89bf2589d55f3d6","zone_id":"7ed83734c471bd155e2fe23234c5c936","zone_name":"record-store-dns-tests.shopitest.com","name":"multi.record-store-dns-tests.shopitest.com","type":"A","content":"192.0.2.2","proxiable":true,"proxied":false,"ttl":600,"settings":{},"meta":{"auto_added":false,"managed_by_apps":false,"managed_by_argo_tunnel":false},"comment":null,"tags":[],"created_on":"2024-10-17T16:23:45.585389Z","modified_on":"2024-10-17T16:23:45.585389Z"},{"id":"00acb5f04c31a7ac0d1d2b60789d8970","zone_id":"7ed83734c471bd155e2fe23234c5c936","zone_name":"record-store-dns-tests.shopitest.com","name":"alias.record-store-dns-tests.shopitest.com","type":"CNAME","content":"target.record-store-dns-tests.shopitest.com","proxiable":true,"proxied":false,"ttl":600,"settings":{"flatten_cname":true},"meta":{"auto_added":false,"managed_by_apps":false,"managed_by_argo_tunnel":false},"comment":null,"tags":[],"created_on":"2024-10-17T16:23:44.570482Z","modified_on":"2024-10-17T16:23:44.570482Z"},{"id":"d256309eb12835d40b334ccd13c10976","zone_id":"7ed83734c471bd155e2fe23234c5c936","zone_name":"record-store-dns-tests.shopitest.com","name":"mx.record-store-dns-tests.shopitest.com","type":"MX","content":"mail.record-store-dns-tests.shopitest.com","priority":10,"proxiable":false,"proxied":false,"ttl":600,"settings":{},"meta":{"auto_added":false,"managed_by_apps":false,"managed_by_argo_tunnel":false},"comment":null,"tags":[],"created_on":"2024-10-01T16:17:15.897349Z","modified_on":"2024-10-01T16:17:15.897349Z"}],"success":true,"errors":[],"messages":[],"result_info":{"page":1,"per_page":100,"count":8,"total_count":8,"total_pages":1}}'
  recorded_at: Thu, 17 Oct 2024 16:23:46 GMT
- request:
    method: get
    uri: https://api.cloudflare.com/client/v4/zones
    body:
      encoding: US-ASCII
      string: ''
    headers:
      Accept-Encoding:
      - gzip;q=1.0,deflate;q=0.6,identity;q=0.3
      Accept:
      - application/json
      User-Agent:
      - Ruby
      Content-Type:
      - application/json
      Authorization:
      - Bearer <CLOUDFLARE_API_TOKEN>
  response:
    status:
      code: 200
      message: OK
    headers:
      Date:
      - Thu, 17 Oct 2024 16:23:46 GMT
      Content-Type:
      - application/json
      Transfer-Encoding:
      - chunked
      Connection:
      - keep-alive
      Cf-Ray:
      - 8d41a291feb8aae6-YYZ
      Cf-Cache-Status:
      - DYNAMIC
      Cache-Control:
      - no-store, no-cache, must-revalidate, post-check=0, pre-check=0
      Expires:
      - Sun, 25 Jan 1981 05:00:00 GMT
      Set-Cookie:
      - __cf_bm=wtupTtSzHGbFlKyxDnWHbAA7KI5yNNPUXHcpwZeGFdA-1729182226-1.0.1.1-xeEhNBNlAih23bmjNdW9NqJKiqUQO922cali5NJCJNPX_5A18YxRHW8dybTzdCVasyDIBBjUMjKup7H5U3A_Ig;
        path=/; expires=Thu, 17-Oct-24 16:53:46 GMT; domain=.api.cloudflare.com; HttpOnly;
        Secure; SameSite=None
      - __cflb=0H28vgHxwvgAQtjUGUFqYFDiSDreGJnUtKo2sXjfYjP; SameSite=Lax; path=/;
        expires=Thu, 17-Oct-24 18:53:47 GMT; HttpOnly
      - __cfruid=b71a226986715bbb57b487836e61ce366c9ddb04-1729182226; path=/; domain=.api.cloudflare.com;
        HttpOnly; Secure; SameSite=None
      Strict-Transport-Security:
      - max-age=31536000
      Pragma:
      - no-cache
      Cf-Auditlog-Id:
      - '01929b4a-d742-77c7-ad2b-cad6f659035c'
      X-Content-Type-Options:
      - nosniff
      X-Frame-Options:
      - SAMEORIGIN
      Vary:
      - Accept-Encoding
      Server:
      - cloudflare
    body:
      encoding: ASCII-8BIT
      string: '{"result":[{"id":"c2777ebe2e47b52ad23fc163e086200b","name":"aaliam_test.shopitest.com","status":"active","paused":false,"type":"full","development_mode":0,"name_servers":["cory.ns.cloudflare.com","nora.ns.cloudflare.com"],"original_name_servers":["dns1.p06.nsone.net","dns2.p06.nsone.net","dns3.p06.nsone.net","dns4.p06.nsone.net","ns1.dnsimple.com","ns2.dnsimple.com","ns3.dnsimple.com","ns4.dnsimple.com"],"original_registrar":"markmonitor
        inc. (id: 292)","original_dnshost":null,"modified_on":"2024-10-10T02:19:22.929713Z","created_on":"2024-10-08T17:37:55.390740Z","activated_on":"2024-10-08T18:29:40.926483Z","vanity_name_servers":[],"vanity_name_servers_ips":null,"meta":{"step":4,"custom_certificate_quota":1,"page_rule_quota":100,"phishing_detected":false},"owner":{"id":"8378b3b7c26e4b6205f5b0d0c8c4f063","type":"organization","name":"Shopify
        Playground"},"account":{"id":"8378b3b7c26e4b6205f5b0d0c8c4f063","name":"Shopify
        Playground"},"tenant":{"id":null,"name":null},"tenant_unit":{"id":null},"permissions":["#dns_records:edit","#dns_records:read","#zone:read"],"plan":{"id":"94f3b7b768b0458b56d2cac4fe5ec0f9","name":"Enterprise
        Website","price":0,"currency":"USD","frequency":"","is_subscribed":true,"can_subscribe":true,"legacy_id":"enterprise","legacy_discount":false,"externally_managed":true}},{"id":"ddc84d78b64e3e18bc53591abe8c5fe5","name":"chopify.app","status":"active","paused":false,"type":"partial","development_mode":-95510302,"verification_key":"963442547-421852129","cname_suffix":"cdn.cloudflare.net","original_name_servers":["ns1.markmonitor.com","ns2.markmonitor.com","ns3.markmonitor.com","ns4.markmonitor.com"],"original_registrar":"markmonitor
        inc. (id: 292)","original_dnshost":null,"modified_on":"2024-10-01T19:28:08.437065Z","created_on":"2021-04-16T16:27:00.175539Z","activated_on":"2021-04-16T16:31:23.579534Z","meta":{"step":2,"custom_certificate_quota":1,"page_rule_quota":100,"phishing_detected":false},"owner":{"id":"8378b3b7c26e4b6205f5b0d0c8c4f063","type":"organization","name":"Shopify
        Playground"},"account":{"id":"8378b3b7c26e4b6205f5b0d0c8c4f063","name":"Shopify
        Playground"},"tenant":{"id":null,"name":null},"tenant_unit":{"id":null},"permissions":["#dns_records:edit","#dns_records:read","#zone:read"],"plan":{"id":"94f3b7b768b0458b56d2cac4fe5ec0f9","name":"Enterprise
        Website","price":0,"currency":"USD","frequency":"","is_subscribed":true,"can_subscribe":true,"legacy_id":"enterprise","legacy_discount":false,"externally_managed":true}},{"id":"0b70d4909fffd5d96a58b69ddd80041a","name":"chopifycdn.com","status":"active","paused":false,"type":"full","development_mode":0,"name_servers":["cory.ns.cloudflare.com","nora.ns.cloudflare.com"],"original_name_servers":null,"original_registrar":"markmonitor
        inc. (id: 292)","original_dnshost":null,"modified_on":"2024-08-20T15:54:28.806071Z","created_on":"2024-02-16T19:02:20.663788Z","activated_on":"2024-02-16T19:03:29.013184Z","vanity_name_servers":[],"vanity_name_servers_ips":null,"meta":{"step":2,"custom_certificate_quota":1,"page_rule_quota":100,"phishing_detected":false},"owner":{"id":"8378b3b7c26e4b6205f5b0d0c8c4f063","type":"organization","name":"Shopify
        Playground"},"account":{"id":"8378b3b7c26e4b6205f5b0d0c8c4f063","name":"Shopify
        Playground"},"tenant":{"id":null,"name":null},"tenant_unit":{"id":null},"permissions":["#dns_records:edit","#dns_records:read","#zone:read"],"plan":{"id":"94f3b7b768b0458b56d2cac4fe5ec0f9","name":"Enterprise
        Website","price":0,"currency":"USD","frequency":"","is_subscribed":true,"can_subscribe":true,"legacy_id":"enterprise","legacy_discount":false,"externally_managed":true}},{"id":"2418cfe449965306a5fed516634402b6","name":"cloudflarerules.shopitest.com","status":"active","paused":false,"type":"full","development_mode":0,"name_servers":["cory.ns.cloudflare.com","nora.ns.cloudflare.com"],"original_name_servers":["dns1.p06.nsone.net","dns2.p06.nsone.net","dns3.p06.nsone.net","dns4.p06.nsone.net","ns1.dnsimple.com","ns2.dnsimple.com","ns3.dnsimple.com","ns4.dnsimple.com"],"original_registrar":"markmonitor
        inc. (id: 292)","original_dnshost":null,"modified_on":"2024-08-20T16:58:58.544682Z","created_on":"2024-01-14T19:33:33.278245Z","activated_on":"2024-01-15T18:56:54.326446Z","vanity_name_servers":[],"vanity_name_servers_ips":null,"meta":{"step":2,"custom_certificate_quota":1,"page_rule_quota":100,"phishing_detected":false},"owner":{"id":"8378b3b7c26e4b6205f5b0d0c8c4f063","type":"organization","name":"Shopify
        Playground"},"account":{"id":"8378b3b7c26e4b6205f5b0d0c8c4f063","name":"Shopify
        Playground"},"tenant":{"id":null,"name":null},"tenant_unit":{"id":null},"permissions":["#dns_records:edit","#dns_records:read","#zone:read"],"plan":{"id":"94f3b7b768b0458b56d2cac4fe5ec0f9","name":"Enterprise
        Website","price":0,"currency":"USD","frequency":"","is_subscribed":true,"can_subscribe":true,"legacy_id":"enterprise","legacy_discount":false,"externally_managed":true}},{"id":"d784b5e63d9a657cc18e13ab92be75e1","name":"matt-metzger.shopitest.com","status":"active","paused":false,"type":"full","development_mode":-7499926,"name_servers":["cory.ns.cloudflare.com","nora.ns.cloudflare.com"],"original_name_servers":["dns1.p06.nsone.net","dns2.p06.nsone.net","dns3.p06.nsone.net","dns4.p06.nsone.net","ns1.dnsimple.com","ns2.dnsimple.com","ns3.dnsimple.com","ns4.dnsimple.com"],"original_registrar":"markmonitor
        inc. (id: 292)","original_dnshost":null,"modified_on":"2024-08-20T16:02:42.970212Z","created_on":"2024-07-08T17:23:32.708443Z","activated_on":"2024-07-08T17:49:44.693606Z","vanity_name_servers":[],"vanity_name_servers_ips":null,"meta":{"step":2,"custom_certificate_quota":1,"page_rule_quota":100,"phishing_detected":false},"owner":{"id":"8378b3b7c26e4b6205f5b0d0c8c4f063","type":"organization","name":"Shopify
        Playground"},"account":{"id":"8378b3b7c26e4b6205f5b0d0c8c4f063","name":"Shopify
        Playground"},"tenant":{"id":null,"name":null},"tenant_unit":{"id":null},"permissions":["#dns_records:edit","#dns_records:read","#zone:read"],"plan":{"id":"94f3b7b768b0458b56d2cac4fe5ec0f9","name":"Enterprise
        Website","price":0,"currency":"USD","frequency":"","is_subscribed":true,"can_subscribe":true,"legacy_id":"enterprise","legacy_discount":false,"externally_managed":true}},{"id":"94c68d31ae14ff097b47f536bd9144c4","name":"production.shopitest.com","status":"active","paused":false,"type":"full","development_mode":0,"name_servers":["cory.ns.cloudflare.com","nora.ns.cloudflare.com"],"original_name_servers":["dns1.p06.nsone.net","dns2.p06.nsone.net","dns3.p06.nsone.net","dns4.p06.nsone.net","ns1.dnsimple.com","ns2.dnsimple.com","ns3.dnsimple.com","ns4.dnsimple.com"],"original_registrar":"markmonitor
        inc. (id: 292)","original_dnshost":null,"modified_on":"2024-09-11T20:16:55.669928Z","created_on":"2023-08-24T19:47:26.027094Z","activated_on":"2023-08-24T20:18:34.979036Z","vanity_name_servers":[],"vanity_name_servers_ips":null,"meta":{"step":2,"custom_certificate_quota":1,"page_rule_quota":100,"phishing_detected":false},"owner":{"id":"8378b3b7c26e4b6205f5b0d0c8c4f063","type":"organization","name":"Shopify
        Playground"},"account":{"id":"8378b3b7c26e4b6205f5b0d0c8c4f063","name":"Shopify
        Playground"},"tenant":{"id":null,"name":null},"tenant_unit":{"id":null},"permissions":["#dns_records:edit","#dns_records:read","#zone:read"],"plan":{"id":"94f3b7b768b0458b56d2cac4fe5ec0f9","name":"Enterprise
        Website","price":0,"currency":"USD","frequency":"","is_subscribed":true,"can_subscribe":true,"legacy_id":"enterprise","legacy_discount":false,"externally_managed":true}},{"id":"7ed83734c471bd155e2fe23234c5c936","name":"record-store-dns-tests.shopitest.com","status":"pending","paused":false,"type":"full","development_mode":0,"name_servers":["cory.ns.cloudflare.com","nora.ns.cloudflare.com"],"original_name_servers":["dns1.p06.nsone.net","dns2.p06.nsone.net","dns3.p06.nsone.net","dns4.p06.nsone.net","ns1.dnsimple.com","ns2.dnsimple.com","ns3.dnsimple.com","ns4.dnsimple.com"],"original_registrar":"markmonitor
        inc. (id: 292)","original_dnshost":null,"modified_on":"2024-09-19T15:28:23.108643Z","created_on":"2024-09-19T15:28:12.917187Z","activated_on":null,"vanity_name_servers":[],"vanity_name_servers_ips":null,"meta":{"step":2,"custom_certificate_quota":1,"page_rule_quota":100,"phishing_detected":false},"owner":{"id":"8378b3b7c26e4b6205f5b0d0c8c4f063","type":"organization","name":"Shopify
        Playground"},"account":{"id":"8378b3b7c26e4b6205f5b0d0c8c4f063","name":"Shopify
        Playground"},"tenant":{"id":null,"name":null},"tenant_unit":{"id":null},"permissions":["#dns_records:edit","#dns_records:read","#zone:read"],"plan":{"id":"94f3b7b768b0458b56d2cac4fe5ec0f9","name":"Enterprise
        Website","price":0,"currency":"USD","frequency":"","is_subscribed":true,"can_subscribe":true,"legacy_id":"enterprise","legacy_discount":false,"externally_managed":true}},{"id":"275f58b23ae2db285e82a019923547ea","name":"staging.shopitest.com","status":"active","paused":false,"type":"full","development_mode":-33164068,"name_servers":["cory.ns.cloudflare.com","nora.ns.cloudflare.com"],"original_name_servers":["dns1.p06.nsone.net","dns2.p06.nsone.net","dns3.p06.nsone.net","dns4.p06.nsone.net","ns1.dnsimple.com","ns2.dnsimple.com","ns3.dnsimple.com","ns4.dnsimple.com"],"original_registrar":"markmonitor
        inc. (id: 292)","original_dnshost":null,"modified_on":"2024-10-01T19:28:04.207870Z","created_on":"2023-08-24T19:47:56.839647Z","activated_on":"2023-08-24T20:19:02.990798Z","vanity_name_servers":[],"vanity_name_servers_ips":null,"meta":{"step":2,"custom_certificate_quota":1,"page_rule_quota":100,"phishing_detected":false},"owner":{"id":"8378b3b7c26e4b6205f5b0d0c8c4f063","type":"organization","name":"Shopify
        Playground"},"account":{"id":"8378b3b7c26e4b6205f5b0d0c8c4f063","name":"Shopify
        Playground"},"tenant":{"id":null,"name":null},"tenant_unit":{"id":null},"permissions":["#dns_records:edit","#dns_records:read","#zone:read"],"plan":{"id":"94f3b7b768b0458b56d2cac4fe5ec0f9","name":"Enterprise
        Website","price":0,"currency":"USD","frequency":"","is_subscribed":true,"can_subscribe":true,"legacy_id":"enterprise","legacy_discount":false,"externally_managed":true}},{"id":"8e91b5276612ee2c63ebdca335add608","name":"tunnel.shopitest.com","status":"active","paused":false,"type":"full","development_mode":0,"name_servers":["cory.ns.cloudflare.com","nora.ns.cloudflare.com"],"original_name_servers":["dns1.p06.nsone.net","dns2.p06.nsone.net","dns3.p06.nsone.net","dns4.p06.nsone.net","ns1.dnsimple.com","ns2.dnsimple.com","ns3.dnsimple.com","ns4.dnsimple.com"],"original_registrar":"markmonitor
        inc. (id: 292)","original_dnshost":null,"modified_on":"2024-08-20T16:43:17.116649Z","created_on":"2024-03-25T16:28:05.401795Z","activated_on":"2024-03-25T16:49:26.377278Z","vanity_name_servers":[],"vanity_name_servers_ips":null,"meta":{"step":2,"custom_certificate_quota":1,"page_rule_quota":100,"phishing_detected":false},"owner":{"id":"8378b3b7c26e4b6205f5b0d0c8c4f063","type":"organization","name":"Shopify
        Playground"},"account":{"id":"8378b3b7c26e4b6205f5b0d0c8c4f063","name":"Shopify
        Playground"},"tenant":{"id":null,"name":null},"tenant_unit":{"id":null},"permissions":["#dns_records:edit","#dns_records:read","#zone:read"],"plan":{"id":"94f3b7b768b0458b56d2cac4fe5ec0f9","name":"Enterprise
        Website","price":0,"currency":"USD","frequency":"","is_subscribed":true,"can_subscribe":true,"legacy_id":"enterprise","legacy_discount":false,"externally_managed":true}}],"result_info":{"page":1,"per_page":20,"total_pages":1,"count":9,"total_count":9},"success":true,"errors":[],"messages":[]}'
  recorded_at: Thu, 17 Oct 2024 16:23:46 GMT
- request:
    method: post
    uri: https://api.cloudflare.com/client/v4/zones/7ed83734c471bd155e2fe23234c5c936/dns_records/batch
    body:
      encoding: UTF-8
      string: '{"deletes":[{"id":"d87cd142c3dd899ff89bf2589d55f3d6"}],"patches":[],"posts":[],"puts":[]}'
    headers:
      Accept-Encoding:
      - gzip;q=1.0,deflate;q=0.6,identity;q=0.3
      Accept:
      - application/json
      User-Agent:
      - Ruby
      Content-Type:
      - application/json
      Authorization:
      - Bearer <CLOUDFLARE_API_TOKEN>
  response:
    status:
      code: 200
      message: OK
    headers:
      Date:
      - Thu, 17 Oct 2024 16:23:46 GMT
      Content-Type:
      - application/json
      Transfer-Encoding:
      - chunked
      Connection:
      - keep-alive
      Cf-Ray:
      - 8d41a29418d0aae6-YYZ
      Cf-Cache-Status:
      - DYNAMIC
      Set-Cookie:
      - __cf_bm=vgg_XNSEKJid5ONZVHGgI17ryXHNg20gonAWmbAHCOA-1729182226-1.0.1.1-b5R8iUmw_ahNgl_8SkouHa0QaxATqgtjX7uDQjdJovuxzRWt1yIvUNH00QnoxXUiy1mNrNdotEnZp_Sq1gD4nQ;
        path=/; expires=Thu, 17-Oct-24 16:53:46 GMT; domain=.api.cloudflare.com; HttpOnly;
        Secure; SameSite=None
      - __cflb=0H28vgHxwvgAQtjUGUFqYFDiSDreGJnUtKo2sXjfYjP; SameSite=Lax; path=/;
        expires=Thu, 17-Oct-24 18:53:47 GMT; HttpOnly
      - __cfruid=b71a226986715bbb57b487836e61ce366c9ddb04-1729182226; path=/; domain=.api.cloudflare.com;
        HttpOnly; Secure; SameSite=None
      Vary:
      - Accept-Encoding
      Cf-Auditlog-Id:
      - '01929b4a-d8a1-7cd6-8a88-7940b77602c0'
      Server:
      - cloudflare
    body:
      encoding: ASCII-8BIT
      string: '{"result":{"deletes":[{"id":"d87cd142c3dd899ff89bf2589d55f3d6","zone_id":"7ed83734c471bd155e2fe23234c5c936","zone_name":"record-store-dns-tests.shopitest.com","name":"multi.record-store-dns-tests.shopitest.com","type":"A","content":"192.0.2.2","proxiable":true,"proxied":false,"ttl":600,"settings":{},"meta":{"auto_added":false,"managed_by_apps":false,"managed_by_argo_tunnel":false},"comment":null,"tags":[],"created_on":"2024-10-17T16:23:45.585389Z","modified_on":"2024-10-17T16:23:45.585389Z"}],"patches":null,"puts":null,"posts":null},"success":true,"errors":[],"messages":[]}'
  recorded_at: Thu, 17 Oct 2024 16:23:46 GMT
- request:
    method: get
    uri: https://api.cloudflare.com/client/v4/zones
    body:
      encoding: US-ASCII
      string: ''
    headers:
      Accept-Encoding:
      - gzip;q=1.0,deflate;q=0.6,identity;q=0.3
      Accept:
      - application/json
      User-Agent:
      - Ruby
      Content-Type:
      - application/json
      Authorization:
      - Bearer <CLOUDFLARE_API_TOKEN>
  response:
    status:
      code: 200
      message: OK
    headers:
      Date:
      - Thu, 17 Oct 2024 16:23:47 GMT
      Content-Type:
      - application/json
      Transfer-Encoding:
      - chunked
      Connection:
      - keep-alive
      Cf-Ray:
      - 8d41a295ca94aae6-YYZ
      Cf-Cache-Status:
      - DYNAMIC
      Cache-Control:
      - no-store, no-cache, must-revalidate, post-check=0, pre-check=0
      Expires:
      - Sun, 25 Jan 1981 05:00:00 GMT
      Set-Cookie:
      - __cf_bm=NUEg8tH.jIY3M711JGncBDJ0A2SrmbghzaFGYt2UcVE-1729182227-1.0.1.1-azS1lQ0xQmpvRywQJUW1rcn9cQ_jC9.3.Cu3cajbrfJzrg3ZbOxjhwe9G_c34Ozxt8AS3pJ7qWEY0m.hyYp8Jw;
        path=/; expires=Thu, 17-Oct-24 16:53:47 GMT; domain=.api.cloudflare.com; HttpOnly;
        Secure; SameSite=None
      - __cflb=0H28vgHxwvgAQtjUGUFqYFDiSDreGJnUtKo2sXjfYjP; SameSite=Lax; path=/;
        expires=Thu, 17-Oct-24 18:53:48 GMT; HttpOnly
      - __cfruid=2eeb3d95f67ce036c394aceb33988db5249d7be4-1729182227; path=/; domain=.api.cloudflare.com;
        HttpOnly; Secure; SameSite=None
      Strict-Transport-Security:
      - max-age=31536000
      Pragma:
      - no-cache
      Cf-Auditlog-Id:
      - '01929b4a-d9a6-7b66-a6b6-5cd547ccf19f'
      X-Content-Type-Options:
      - nosniff
      X-Frame-Options:
      - SAMEORIGIN
      Vary:
      - Accept-Encoding
      Server:
      - cloudflare
    body:
      encoding: ASCII-8BIT
      string: '{"result":[{"id":"c2777ebe2e47b52ad23fc163e086200b","name":"aaliam_test.shopitest.com","status":"active","paused":false,"type":"full","development_mode":0,"name_servers":["cory.ns.cloudflare.com","nora.ns.cloudflare.com"],"original_name_servers":["dns1.p06.nsone.net","dns2.p06.nsone.net","dns3.p06.nsone.net","dns4.p06.nsone.net","ns1.dnsimple.com","ns2.dnsimple.com","ns3.dnsimple.com","ns4.dnsimple.com"],"original_registrar":"markmonitor
        inc. (id: 292)","original_dnshost":null,"modified_on":"2024-10-10T02:19:22.929713Z","created_on":"2024-10-08T17:37:55.390740Z","activated_on":"2024-10-08T18:29:40.926483Z","vanity_name_servers":[],"vanity_name_servers_ips":null,"meta":{"step":4,"custom_certificate_quota":1,"page_rule_quota":100,"phishing_detected":false},"owner":{"id":"8378b3b7c26e4b6205f5b0d0c8c4f063","type":"organization","name":"Shopify
        Playground"},"account":{"id":"8378b3b7c26e4b6205f5b0d0c8c4f063","name":"Shopify
        Playground"},"tenant":{"id":null,"name":null},"tenant_unit":{"id":null},"permissions":["#dns_records:edit","#dns_records:read","#zone:read"],"plan":{"id":"94f3b7b768b0458b56d2cac4fe5ec0f9","name":"Enterprise
        Website","price":0,"currency":"USD","frequency":"","is_subscribed":true,"can_subscribe":true,"legacy_id":"enterprise","legacy_discount":false,"externally_managed":true}},{"id":"ddc84d78b64e3e18bc53591abe8c5fe5","name":"chopify.app","status":"active","paused":false,"type":"partial","development_mode":-95510303,"verification_key":"963442547-421852129","cname_suffix":"cdn.cloudflare.net","original_name_servers":["ns1.markmonitor.com","ns2.markmonitor.com","ns3.markmonitor.com","ns4.markmonitor.com"],"original_registrar":"markmonitor
        inc. (id: 292)","original_dnshost":null,"modified_on":"2024-10-01T19:28:08.437065Z","created_on":"2021-04-16T16:27:00.175539Z","activated_on":"2021-04-16T16:31:23.579534Z","meta":{"step":2,"custom_certificate_quota":1,"page_rule_quota":100,"phishing_detected":false},"owner":{"id":"8378b3b7c26e4b6205f5b0d0c8c4f063","type":"organization","name":"Shopify
        Playground"},"account":{"id":"8378b3b7c26e4b6205f5b0d0c8c4f063","name":"Shopify
        Playground"},"tenant":{"id":null,"name":null},"tenant_unit":{"id":null},"permissions":["#dns_records:edit","#dns_records:read","#zone:read"],"plan":{"id":"94f3b7b768b0458b56d2cac4fe5ec0f9","name":"Enterprise
        Website","price":0,"currency":"USD","frequency":"","is_subscribed":true,"can_subscribe":true,"legacy_id":"enterprise","legacy_discount":false,"externally_managed":true}},{"id":"0b70d4909fffd5d96a58b69ddd80041a","name":"chopifycdn.com","status":"active","paused":false,"type":"full","development_mode":0,"name_servers":["cory.ns.cloudflare.com","nora.ns.cloudflare.com"],"original_name_servers":null,"original_registrar":"markmonitor
        inc. (id: 292)","original_dnshost":null,"modified_on":"2024-08-20T15:54:28.806071Z","created_on":"2024-02-16T19:02:20.663788Z","activated_on":"2024-02-16T19:03:29.013184Z","vanity_name_servers":[],"vanity_name_servers_ips":null,"meta":{"step":2,"custom_certificate_quota":1,"page_rule_quota":100,"phishing_detected":false},"owner":{"id":"8378b3b7c26e4b6205f5b0d0c8c4f063","type":"organization","name":"Shopify
        Playground"},"account":{"id":"8378b3b7c26e4b6205f5b0d0c8c4f063","name":"Shopify
        Playground"},"tenant":{"id":null,"name":null},"tenant_unit":{"id":null},"permissions":["#dns_records:edit","#dns_records:read","#zone:read"],"plan":{"id":"94f3b7b768b0458b56d2cac4fe5ec0f9","name":"Enterprise
        Website","price":0,"currency":"USD","frequency":"","is_subscribed":true,"can_subscribe":true,"legacy_id":"enterprise","legacy_discount":false,"externally_managed":true}},{"id":"2418cfe449965306a5fed516634402b6","name":"cloudflarerules.shopitest.com","status":"active","paused":false,"type":"full","development_mode":0,"name_servers":["cory.ns.cloudflare.com","nora.ns.cloudflare.com"],"original_name_servers":["dns1.p06.nsone.net","dns2.p06.nsone.net","dns3.p06.nsone.net","dns4.p06.nsone.net","ns1.dnsimple.com","ns2.dnsimple.com","ns3.dnsimple.com","ns4.dnsimple.com"],"original_registrar":"markmonitor
        inc. (id: 292)","original_dnshost":null,"modified_on":"2024-08-20T16:58:58.544682Z","created_on":"2024-01-14T19:33:33.278245Z","activated_on":"2024-01-15T18:56:54.326446Z","vanity_name_servers":[],"vanity_name_servers_ips":null,"meta":{"step":2,"custom_certificate_quota":1,"page_rule_quota":100,"phishing_detected":false},"owner":{"id":"8378b3b7c26e4b6205f5b0d0c8c4f063","type":"organization","name":"Shopify
        Playground"},"account":{"id":"8378b3b7c26e4b6205f5b0d0c8c4f063","name":"Shopify
        Playground"},"tenant":{"id":null,"name":null},"tenant_unit":{"id":null},"permissions":["#dns_records:edit","#dns_records:read","#zone:read"],"plan":{"id":"94f3b7b768b0458b56d2cac4fe5ec0f9","name":"Enterprise
        Website","price":0,"currency":"USD","frequency":"","is_subscribed":true,"can_subscribe":true,"legacy_id":"enterprise","legacy_discount":false,"externally_managed":true}},{"id":"d784b5e63d9a657cc18e13ab92be75e1","name":"matt-metzger.shopitest.com","status":"active","paused":false,"type":"full","development_mode":-7499927,"name_servers":["cory.ns.cloudflare.com","nora.ns.cloudflare.com"],"original_name_servers":["dns1.p06.nsone.net","dns2.p06.nsone.net","dns3.p06.nsone.net","dns4.p06.nsone.net","ns1.dnsimple.com","ns2.dnsimple.com","ns3.dnsimple.com","ns4.dnsimple.com"],"original_registrar":"markmonitor
        inc. (id: 292)","original_dnshost":null,"modified_on":"2024-08-20T16:02:42.970212Z","created_on":"2024-07-08T17:23:32.708443Z","activated_on":"2024-07-08T17:49:44.693606Z","vanity_name_servers":[],"vanity_name_servers_ips":null,"meta":{"step":2,"custom_certificate_quota":1,"page_rule_quota":100,"phishing_detected":false},"owner":{"id":"8378b3b7c26e4b6205f5b0d0c8c4f063","type":"organization","name":"Shopify
        Playground"},"account":{"id":"8378b3b7c26e4b6205f5b0d0c8c4f063","name":"Shopify
        Playground"},"tenant":{"id":null,"name":null},"tenant_unit":{"id":null},"permissions":["#dns_records:edit","#dns_records:read","#zone:read"],"plan":{"id":"94f3b7b768b0458b56d2cac4fe5ec0f9","name":"Enterprise
        Website","price":0,"currency":"USD","frequency":"","is_subscribed":true,"can_subscribe":true,"legacy_id":"enterprise","legacy_discount":false,"externally_managed":true}},{"id":"94c68d31ae14ff097b47f536bd9144c4","name":"production.shopitest.com","status":"active","paused":false,"type":"full","development_mode":0,"name_servers":["cory.ns.cloudflare.com","nora.ns.cloudflare.com"],"original_name_servers":["dns1.p06.nsone.net","dns2.p06.nsone.net","dns3.p06.nsone.net","dns4.p06.nsone.net","ns1.dnsimple.com","ns2.dnsimple.com","ns3.dnsimple.com","ns4.dnsimple.com"],"original_registrar":"markmonitor
        inc. (id: 292)","original_dnshost":null,"modified_on":"2024-09-11T20:16:55.669928Z","created_on":"2023-08-24T19:47:26.027094Z","activated_on":"2023-08-24T20:18:34.979036Z","vanity_name_servers":[],"vanity_name_servers_ips":null,"meta":{"step":2,"custom_certificate_quota":1,"page_rule_quota":100,"phishing_detected":false},"owner":{"id":"8378b3b7c26e4b6205f5b0d0c8c4f063","type":"organization","name":"Shopify
        Playground"},"account":{"id":"8378b3b7c26e4b6205f5b0d0c8c4f063","name":"Shopify
        Playground"},"tenant":{"id":null,"name":null},"tenant_unit":{"id":null},"permissions":["#dns_records:edit","#dns_records:read","#zone:read"],"plan":{"id":"94f3b7b768b0458b56d2cac4fe5ec0f9","name":"Enterprise
        Website","price":0,"currency":"USD","frequency":"","is_subscribed":true,"can_subscribe":true,"legacy_id":"enterprise","legacy_discount":false,"externally_managed":true}},{"id":"7ed83734c471bd155e2fe23234c5c936","name":"record-store-dns-tests.shopitest.com","status":"pending","paused":false,"type":"full","development_mode":0,"name_servers":["cory.ns.cloudflare.com","nora.ns.cloudflare.com"],"original_name_servers":["dns1.p06.nsone.net","dns2.p06.nsone.net","dns3.p06.nsone.net","dns4.p06.nsone.net","ns1.dnsimple.com","ns2.dnsimple.com","ns3.dnsimple.com","ns4.dnsimple.com"],"original_registrar":"markmonitor
        inc. (id: 292)","original_dnshost":null,"modified_on":"2024-09-19T15:28:23.108643Z","created_on":"2024-09-19T15:28:12.917187Z","activated_on":null,"vanity_name_servers":[],"vanity_name_servers_ips":null,"meta":{"step":2,"custom_certificate_quota":1,"page_rule_quota":100,"phishing_detected":false},"owner":{"id":"8378b3b7c26e4b6205f5b0d0c8c4f063","type":"organization","name":"Shopify
        Playground"},"account":{"id":"8378b3b7c26e4b6205f5b0d0c8c4f063","name":"Shopify
        Playground"},"tenant":{"id":null,"name":null},"tenant_unit":{"id":null},"permissions":["#dns_records:edit","#dns_records:read","#zone:read"],"plan":{"id":"94f3b7b768b0458b56d2cac4fe5ec0f9","name":"Enterprise
        Website","price":0,"currency":"USD","frequency":"","is_subscribed":true,"can_subscribe":true,"legacy_id":"enterprise","legacy_discount":false,"externally_managed":true}},{"id":"275f58b23ae2db285e82a019923547ea","name":"staging.shopitest.com","status":"active","paused":false,"type":"full","development_mode":-33164069,"name_servers":["cory.ns.cloudflare.com","nora.ns.cloudflare.com"],"original_name_servers":["dns1.p06.nsone.net","dns2.p06.nsone.net","dns3.p06.nsone.net","dns4.p06.nsone.net","ns1.dnsimple.com","ns2.dnsimple.com","ns3.dnsimple.com","ns4.dnsimple.com"],"original_registrar":"markmonitor
        inc. (id: 292)","original_dnshost":null,"modified_on":"2024-10-01T19:28:04.207870Z","created_on":"2023-08-24T19:47:56.839647Z","activated_on":"2023-08-24T20:19:02.990798Z","vanity_name_servers":[],"vanity_name_servers_ips":null,"meta":{"step":2,"custom_certificate_quota":1,"page_rule_quota":100,"phishing_detected":false},"owner":{"id":"8378b3b7c26e4b6205f5b0d0c8c4f063","type":"organization","name":"Shopify
        Playground"},"account":{"id":"8378b3b7c26e4b6205f5b0d0c8c4f063","name":"Shopify
        Playground"},"tenant":{"id":null,"name":null},"tenant_unit":{"id":null},"permissions":["#dns_records:edit","#dns_records:read","#zone:read"],"plan":{"id":"94f3b7b768b0458b56d2cac4fe5ec0f9","name":"Enterprise
        Website","price":0,"currency":"USD","frequency":"","is_subscribed":true,"can_subscribe":true,"legacy_id":"enterprise","legacy_discount":false,"externally_managed":true}},{"id":"8e91b5276612ee2c63ebdca335add608","name":"tunnel.shopitest.com","status":"active","paused":false,"type":"full","development_mode":0,"name_servers":["cory.ns.cloudflare.com","nora.ns.cloudflare.com"],"original_name_servers":["dns1.p06.nsone.net","dns2.p06.nsone.net","dns3.p06.nsone.net","dns4.p06.nsone.net","ns1.dnsimple.com","ns2.dnsimple.com","ns3.dnsimple.com","ns4.dnsimple.com"],"original_registrar":"markmonitor
        inc. (id: 292)","original_dnshost":null,"modified_on":"2024-08-20T16:43:17.116649Z","created_on":"2024-03-25T16:28:05.401795Z","activated_on":"2024-03-25T16:49:26.377278Z","vanity_name_servers":[],"vanity_name_servers_ips":null,"meta":{"step":2,"custom_certificate_quota":1,"page_rule_quota":100,"phishing_detected":false},"owner":{"id":"8378b3b7c26e4b6205f5b0d0c8c4f063","type":"organization","name":"Shopify
        Playground"},"account":{"id":"8378b3b7c26e4b6205f5b0d0c8c4f063","name":"Shopify
        Playground"},"tenant":{"id":null,"name":null},"tenant_unit":{"id":null},"permissions":["#dns_records:edit","#dns_records:read","#zone:read"],"plan":{"id":"94f3b7b768b0458b56d2cac4fe5ec0f9","name":"Enterprise
        Website","price":0,"currency":"USD","frequency":"","is_subscribed":true,"can_subscribe":true,"legacy_id":"enterprise","legacy_discount":false,"externally_managed":true}}],"result_info":{"page":1,"per_page":20,"total_pages":1,"count":9,"total_count":9},"success":true,"errors":[],"messages":[]}'
  recorded_at: Thu, 17 Oct 2024 16:23:47 GMT
- request:
    method: get
    uri: https://api.cloudflare.com/client/v4/zones/7ed83734c471bd155e2fe23234c5c936/dns_records
    body:
      encoding: US-ASCII
      string: ''
    headers:
      Accept-Encoding:
      - gzip;q=1.0,deflate;q=0.6,identity;q=0.3
      Accept:
      - application/json
      User-Agent:
      - Ruby
      Content-Type:
      - application/json
      Authorization:
      - Bearer <CLOUDFLARE_API_TOKEN>
  response:
    status:
      code: 200
      message: OK
    headers:
      Date:
      - Thu, 17 Oct 2024 16:23:47 GMT
      Content-Type:
      - application/json
      Transfer-Encoding:
      - chunked
      Connection:
      - keep-alive
      Cf-Ray:
      - 8d41a2975c59aae6-YYZ
      Cf-Cache-Status:
      - DYNAMIC
      Set-Cookie:
      - __cf_bm=rQ.x0bZKzvBMJ83i6yPxmlKwxXaCA48jLtC5gBn.qwM-1729182227-1.0.1.1-l_MqV5.gsaqs34k0f_xaAg.KONRfn73as.Fm15OFdFIQPOSwRVwtTi_F.RZFaB5IPdrQxWCL0rISboEFmPb2lw;
        path=/; expires=Thu, 17-Oct-24 16:53:47 GMT; domain=.api.cloudflare.com; HttpOnly;
        Secure; SameSite=None
      - __cflb=0H28vgHxwvgAQtjUGUFqYFDiSDreGJnUtVVhtLZA9zu; SameSite=Lax; path=/;
        expires=Thu, 17-Oct-24 18:53:48 GMT; HttpOnly
      - __cfruid=2eeb3d95f67ce036c394aceb33988db5249d7be4-1729182227; path=/; domain=.api.cloudflare.com;
        HttpOnly; Secure; SameSite=None
      Vary:
      - Accept-Encoding
      Cf-Auditlog-Id:
      - '01929b4a-daa6-73d7-8653-945ac56ca6db'
      Server:
      - cloudflare
    body:
      encoding: ASCII-8BIT
      string: '{"result":[{"id":"6902b80fe1e0437b3515f8cfa9c333dc","zone_id":"7ed83734c471bd155e2fe23234c5c936","zone_name":"record-store-dns-tests.shopitest.com","name":"add.record-store-dns-tests.shopitest.com","type":"A","content":"192.0.2.1","proxiable":true,"proxied":false,"ttl":600,"settings":{},"meta":{"auto_added":false,"managed_by_apps":false,"managed_by_argo_tunnel":false},"comment":null,"tags":[],"created_on":"2024-10-17T16:23:41.98645Z","modified_on":"2024-10-17T16:23:41.98645Z"},{"id":"2eda65077ef30da9fb9e16468ea024fa","zone_id":"7ed83734c471bd155e2fe23234c5c936","zone_name":"record-store-dns-tests.shopitest.com","name":"multi1.record-store-dns-tests.shopitest.com","type":"A","content":"192.0.2.1","proxiable":true,"proxied":false,"ttl":600,"settings":{},"meta":{"auto_added":false,"managed_by_apps":false,"managed_by_argo_tunnel":false},"comment":null,"tags":[],"created_on":"2024-10-17T16:23:43.34526Z","modified_on":"2024-10-17T16:23:43.34526Z"},{"id":"09e6370ec11da3ff734cbd8686c76095","zone_id":"7ed83734c471bd155e2fe23234c5c936","zone_name":"record-store-dns-tests.shopitest.com","name":"multi1.record-store-dns-tests.shopitest.com","type":"A","content":"192.0.2.3","proxiable":true,"proxied":false,"ttl":600,"settings":{},"meta":{"auto_added":false,"managed_by_apps":false,"managed_by_argo_tunnel":false},"comment":null,"tags":[],"created_on":"2024-10-17T16:23:43.34526Z","modified_on":"2024-10-17T16:23:43.34526Z"},{"id":"783fb83b8de854c17cd0f14756e89a56","zone_id":"7ed83734c471bd155e2fe23234c5c936","zone_name":"record-store-dns-tests.shopitest.com","name":"multi2.record-store-dns-tests.shopitest.com","type":"A","content":"192.0.2.2","proxiable":true,"proxied":false,"ttl":600,"settings":{},"meta":{"auto_added":false,"managed_by_apps":false,"managed_by_argo_tunnel":false},"comment":null,"tags":[],"created_on":"2024-10-17T16:23:43.34526Z","modified_on":"2024-10-17T16:23:43.34526Z"},{"id":"548c7516cc72eebd21db14563996cdda","zone_id":"7ed83734c471bd155e2fe23234c5c936","zone_name":"record-store-dns-tests.shopitest.com","name":"multi.record-store-dns-tests.shopitest.com","type":"A","content":"192.0.2.1","proxiable":true,"proxied":false,"ttl":600,"settings":{},"meta":{"auto_added":false,"managed_by_apps":false,"managed_by_argo_tunnel":false},"comment":null,"tags":[],"created_on":"2024-10-17T16:23:45.585389Z","modified_on":"2024-10-17T16:23:45.585389Z"},{"id":"00acb5f04c31a7ac0d1d2b60789d8970","zone_id":"7ed83734c471bd155e2fe23234c5c936","zone_name":"record-store-dns-tests.shopitest.com","name":"alias.record-store-dns-tests.shopitest.com","type":"CNAME","content":"target.record-store-dns-tests.shopitest.com","proxiable":true,"proxied":false,"ttl":600,"settings":{"flatten_cname":true},"meta":{"auto_added":false,"managed_by_apps":false,"managed_by_argo_tunnel":false},"comment":null,"tags":[],"created_on":"2024-10-17T16:23:44.570482Z","modified_on":"2024-10-17T16:23:44.570482Z"},{"id":"d256309eb12835d40b334ccd13c10976","zone_id":"7ed83734c471bd155e2fe23234c5c936","zone_name":"record-store-dns-tests.shopitest.com","name":"mx.record-store-dns-tests.shopitest.com","type":"MX","content":"mail.record-store-dns-tests.shopitest.com","priority":10,"proxiable":false,"proxied":false,"ttl":600,"settings":{},"meta":{"auto_added":false,"managed_by_apps":false,"managed_by_argo_tunnel":false},"comment":null,"tags":[],"created_on":"2024-10-01T16:17:15.897349Z","modified_on":"2024-10-01T16:17:15.897349Z"}],"success":true,"errors":[],"messages":[],"result_info":{"page":1,"per_page":100,"count":7,"total_count":7,"total_pages":1}}'
  recorded_at: Thu, 17 Oct 2024 16:23:47 GMT
recorded_with: VCR 6.2.0
