---
http_interactions:
- request:
    method: get
    uri: https://api.cloudflare.com/zones/7ed83734c471bd155e2fe23234c5c936/dns_records
    body:
      encoding: US-ASCII
      string: ''
    headers:
      Accept-Encoding:
      - gzip;q=1.0,deflate;q=0.6,identity;q=0.3
      Accept:
      - application/json
      User-Agent:
      - Ruby
      Content-Type:
      - application/json
      Authorization:
      - Bearer <CLOUDFLARE_API_TOKEN>
  response:
    status:
      code: 404
      message: Not Found
    headers:
      Date:
      - Tue, 01 Oct 2024 15:52:10 GMT
      Content-Type:
      - application/json
      Transfer-Encoding:
      - chunked
      Connection:
      - keep-alive
      Cf-Ray:
      - 8cbd9e47e916a21a-YYZ
      Cf-Cache-Status:
      - DYNAMIC
      Set-Cookie:
      - __cf_bm=BhTNDqjNNxLFRPiLdECzn8DuD8cREpvArGXYE_DJAJ8-1727797930-1.0.1.1-wuBUpFayaXrQbe8q7ctAeQW0xoLF_bbmQH8jRPkLWhsraKsd55yeEyKW0_btuPaLVzOYA4u9RUIWBo1Bl64Xtw;
        path=/; expires=Tue, 01-Oct-24 16:22:10 GMT; domain=.api.cloudflare.com; HttpOnly;
        Secure; SameSite=None
      - __cflb=0H28vgHxwvgAQtjUGUFqYFDiSDreGJnUxP6QrJW12gV; SameSite=Lax; path=/;
        expires=Tue, 01-Oct-24 18:22:11 GMT; HttpOnly
      Cf-Auditlog-Id:
      - '019248c8-2900-75c9-9b33-6407e9947a52'
      Vary:
      - Accept-Encoding
      Server:
      - cloudflare
      X-Ratelimit-Period:
      - 0
    body:
      encoding: ASCII-8BIT
      string: '{"success":false,"errors":[{"code":7000,"message":"No route for that
        URI"}]}'
  recorded_at: Tue, 01 Oct 2024 15:52:10 GMT
- request:
    method: get
    uri: https://api.cloudflare.com/zones/7ed83734c471bd155e2fe23234c5c936/dns_records
    body:
      encoding: US-ASCII
      string: ''
    headers:
      Accept-Encoding:
      - gzip;q=1.0,deflate;q=0.6,identity;q=0.3
      Accept:
      - application/json
      User-Agent:
      - Ruby
      Content-Type:
      - application/json
      Authorization:
      - Bearer <CLOUDFLARE_API_TOKEN>
  response:
    status:
      code: 404
      message: Not Found
    headers:
      Date:
      - Tue, 01 Oct 2024 15:52:10 GMT
      Content-Type:
      - application/json
      Transfer-Encoding:
      - chunked
      Connection:
      - keep-alive
      Cf-Ray:
      - 8cbd9e48da29a21a-YYZ
      Cf-Cache-Status:
      - DYNAMIC
      Set-Cookie:
      - __cf_bm=EM2NZhon38azIM2mghFkB8HUYquK0ZLClRIzb5aK3U4-1727797930-1.0.1.1-F8ei5yzQaVbQzBWOhjCs.bA60Ty1S0IF6BAekHvz5o.WciLtj7n30FRQDxYGnMF_PLttDnUBD0QmgQVdedW.Qg;
        path=/; expires=Tue, 01-Oct-24 16:22:10 GMT; domain=.api.cloudflare.com; HttpOnly;
        Secure; SameSite=None
      - __cflb=0H28vgHxwvgAQtjUGUFqYFDiSDreGJnUxP6QrJW12gV; SameSite=Lax; path=/;
        expires=Tue, 01-Oct-24 18:22:11 GMT; HttpOnly
      Cf-Auditlog-Id:
      - '019248c8-2991-70d0-b7bf-59007f03dfe8'
      Vary:
      - Accept-Encoding
      Server:
      - cloudflare
      X-Ratelimit-Period:
      - 0
    body:
      encoding: ASCII-8BIT
      string: '{"success":false,"errors":[{"code":7000,"message":"No route for that
        URI"}]}'
  recorded_at: Tue, 01 Oct 2024 15:52:10 GMT
- request:
    method: post
    uri: https://api.cloudflare.com/client/v4/zones/7ed83734c471bd155e2fe23234c5c936/dns_records
    body:
      encoding: UTF-8
      string: '{"name":"add.record-store-dns-tests.shopitest.com.","ttl":600,"type":"A","content":"192.0.2.1"}'
    headers:
      Accept-Encoding:
      - gzip;q=1.0,deflate;q=0.6,identity;q=0.3
      Accept:
      - application/json
      User-Agent:
      - Ruby
      Content-Type:
      - application/json
      Authorization:
      - Bearer <CLOUDFLARE_API_TOKEN>
  response:
    status:
      code: 400
      message: Bad Request
    headers:
      Date:
      - Tue, 15 Oct 2024 15:58:37 GMT
      Content-Type:
      - application/json
      Transfer-Encoding:
      - chunked
      Connection:
      - keep-alive
      Cf-Ray:
      - 8d3102fa4dc638e4-YYZ
      Cf-Cache-Status:
      - DYNAMIC
      Set-Cookie:
      - __cf_bm=Oxuo_ONnxwyFIq1AXsBxdjnomW7DQd4Wl_nciUwJeX8-1729007917-1.0.1.1-mxvYcX8M6HdZ_rPIUEcLyZ6FwwSlTkA6CANHxRgBTZ_VlcYcVlgXPRWAmYECpKQzWfmpq4DCR_KrFjF7VIhTNg;
        path=/; expires=Tue, 15-Oct-24 16:28:37 GMT; domain=.api.cloudflare.com; HttpOnly;
        Secure; SameSite=None
      - __cflb=0H28vgHxwvgAQtjUGUFqYFDiSDreGJnUxsUCsf18iCm; SameSite=Lax; path=/;
        expires=Tue, 15-Oct-24 18:28:38 GMT; HttpOnly
      - __cfruid=1d0873ab5a2658711293c5108ca13b8b167f6fb6-1729007917; path=/; domain=.api.cloudflare.com;
        HttpOnly; Secure; SameSite=None
      Vary:
      - Accept-Encoding
      Cf-Auditlog-Id:
      - '019290e7-187b-73ec-970e-b77583f4b768'
      Server:
      - cloudflare
      X-Ratelimit-Period:
      - 0
    body:
      encoding: ASCII-8BIT
      string: '{"result":null,"success":false,"errors":[{"code":81058,"message":"A
        record with the same settings already exists."}],"messages":[]}'
  recorded_at: Tue, 15 Oct 2024 15:58:37 GMT
- request:
    method: get
    uri: https://api.cloudflare.com/client/v4/zones
    body:
      encoding: US-ASCII
      string: ''
    headers:
      Accept-Encoding:
      - gzip;q=1.0,deflate;q=0.6,identity;q=0.3
      Accept:
      - application/json
      User-Agent:
      - Ruby
      Content-Type:
      - application/json
      Authorization:
      - Bearer <CLOUDFLARE_API_TOKEN>
  response:
    status:
      code: 200
      message: OK
    headers:
      Date:
      - Wed, 16 Oct 2024 16:45:24 GMT
      Content-Type:
      - application/json
      Transfer-Encoding:
      - chunked
      Connection:
      - keep-alive
      Cf-Ray:
      - 8d3984e49ce7aae6-YYZ
      Cf-Cache-Status:
      - DYNAMIC
      Cache-Control:
      - no-store, no-cache, must-revalidate, post-check=0, pre-check=0
      Expires:
      - Sun, 25 Jan 1981 05:00:00 GMT
      Set-Cookie:
      - __cf_bm=YTsWCX4reB5G3RKSQPXunlVCZfPHNj5GrPDO2cWX5CQ-1729097124-1.0.1.1-CB5JfRVMWJtI7TCG9vhddUZne8HFblsQR8ufv33ugrxw1znqNu_zK2AoTgMKND9x38swamSB9XrS9.gSm1dEOA;
        path=/; expires=Wed, 16-Oct-24 17:15:24 GMT; domain=.api.cloudflare.com; HttpOnly;
        Secure; SameSite=None
      - __cflb=0H28vgHxwvgAQtjUGUFqYFDiSDreGJnUwKU9ctcW85B; SameSite=Lax; path=/;
        expires=Wed, 16-Oct-24 19:15:25 GMT; HttpOnly
      - __cfruid=1d39dd865355ff5c1414df295d4a6f4860836ac2-1729097124; path=/; domain=.api.cloudflare.com;
        HttpOnly; Secure; SameSite=None
      Strict-Transport-Security:
      - max-age=31536000
      Pragma:
      - no-cache
      Cf-Auditlog-Id:
      - '01929638-4aef-7571-b97f-99a0392ab144'
      X-Content-Type-Options:
      - nosniff
      X-Frame-Options:
      - SAMEORIGIN
      Vary:
      - Accept-Encoding
      Server:
      - cloudflare
    body:
      encoding: ASCII-8BIT
      string: '{"result":[{"id":"c2777ebe2e47b52ad23fc163e086200b","name":"aaliam_test.shopitest.com","status":"active","paused":false,"type":"full","development_mode":0,"name_servers":["cory.ns.cloudflare.com","nora.ns.cloudflare.com"],"original_name_servers":["dns1.p06.nsone.net","dns2.p06.nsone.net","dns3.p06.nsone.net","dns4.p06.nsone.net","ns1.dnsimple.com","ns2.dnsimple.com","ns3.dnsimple.com","ns4.dnsimple.com"],"original_registrar":"markmonitor
        inc. (id: 292)","original_dnshost":null,"modified_on":"2024-10-10T02:19:22.929713Z","created_on":"2024-10-08T17:37:55.390740Z","activated_on":"2024-10-08T18:29:40.926483Z","vanity_name_servers":[],"vanity_name_servers_ips":null,"meta":{"step":4,"custom_certificate_quota":1,"page_rule_quota":100,"phishing_detected":false},"owner":{"id":"8378b3b7c26e4b6205f5b0d0c8c4f063","type":"organization","name":"Shopify
        Playground"},"account":{"id":"8378b3b7c26e4b6205f5b0d0c8c4f063","name":"Shopify
        Playground"},"tenant":{"id":null,"name":null},"tenant_unit":{"id":null},"permissions":["#dns_records:edit","#dns_records:read","#zone:read"],"plan":{"id":"94f3b7b768b0458b56d2cac4fe5ec0f9","name":"Enterprise
        Website","price":0,"currency":"USD","frequency":"","is_subscribed":true,"can_subscribe":true,"legacy_id":"enterprise","legacy_discount":false,"externally_managed":true}},{"id":"ddc84d78b64e3e18bc53591abe8c5fe5","name":"chopify.app","status":"active","paused":false,"type":"partial","development_mode":-95425200,"verification_key":"963442547-421852129","cname_suffix":"cdn.cloudflare.net","original_name_servers":["ns1.markmonitor.com","ns2.markmonitor.com","ns3.markmonitor.com","ns4.markmonitor.com"],"original_registrar":"markmonitor
        inc. (id: 292)","original_dnshost":null,"modified_on":"2024-10-01T19:28:08.437065Z","created_on":"2021-04-16T16:27:00.175539Z","activated_on":"2021-04-16T16:31:23.579534Z","meta":{"step":2,"custom_certificate_quota":1,"page_rule_quota":100,"phishing_detected":false},"owner":{"id":"8378b3b7c26e4b6205f5b0d0c8c4f063","type":"organization","name":"Shopify
        Playground"},"account":{"id":"8378b3b7c26e4b6205f5b0d0c8c4f063","name":"Shopify
        Playground"},"tenant":{"id":null,"name":null},"tenant_unit":{"id":null},"permissions":["#dns_records:edit","#dns_records:read","#zone:read"],"plan":{"id":"94f3b7b768b0458b56d2cac4fe5ec0f9","name":"Enterprise
        Website","price":0,"currency":"USD","frequency":"","is_subscribed":true,"can_subscribe":true,"legacy_id":"enterprise","legacy_discount":false,"externally_managed":true}},{"id":"0b70d4909fffd5d96a58b69ddd80041a","name":"chopifycdn.com","status":"active","paused":false,"type":"full","development_mode":0,"name_servers":["cory.ns.cloudflare.com","nora.ns.cloudflare.com"],"original_name_servers":null,"original_registrar":"markmonitor
        inc. (id: 292)","original_dnshost":null,"modified_on":"2024-08-20T15:54:28.806071Z","created_on":"2024-02-16T19:02:20.663788Z","activated_on":"2024-02-16T19:03:29.013184Z","vanity_name_servers":[],"vanity_name_servers_ips":null,"meta":{"step":2,"custom_certificate_quota":1,"page_rule_quota":100,"phishing_detected":false},"owner":{"id":"8378b3b7c26e4b6205f5b0d0c8c4f063","type":"organization","name":"Shopify
        Playground"},"account":{"id":"8378b3b7c26e4b6205f5b0d0c8c4f063","name":"Shopify
        Playground"},"tenant":{"id":null,"name":null},"tenant_unit":{"id":null},"permissions":["#dns_records:edit","#dns_records:read","#zone:read"],"plan":{"id":"94f3b7b768b0458b56d2cac4fe5ec0f9","name":"Enterprise
        Website","price":0,"currency":"USD","frequency":"","is_subscribed":true,"can_subscribe":true,"legacy_id":"enterprise","legacy_discount":false,"externally_managed":true}},{"id":"2418cfe449965306a5fed516634402b6","name":"cloudflarerules.shopitest.com","status":"active","paused":false,"type":"full","development_mode":0,"name_servers":["cory.ns.cloudflare.com","nora.ns.cloudflare.com"],"original_name_servers":["dns1.p06.nsone.net","dns2.p06.nsone.net","dns3.p06.nsone.net","dns4.p06.nsone.net","ns1.dnsimple.com","ns2.dnsimple.com","ns3.dnsimple.com","ns4.dnsimple.com"],"original_registrar":"markmonitor
        inc. (id: 292)","original_dnshost":null,"modified_on":"2024-08-20T16:58:58.544682Z","created_on":"2024-01-14T19:33:33.278245Z","activated_on":"2024-01-15T18:56:54.326446Z","vanity_name_servers":[],"vanity_name_servers_ips":null,"meta":{"step":2,"custom_certificate_quota":1,"page_rule_quota":100,"phishing_detected":false},"owner":{"id":"8378b3b7c26e4b6205f5b0d0c8c4f063","type":"organization","name":"Shopify
        Playground"},"account":{"id":"8378b3b7c26e4b6205f5b0d0c8c4f063","name":"Shopify
        Playground"},"tenant":{"id":null,"name":null},"tenant_unit":{"id":null},"permissions":["#dns_records:edit","#dns_records:read","#zone:read"],"plan":{"id":"94f3b7b768b0458b56d2cac4fe5ec0f9","name":"Enterprise
        Website","price":0,"currency":"USD","frequency":"","is_subscribed":true,"can_subscribe":true,"legacy_id":"enterprise","legacy_discount":false,"externally_managed":true}},{"id":"d784b5e63d9a657cc18e13ab92be75e1","name":"matt-metzger.shopitest.com","status":"active","paused":false,"type":"full","development_mode":-7414824,"name_servers":["cory.ns.cloudflare.com","nora.ns.cloudflare.com"],"original_name_servers":["dns1.p06.nsone.net","dns2.p06.nsone.net","dns3.p06.nsone.net","dns4.p06.nsone.net","ns1.dnsimple.com","ns2.dnsimple.com","ns3.dnsimple.com","ns4.dnsimple.com"],"original_registrar":"markmonitor
        inc. (id: 292)","original_dnshost":null,"modified_on":"2024-08-20T16:02:42.970212Z","created_on":"2024-07-08T17:23:32.708443Z","activated_on":"2024-07-08T17:49:44.693606Z","vanity_name_servers":[],"vanity_name_servers_ips":null,"meta":{"step":2,"custom_certificate_quota":1,"page_rule_quota":100,"phishing_detected":false},"owner":{"id":"8378b3b7c26e4b6205f5b0d0c8c4f063","type":"organization","name":"Shopify
        Playground"},"account":{"id":"8378b3b7c26e4b6205f5b0d0c8c4f063","name":"Shopify
        Playground"},"tenant":{"id":null,"name":null},"tenant_unit":{"id":null},"permissions":["#dns_records:edit","#dns_records:read","#zone:read"],"plan":{"id":"94f3b7b768b0458b56d2cac4fe5ec0f9","name":"Enterprise
        Website","price":0,"currency":"USD","frequency":"","is_subscribed":true,"can_subscribe":true,"legacy_id":"enterprise","legacy_discount":false,"externally_managed":true}},{"id":"94c68d31ae14ff097b47f536bd9144c4","name":"production.shopitest.com","status":"active","paused":false,"type":"full","development_mode":0,"name_servers":["cory.ns.cloudflare.com","nora.ns.cloudflare.com"],"original_name_servers":["dns1.p06.nsone.net","dns2.p06.nsone.net","dns3.p06.nsone.net","dns4.p06.nsone.net","ns1.dnsimple.com","ns2.dnsimple.com","ns3.dnsimple.com","ns4.dnsimple.com"],"original_registrar":"markmonitor
        inc. (id: 292)","original_dnshost":null,"modified_on":"2024-09-11T20:16:55.669928Z","created_on":"2023-08-24T19:47:26.027094Z","activated_on":"2023-08-24T20:18:34.979036Z","vanity_name_servers":[],"vanity_name_servers_ips":null,"meta":{"step":2,"custom_certificate_quota":1,"page_rule_quota":100,"phishing_detected":false},"owner":{"id":"8378b3b7c26e4b6205f5b0d0c8c4f063","type":"organization","name":"Shopify
        Playground"},"account":{"id":"8378b3b7c26e4b6205f5b0d0c8c4f063","name":"Shopify
        Playground"},"tenant":{"id":null,"name":null},"tenant_unit":{"id":null},"permissions":["#dns_records:edit","#dns_records:read","#zone:read"],"plan":{"id":"94f3b7b768b0458b56d2cac4fe5ec0f9","name":"Enterprise
        Website","price":0,"currency":"USD","frequency":"","is_subscribed":true,"can_subscribe":true,"legacy_id":"enterprise","legacy_discount":false,"externally_managed":true}},{"id":"7ed83734c471bd155e2fe23234c5c936","name":"record-store-dns-tests.shopitest.com","status":"pending","paused":false,"type":"full","development_mode":0,"name_servers":["cory.ns.cloudflare.com","nora.ns.cloudflare.com"],"original_name_servers":["dns1.p06.nsone.net","dns2.p06.nsone.net","dns3.p06.nsone.net","dns4.p06.nsone.net","ns1.dnsimple.com","ns2.dnsimple.com","ns3.dnsimple.com","ns4.dnsimple.com"],"original_registrar":"markmonitor
        inc. (id: 292)","original_dnshost":null,"modified_on":"2024-09-19T15:28:23.108643Z","created_on":"2024-09-19T15:28:12.917187Z","activated_on":null,"vanity_name_servers":[],"vanity_name_servers_ips":null,"meta":{"step":2,"custom_certificate_quota":1,"page_rule_quota":100,"phishing_detected":false},"owner":{"id":"8378b3b7c26e4b6205f5b0d0c8c4f063","type":"organization","name":"Shopify
        Playground"},"account":{"id":"8378b3b7c26e4b6205f5b0d0c8c4f063","name":"Shopify
        Playground"},"tenant":{"id":null,"name":null},"tenant_unit":{"id":null},"permissions":["#dns_records:edit","#dns_records:read","#zone:read"],"plan":{"id":"94f3b7b768b0458b56d2cac4fe5ec0f9","name":"Enterprise
        Website","price":0,"currency":"USD","frequency":"","is_subscribed":true,"can_subscribe":true,"legacy_id":"enterprise","legacy_discount":false,"externally_managed":true}},{"id":"275f58b23ae2db285e82a019923547ea","name":"staging.shopitest.com","status":"active","paused":false,"type":"full","development_mode":-33078966,"name_servers":["cory.ns.cloudflare.com","nora.ns.cloudflare.com"],"original_name_servers":["dns1.p06.nsone.net","dns2.p06.nsone.net","dns3.p06.nsone.net","dns4.p06.nsone.net","ns1.dnsimple.com","ns2.dnsimple.com","ns3.dnsimple.com","ns4.dnsimple.com"],"original_registrar":"markmonitor
        inc. (id: 292)","original_dnshost":null,"modified_on":"2024-10-01T19:28:04.207870Z","created_on":"2023-08-24T19:47:56.839647Z","activated_on":"2023-08-24T20:19:02.990798Z","vanity_name_servers":[],"vanity_name_servers_ips":null,"meta":{"step":2,"custom_certificate_quota":1,"page_rule_quota":100,"phishing_detected":false},"owner":{"id":"8378b3b7c26e4b6205f5b0d0c8c4f063","type":"organization","name":"Shopify
        Playground"},"account":{"id":"8378b3b7c26e4b6205f5b0d0c8c4f063","name":"Shopify
        Playground"},"tenant":{"id":null,"name":null},"tenant_unit":{"id":null},"permissions":["#dns_records:edit","#dns_records:read","#zone:read"],"plan":{"id":"94f3b7b768b0458b56d2cac4fe5ec0f9","name":"Enterprise
        Website","price":0,"currency":"USD","frequency":"","is_subscribed":true,"can_subscribe":true,"legacy_id":"enterprise","legacy_discount":false,"externally_managed":true}},{"id":"8e91b5276612ee2c63ebdca335add608","name":"tunnel.shopitest.com","status":"active","paused":false,"type":"full","development_mode":0,"name_servers":["cory.ns.cloudflare.com","nora.ns.cloudflare.com"],"original_name_servers":["dns1.p06.nsone.net","dns2.p06.nsone.net","dns3.p06.nsone.net","dns4.p06.nsone.net","ns1.dnsimple.com","ns2.dnsimple.com","ns3.dnsimple.com","ns4.dnsimple.com"],"original_registrar":"markmonitor
        inc. (id: 292)","original_dnshost":null,"modified_on":"2024-08-20T16:43:17.116649Z","created_on":"2024-03-25T16:28:05.401795Z","activated_on":"2024-03-25T16:49:26.377278Z","vanity_name_servers":[],"vanity_name_servers_ips":null,"meta":{"step":2,"custom_certificate_quota":1,"page_rule_quota":100,"phishing_detected":false},"owner":{"id":"8378b3b7c26e4b6205f5b0d0c8c4f063","type":"organization","name":"Shopify
        Playground"},"account":{"id":"8378b3b7c26e4b6205f5b0d0c8c4f063","name":"Shopify
        Playground"},"tenant":{"id":null,"name":null},"tenant_unit":{"id":null},"permissions":["#dns_records:edit","#dns_records:read","#zone:read"],"plan":{"id":"94f3b7b768b0458b56d2cac4fe5ec0f9","name":"Enterprise
        Website","price":0,"currency":"USD","frequency":"","is_subscribed":true,"can_subscribe":true,"legacy_id":"enterprise","legacy_discount":false,"externally_managed":true}}],"result_info":{"page":1,"per_page":20,"total_pages":1,"count":9,"total_count":9},"success":true,"errors":[],"messages":[]}'
  recorded_at: Wed, 16 Oct 2024 16:45:24 GMT
- request:
    method: post
    uri: https://api.cloudflare.com/client/v4/zones/7ed83734c471bd155e2fe23234c5c936/dns_records/batch
    body:
      encoding: UTF-8
      string: '{"deletes":[],"patches":[],"posts":[{"name":"add.record-store-dns-tests.shopitest.com.","ttl":600,"type":"A","content":"192.0.2.1"}],"puts":[]}'
    headers:
      Accept-Encoding:
      - gzip;q=1.0,deflate;q=0.6,identity;q=0.3
      Accept:
      - application/json
      User-Agent:
      - Ruby
      Content-Type:
      - application/json
      Authorization:
      - Bearer <CLOUDFLARE_API_TOKEN>
  response:
    status:
      code: 200
      message: OK
    headers:
      Date:
      - Wed, 16 Oct 2024 16:45:25 GMT
      Content-Type:
      - application/json
      Transfer-Encoding:
      - chunked
      Connection:
      - keep-alive
      Cf-Ray:
      - 8d3984e68f08aae6-YYZ
      Cf-Cache-Status:
      - DYNAMIC
      Set-Cookie:
      - __cf_bm=eSBPZQf20CKA3D0AtlwrFXuZBXvoAzsZGHvMmSR4Gn8-1729097125-1.0.1.1-ZXKMaCAK534vpR4SQuanDmh_0Gg84EtBEarUwaAoOsQeeGAgcz9T2crG.cZdjmJXK6KXeuAVfX2UcMITxC79Jw;
        path=/; expires=Wed, 16-Oct-24 17:15:25 GMT; domain=.api.cloudflare.com; HttpOnly;
        Secure; SameSite=None
      - __cflb=0H28vgHxwvgAQtjUGUFqYFDiSDreGJnUwKU9ctcW85B; SameSite=Lax; path=/;
        expires=Wed, 16-Oct-24 19:15:26 GMT; HttpOnly
      - __cfruid=44f94747257861cfc5e64d5a0ca22e3b8a0eb5bf-1729097125; path=/; domain=.api.cloudflare.com;
        HttpOnly; Secure; SameSite=None
      Vary:
      - Accept-Encoding
      Cf-Auditlog-Id:
      - '01929638-4c22-756a-b88e-52dd5660b035'
      Server:
      - cloudflare
    body:
      encoding: ASCII-8BIT
      string: '{"result":{"deletes":null,"patches":null,"puts":null,"posts":[{"id":"4c9e30c01f4ea7a040f7f4625240399b","zone_id":"7ed83734c471bd155e2fe23234c5c936","zone_name":"record-store-dns-tests.shopitest.com","name":"add.record-store-dns-tests.shopitest.com","type":"A","content":"192.0.2.1","proxiable":true,"proxied":false,"ttl":600,"settings":{},"meta":{"auto_added":false,"managed_by_apps":false,"managed_by_argo_tunnel":false},"comment":null,"tags":[],"created_on":"2024-10-16T16:45:25.010264Z","modified_on":"2024-10-16T16:45:25.010264Z"}]},"success":true,"errors":[],"messages":[]}'
  recorded_at: Wed, 16 Oct 2024 16:45:25 GMT
- request:
    method: get
    uri: https://api.cloudflare.com/client/v4/zones
    body:
      encoding: US-ASCII
      string: ''
    headers:
      Accept-Encoding:
      - gzip;q=1.0,deflate;q=0.6,identity;q=0.3
      Accept:
      - application/json
      User-Agent:
      - Ruby
      Content-Type:
      - application/json
      Authorization:
      - Bearer <CLOUDFLARE_API_TOKEN>
  response:
    status:
      code: 200
      message: OK
    headers:
      Date:
      - Wed, 16 Oct 2024 16:45:25 GMT
      Content-Type:
      - application/json
      Transfer-Encoding:
      - chunked
      Connection:
      - keep-alive
      Cf-Ray:
      - 8d3984e7e891aae6-YYZ
      Cf-Cache-Status:
      - DYNAMIC
      Cache-Control:
      - no-store, no-cache, must-revalidate, post-check=0, pre-check=0
      Expires:
      - Sun, 25 Jan 1981 05:00:00 GMT
      Set-Cookie:
      - __cf_bm=Ns1lOCIhVsvJi4.KleEBrtUS..59ViG4f0i.DWy4Hi4-1729097125-1.0.1.1-Hrc3Vm0EwYOcYfK4z7YQcQqIp2Axml9QHlzrWxxO9Jxeh_IoZJ6VgGfbXmB5dpr4_xexSvLexONEEob66WXPzw;
        path=/; expires=Wed, 16-Oct-24 17:15:25 GMT; domain=.api.cloudflare.com; HttpOnly;
        Secure; SameSite=None
      - __cflb=0H28vgHxwvgAQtjUGUFqYFDiSDreGJnUwVApdhRzjLh; SameSite=Lax; path=/;
        expires=Wed, 16-Oct-24 19:15:26 GMT; HttpOnly
      - __cfruid=44f94747257861cfc5e64d5a0ca22e3b8a0eb5bf-1729097125; path=/; domain=.api.cloudflare.com;
        HttpOnly; Secure; SameSite=None
      Strict-Transport-Security:
      - max-age=31536000
      Pragma:
      - no-cache
      Cf-Auditlog-Id:
      - '01929638-4d02-74ef-be40-ba766b6cca7f'
      X-Content-Type-Options:
      - nosniff
      X-Frame-Options:
      - SAMEORIGIN
      Vary:
      - Accept-Encoding
      Server:
      - cloudflare
    body:
      encoding: ASCII-8BIT
      string: '{"result":[{"id":"c2777ebe2e47b52ad23fc163e086200b","name":"aaliam_test.shopitest.com","status":"active","paused":false,"type":"full","development_mode":0,"name_servers":["cory.ns.cloudflare.com","nora.ns.cloudflare.com"],"original_name_servers":["dns1.p06.nsone.net","dns2.p06.nsone.net","dns3.p06.nsone.net","dns4.p06.nsone.net","ns1.dnsimple.com","ns2.dnsimple.com","ns3.dnsimple.com","ns4.dnsimple.com"],"original_registrar":"markmonitor
        inc. (id: 292)","original_dnshost":null,"modified_on":"2024-10-10T02:19:22.929713Z","created_on":"2024-10-08T17:37:55.390740Z","activated_on":"2024-10-08T18:29:40.926483Z","vanity_name_servers":[],"vanity_name_servers_ips":null,"meta":{"step":4,"custom_certificate_quota":1,"page_rule_quota":100,"phishing_detected":false},"owner":{"id":"8378b3b7c26e4b6205f5b0d0c8c4f063","type":"organization","name":"Shopify
        Playground"},"account":{"id":"8378b3b7c26e4b6205f5b0d0c8c4f063","name":"Shopify
        Playground"},"tenant":{"id":null,"name":null},"tenant_unit":{"id":null},"permissions":["#dns_records:edit","#dns_records:read","#zone:read"],"plan":{"id":"94f3b7b768b0458b56d2cac4fe5ec0f9","name":"Enterprise
        Website","price":0,"currency":"USD","frequency":"","is_subscribed":true,"can_subscribe":true,"legacy_id":"enterprise","legacy_discount":false,"externally_managed":true}},{"id":"ddc84d78b64e3e18bc53591abe8c5fe5","name":"chopify.app","status":"active","paused":false,"type":"partial","development_mode":-95425201,"verification_key":"963442547-421852129","cname_suffix":"cdn.cloudflare.net","original_name_servers":["ns1.markmonitor.com","ns2.markmonitor.com","ns3.markmonitor.com","ns4.markmonitor.com"],"original_registrar":"markmonitor
        inc. (id: 292)","original_dnshost":null,"modified_on":"2024-10-01T19:28:08.437065Z","created_on":"2021-04-16T16:27:00.175539Z","activated_on":"2021-04-16T16:31:23.579534Z","meta":{"step":2,"custom_certificate_quota":1,"page_rule_quota":100,"phishing_detected":false},"owner":{"id":"8378b3b7c26e4b6205f5b0d0c8c4f063","type":"organization","name":"Shopify
        Playground"},"account":{"id":"8378b3b7c26e4b6205f5b0d0c8c4f063","name":"Shopify
        Playground"},"tenant":{"id":null,"name":null},"tenant_unit":{"id":null},"permissions":["#dns_records:edit","#dns_records:read","#zone:read"],"plan":{"id":"94f3b7b768b0458b56d2cac4fe5ec0f9","name":"Enterprise
        Website","price":0,"currency":"USD","frequency":"","is_subscribed":true,"can_subscribe":true,"legacy_id":"enterprise","legacy_discount":false,"externally_managed":true}},{"id":"0b70d4909fffd5d96a58b69ddd80041a","name":"chopifycdn.com","status":"active","paused":false,"type":"full","development_mode":0,"name_servers":["cory.ns.cloudflare.com","nora.ns.cloudflare.com"],"original_name_servers":null,"original_registrar":"markmonitor
        inc. (id: 292)","original_dnshost":null,"modified_on":"2024-08-20T15:54:28.806071Z","created_on":"2024-02-16T19:02:20.663788Z","activated_on":"2024-02-16T19:03:29.013184Z","vanity_name_servers":[],"vanity_name_servers_ips":null,"meta":{"step":2,"custom_certificate_quota":1,"page_rule_quota":100,"phishing_detected":false},"owner":{"id":"8378b3b7c26e4b6205f5b0d0c8c4f063","type":"organization","name":"Shopify
        Playground"},"account":{"id":"8378b3b7c26e4b6205f5b0d0c8c4f063","name":"Shopify
        Playground"},"tenant":{"id":null,"name":null},"tenant_unit":{"id":null},"permissions":["#dns_records:edit","#dns_records:read","#zone:read"],"plan":{"id":"94f3b7b768b0458b56d2cac4fe5ec0f9","name":"Enterprise
        Website","price":0,"currency":"USD","frequency":"","is_subscribed":true,"can_subscribe":true,"legacy_id":"enterprise","legacy_discount":false,"externally_managed":true}},{"id":"2418cfe449965306a5fed516634402b6","name":"cloudflarerules.shopitest.com","status":"active","paused":false,"type":"full","development_mode":0,"name_servers":["cory.ns.cloudflare.com","nora.ns.cloudflare.com"],"original_name_servers":["dns1.p06.nsone.net","dns2.p06.nsone.net","dns3.p06.nsone.net","dns4.p06.nsone.net","ns1.dnsimple.com","ns2.dnsimple.com","ns3.dnsimple.com","ns4.dnsimple.com"],"original_registrar":"markmonitor
        inc. (id: 292)","original_dnshost":null,"modified_on":"2024-08-20T16:58:58.544682Z","created_on":"2024-01-14T19:33:33.278245Z","activated_on":"2024-01-15T18:56:54.326446Z","vanity_name_servers":[],"vanity_name_servers_ips":null,"meta":{"step":2,"custom_certificate_quota":1,"page_rule_quota":100,"phishing_detected":false},"owner":{"id":"8378b3b7c26e4b6205f5b0d0c8c4f063","type":"organization","name":"Shopify
        Playground"},"account":{"id":"8378b3b7c26e4b6205f5b0d0c8c4f063","name":"Shopify
        Playground"},"tenant":{"id":null,"name":null},"tenant_unit":{"id":null},"permissions":["#dns_records:edit","#dns_records:read","#zone:read"],"plan":{"id":"94f3b7b768b0458b56d2cac4fe5ec0f9","name":"Enterprise
        Website","price":0,"currency":"USD","frequency":"","is_subscribed":true,"can_subscribe":true,"legacy_id":"enterprise","legacy_discount":false,"externally_managed":true}},{"id":"d784b5e63d9a657cc18e13ab92be75e1","name":"matt-metzger.shopitest.com","status":"active","paused":false,"type":"full","development_mode":-7414825,"name_servers":["cory.ns.cloudflare.com","nora.ns.cloudflare.com"],"original_name_servers":["dns1.p06.nsone.net","dns2.p06.nsone.net","dns3.p06.nsone.net","dns4.p06.nsone.net","ns1.dnsimple.com","ns2.dnsimple.com","ns3.dnsimple.com","ns4.dnsimple.com"],"original_registrar":"markmonitor
        inc. (id: 292)","original_dnshost":null,"modified_on":"2024-08-20T16:02:42.970212Z","created_on":"2024-07-08T17:23:32.708443Z","activated_on":"2024-07-08T17:49:44.693606Z","vanity_name_servers":[],"vanity_name_servers_ips":null,"meta":{"step":2,"custom_certificate_quota":1,"page_rule_quota":100,"phishing_detected":false},"owner":{"id":"8378b3b7c26e4b6205f5b0d0c8c4f063","type":"organization","name":"Shopify
        Playground"},"account":{"id":"8378b3b7c26e4b6205f5b0d0c8c4f063","name":"Shopify
        Playground"},"tenant":{"id":null,"name":null},"tenant_unit":{"id":null},"permissions":["#dns_records:edit","#dns_records:read","#zone:read"],"plan":{"id":"94f3b7b768b0458b56d2cac4fe5ec0f9","name":"Enterprise
        Website","price":0,"currency":"USD","frequency":"","is_subscribed":true,"can_subscribe":true,"legacy_id":"enterprise","legacy_discount":false,"externally_managed":true}},{"id":"94c68d31ae14ff097b47f536bd9144c4","name":"production.shopitest.com","status":"active","paused":false,"type":"full","development_mode":0,"name_servers":["cory.ns.cloudflare.com","nora.ns.cloudflare.com"],"original_name_servers":["dns1.p06.nsone.net","dns2.p06.nsone.net","dns3.p06.nsone.net","dns4.p06.nsone.net","ns1.dnsimple.com","ns2.dnsimple.com","ns3.dnsimple.com","ns4.dnsimple.com"],"original_registrar":"markmonitor
        inc. (id: 292)","original_dnshost":null,"modified_on":"2024-09-11T20:16:55.669928Z","created_on":"2023-08-24T19:47:26.027094Z","activated_on":"2023-08-24T20:18:34.979036Z","vanity_name_servers":[],"vanity_name_servers_ips":null,"meta":{"step":2,"custom_certificate_quota":1,"page_rule_quota":100,"phishing_detected":false},"owner":{"id":"8378b3b7c26e4b6205f5b0d0c8c4f063","type":"organization","name":"Shopify
        Playground"},"account":{"id":"8378b3b7c26e4b6205f5b0d0c8c4f063","name":"Shopify
        Playground"},"tenant":{"id":null,"name":null},"tenant_unit":{"id":null},"permissions":["#dns_records:edit","#dns_records:read","#zone:read"],"plan":{"id":"94f3b7b768b0458b56d2cac4fe5ec0f9","name":"Enterprise
        Website","price":0,"currency":"USD","frequency":"","is_subscribed":true,"can_subscribe":true,"legacy_id":"enterprise","legacy_discount":false,"externally_managed":true}},{"id":"7ed83734c471bd155e2fe23234c5c936","name":"record-store-dns-tests.shopitest.com","status":"pending","paused":false,"type":"full","development_mode":0,"name_servers":["cory.ns.cloudflare.com","nora.ns.cloudflare.com"],"original_name_servers":["dns1.p06.nsone.net","dns2.p06.nsone.net","dns3.p06.nsone.net","dns4.p06.nsone.net","ns1.dnsimple.com","ns2.dnsimple.com","ns3.dnsimple.com","ns4.dnsimple.com"],"original_registrar":"markmonitor
        inc. (id: 292)","original_dnshost":null,"modified_on":"2024-09-19T15:28:23.108643Z","created_on":"2024-09-19T15:28:12.917187Z","activated_on":null,"vanity_name_servers":[],"vanity_name_servers_ips":null,"meta":{"step":2,"custom_certificate_quota":1,"page_rule_quota":100,"phishing_detected":false},"owner":{"id":"8378b3b7c26e4b6205f5b0d0c8c4f063","type":"organization","name":"Shopify
        Playground"},"account":{"id":"8378b3b7c26e4b6205f5b0d0c8c4f063","name":"Shopify
        Playground"},"tenant":{"id":null,"name":null},"tenant_unit":{"id":null},"permissions":["#dns_records:edit","#dns_records:read","#zone:read"],"plan":{"id":"94f3b7b768b0458b56d2cac4fe5ec0f9","name":"Enterprise
        Website","price":0,"currency":"USD","frequency":"","is_subscribed":true,"can_subscribe":true,"legacy_id":"enterprise","legacy_discount":false,"externally_managed":true}},{"id":"275f58b23ae2db285e82a019923547ea","name":"staging.shopitest.com","status":"active","paused":false,"type":"full","development_mode":-33078967,"name_servers":["cory.ns.cloudflare.com","nora.ns.cloudflare.com"],"original_name_servers":["dns1.p06.nsone.net","dns2.p06.nsone.net","dns3.p06.nsone.net","dns4.p06.nsone.net","ns1.dnsimple.com","ns2.dnsimple.com","ns3.dnsimple.com","ns4.dnsimple.com"],"original_registrar":"markmonitor
        inc. (id: 292)","original_dnshost":null,"modified_on":"2024-10-01T19:28:04.207870Z","created_on":"2023-08-24T19:47:56.839647Z","activated_on":"2023-08-24T20:19:02.990798Z","vanity_name_servers":[],"vanity_name_servers_ips":null,"meta":{"step":2,"custom_certificate_quota":1,"page_rule_quota":100,"phishing_detected":false},"owner":{"id":"8378b3b7c26e4b6205f5b0d0c8c4f063","type":"organization","name":"Shopify
        Playground"},"account":{"id":"8378b3b7c26e4b6205f5b0d0c8c4f063","name":"Shopify
        Playground"},"tenant":{"id":null,"name":null},"tenant_unit":{"id":null},"permissions":["#dns_records:edit","#dns_records:read","#zone:read"],"plan":{"id":"94f3b7b768b0458b56d2cac4fe5ec0f9","name":"Enterprise
        Website","price":0,"currency":"USD","frequency":"","is_subscribed":true,"can_subscribe":true,"legacy_id":"enterprise","legacy_discount":false,"externally_managed":true}},{"id":"8e91b5276612ee2c63ebdca335add608","name":"tunnel.shopitest.com","status":"active","paused":false,"type":"full","development_mode":0,"name_servers":["cory.ns.cloudflare.com","nora.ns.cloudflare.com"],"original_name_servers":["dns1.p06.nsone.net","dns2.p06.nsone.net","dns3.p06.nsone.net","dns4.p06.nsone.net","ns1.dnsimple.com","ns2.dnsimple.com","ns3.dnsimple.com","ns4.dnsimple.com"],"original_registrar":"markmonitor
        inc. (id: 292)","original_dnshost":null,"modified_on":"2024-08-20T16:43:17.116649Z","created_on":"2024-03-25T16:28:05.401795Z","activated_on":"2024-03-25T16:49:26.377278Z","vanity_name_servers":[],"vanity_name_servers_ips":null,"meta":{"step":2,"custom_certificate_quota":1,"page_rule_quota":100,"phishing_detected":false},"owner":{"id":"8378b3b7c26e4b6205f5b0d0c8c4f063","type":"organization","name":"Shopify
        Playground"},"account":{"id":"8378b3b7c26e4b6205f5b0d0c8c4f063","name":"Shopify
        Playground"},"tenant":{"id":null,"name":null},"tenant_unit":{"id":null},"permissions":["#dns_records:edit","#dns_records:read","#zone:read"],"plan":{"id":"94f3b7b768b0458b56d2cac4fe5ec0f9","name":"Enterprise
        Website","price":0,"currency":"USD","frequency":"","is_subscribed":true,"can_subscribe":true,"legacy_id":"enterprise","legacy_discount":false,"externally_managed":true}}],"result_info":{"page":1,"per_page":20,"total_pages":1,"count":9,"total_count":9},"success":true,"errors":[],"messages":[]}'
  recorded_at: Wed, 16 Oct 2024 16:45:25 GMT
- request:
    method: get
    uri: https://api.cloudflare.com/client/v4/zones/7ed83734c471bd155e2fe23234c5c936/dns_records
    body:
      encoding: US-ASCII
      string: ''
    headers:
      Accept-Encoding:
      - gzip;q=1.0,deflate;q=0.6,identity;q=0.3
      Accept:
      - application/json
      User-Agent:
      - Ruby
      Content-Type:
      - application/json
      Authorization:
      - Bearer <CLOUDFLARE_API_TOKEN>
  response:
    status:
      code: 200
      message: OK
    headers:
      Date:
      - Wed, 16 Oct 2024 16:45:25 GMT
      Content-Type:
      - application/json
      Transfer-Encoding:
      - chunked
      Connection:
      - keep-alive
      Cf-Ray:
      - 8d3984eb7ca5aae6-YYZ
      Cf-Cache-Status:
      - DYNAMIC
      Set-Cookie:
      - __cf_bm=.wT.h9HyqfgDM1OOV5UCw2GboItuHxl39Fm28fqdaoY-1729097125-1.0.1.1-TZTCeczWaZ6IWFnhwzRkevP4yTwlATtKtJQxOjx.LdcK3whkfRNUY609bEQ..UK5ns8qSENj36LN6u6H35dsSA;
        path=/; expires=Wed, 16-Oct-24 17:15:25 GMT; domain=.api.cloudflare.com; HttpOnly;
        Secure; SameSite=None
      - __cflb=0H28vgHxwvgAQtjUGUFqYFDiSDreGJnUwVApdhRzjLh; SameSite=Lax; path=/;
        expires=Wed, 16-Oct-24 19:15:26 GMT; HttpOnly
      - __cfruid=44f94747257861cfc5e64d5a0ca22e3b8a0eb5bf-1729097125; path=/; domain=.api.cloudflare.com;
        HttpOnly; Secure; SameSite=None
      Vary:
      - Accept-Encoding
      Cf-Auditlog-Id:
      - '01929638-4f31-7f1f-8d8d-2aa8f702fba3'
      Server:
      - cloudflare
    body:
      encoding: ASCII-8BIT
      string: '{"result":[{"id":"4c9e30c01f4ea7a040f7f4625240399b","zone_id":"7ed83734c471bd155e2fe23234c5c936","zone_name":"record-store-dns-tests.shopitest.com","name":"add.record-store-dns-tests.shopitest.com","type":"A","content":"192.0.2.1","proxiable":true,"proxied":false,"ttl":600,"settings":{},"meta":{"auto_added":false,"managed_by_apps":false,"managed_by_argo_tunnel":false},"comment":null,"tags":[],"created_on":"2024-10-16T16:45:25.010264Z","modified_on":"2024-10-16T16:45:25.010264Z"},{"id":"d83bfd7be7878e2b6cb00195d84dbad8","zone_id":"7ed83734c471bd155e2fe23234c5c936","zone_name":"record-store-dns-tests.shopitest.com","name":"alias.record-store-dns-tests.shopitest.com","type":"CNAME","content":"target.record-store-dns-tests.shopitest.com","proxiable":true,"proxied":false,"ttl":600,"settings":{"flatten_cname":true},"meta":{"auto_added":false,"managed_by_apps":false,"managed_by_argo_tunnel":false},"comment":null,"tags":[],"created_on":"2024-10-16T16:45:23.665486Z","modified_on":"2024-10-16T16:45:23.665486Z"},{"id":"d256309eb12835d40b334ccd13c10976","zone_id":"7ed83734c471bd155e2fe23234c5c936","zone_name":"record-store-dns-tests.shopitest.com","name":"mx.record-store-dns-tests.shopitest.com","type":"MX","content":"mail.record-store-dns-tests.shopitest.com","priority":10,"proxiable":false,"proxied":false,"ttl":600,"settings":{},"meta":{"auto_added":false,"managed_by_apps":false,"managed_by_argo_tunnel":false},"comment":null,"tags":[],"created_on":"2024-10-01T16:17:15.897349Z","modified_on":"2024-10-01T16:17:15.897349Z"}],"success":true,"errors":[],"messages":[],"result_info":{"page":1,"per_page":100,"count":3,"total_count":3,"total_pages":1}}'
  recorded_at: Wed, 16 Oct 2024 16:45:25 GMT
recorded_with: VCR 6.2.0
