---
http_interactions:
- request:
    method: delete
    uri: https://api.cloudflare.com/client/v4/zones/7ed83734c471bd155e2fe23234c5c936/dns_records
    body:
      encoding: US-ASCII
      string: ''
    headers:
      Accept-Encoding:
      - gzip;q=1.0,deflate;q=0.6,identity;q=0.3
      Accept:
      - application/json
      User-Agent:
      - Ruby
      Content-Type:
      - application/json
      Authorization:
      - Bearer <CLOUDFLARE_API_TOKEN>
  response:
    status:
      code: 405
      message: Not Allowed
    headers:
      Date:
      - Wed, 09 Oct 2024 14:03:15 GMT
      Content-Type:
      - application/json
      Transfer-Encoding:
      - chunked
      Connection:
      - keep-alive
      Cf-Ray:
      - 8cfee9be08f6a241-YYZ
      Cf-Cache-Status:
      - DYNAMIC
      Set-Cookie:
      - __cf_bm=VUNXoaqGjrh5OXy5n6K0XhOqchtnHbi_m4XKCX5nsdA-1728482595-1.0.1.1-1126HCjXJkUo_9gjYRRfxjThC1ioyFrLvVao32lSBxEj3auEE4rD.UmJ8SKNt.8WchVwGSYjpc4V3G4AMsMNuQ;
        path=/; expires=Wed, 09-Oct-24 14:33:15 GMT; domain=.api.cloudflare.com; HttpOnly;
        Secure; SameSite=None
      - __cflb=0H28vgHxwvgAQtjUGUFqYFDiSDreGJnUwC9cxPR7ZQZ; SameSite=Lax; path=/;
        expires=Wed, 09-Oct-24 16:33:16 GMT; HttpOnly
      - __cfruid=fed45ac129e98015a94feeea2475aaf7561f4436-1728482595; path=/; domain=.api.cloudflare.com;
        HttpOnly; Secure; SameSite=None
      Cf-Auditlog-Id:
      - '01927197-52d0-7450-842a-1c5dae1f3d75'
      Vary:
      - Accept-Encoding
      Server:
      - cloudflare
      X-Ratelimit-Period:
      - 0
    body:
      encoding: UTF-8
      string: '{"success":false,"errors":[{"code":10000,"message":"DELETE method not
        allowed for the api_token authentication scheme"}]}

        '
  recorded_at: Wed, 09 Oct 2024 14:03:15 GMT
- request:
    method: get
    uri: https://api.cloudflare.com/client/v4/zones
    body:
      encoding: US-ASCII
      string: ''
    headers:
      Accept-Encoding:
      - gzip;q=1.0,deflate;q=0.6,identity;q=0.3
      Accept:
      - application/json
      User-Agent:
      - Ruby
      Content-Type:
      - application/json
      Authorization:
      - Bearer <CLOUDFLARE_API_TOKEN>
  response:
    status:
      code: 200
      message: OK
    headers:
      Date:
      - Wed, 09 Oct 2024 14:07:16 GMT
      Content-Type:
      - application/json
      Transfer-Encoding:
      - chunked
      Connection:
      - keep-alive
      Cf-Ray:
      - 8cfeef9b38a6a241-YYZ
      Cf-Cache-Status:
      - DYNAMIC
      Cache-Control:
      - no-store, no-cache, must-revalidate, post-check=0, pre-check=0
      Expires:
      - Sun, 25 Jan 1981 05:00:00 GMT
      Set-Cookie:
      - __cf_bm=OjERlhbWItBjae.nCYeeIeoVmJnmjUYFPJjuxBqnMRo-1728482836-1.0.1.1-NGdSnlgfJlfrMOJ93usimg4odVgcUQ7ykCrXU896XakhXT2fX4YI38jsco4NxTAtQ2xkNg8HRWQIFK2.HyeVcQ;
        path=/; expires=Wed, 09-Oct-24 14:37:16 GMT; domain=.api.cloudflare.com; HttpOnly;
        Secure; SameSite=None
      - __cflb=0H28vgHxwvgAQtjUGUFqYFDiSDreGJnUtX1FhDGsfS5; SameSite=Lax; path=/;
        expires=Wed, 09-Oct-24 16:37:16 GMT; HttpOnly
      - __cfruid=b5eb916bd7bad9c8b532550e0979602d6ebfebdc-1728482836; path=/; domain=.api.cloudflare.com;
        HttpOnly; Secure; SameSite=None
      Strict-Transport-Security:
      - max-age=31536000
      Pragma:
      - no-cache
      Cf-Auditlog-Id:
      - '0192719a-fd0e-7461-a5cf-f0523a15f720'
      X-Content-Type-Options:
      - nosniff
      X-Frame-Options:
      - SAMEORIGIN
      Vary:
      - Accept-Encoding
      Server:
      - cloudflare
    body:
      encoding: ASCII-8BIT
      string: '{"result":[{"id":"7ed83734c471bd155e2fe23234c5c936","name":"record-store-dns-tests.shopitest.com","status":"pending","paused":false,"type":"full","development_mode":0,"name_servers":["cory.ns.cloudflare.com","nora.ns.cloudflare.com"],"original_name_servers":["dns1.p06.nsone.net","dns2.p06.nsone.net","dns3.p06.nsone.net","dns4.p06.nsone.net","ns1.dnsimple.com","ns2.dnsimple.com","ns3.dnsimple.com","ns4.dnsimple.com"],"original_registrar":"markmonitor
        inc. (id: 292)","original_dnshost":null,"modified_on":"2024-09-19T15:28:23.108643Z","created_on":"2024-09-19T15:28:12.917187Z","activated_on":null,"vanity_name_servers":[],"vanity_name_servers_ips":null,"meta":{"step":2,"custom_certificate_quota":1,"page_rule_quota":100,"phishing_detected":false},"owner":{"id":"8378b3b7c26e4b6205f5b0d0c8c4f063","type":"organization","name":"Shopify
        Playground"},"account":{"id":"8378b3b7c26e4b6205f5b0d0c8c4f063","name":"Shopify
        Playground"},"tenant":{"id":null,"name":null},"tenant_unit":{"id":null},"permissions":["#dns_records:edit","#dns_records:read","#zone:read"],"plan":{"id":"94f3b7b768b0458b56d2cac4fe5ec0f9","name":"Enterprise
        Website","price":0,"currency":"USD","frequency":"","is_subscribed":true,"can_subscribe":true,"legacy_id":"enterprise","legacy_discount":false,"externally_managed":true}}],"result_info":{"page":1,"per_page":20,"total_pages":1,"count":1,"total_count":1},"success":true,"errors":[],"messages":[]}'
  recorded_at: Wed, 09 Oct 2024 14:07:15 GMT
- request:
    method: post
    uri: https://api.cloudflare.com/client/v4/zones/7ed83734c471bd155e2fe23234c5c936/dns_records
    body:
      encoding: UTF-8
      string: '{"comment":"","name":"multi.record-store-dns-tests.shopitest.com.","proxied":false,"settings":{},"tags":[],"ttl":600,"type":"A","content":"192.0.2.1"}'
    headers:
      Accept-Encoding:
      - gzip;q=1.0,deflate;q=0.6,identity;q=0.3
      Accept:
      - application/json
      User-Agent:
      - Ruby
      Content-Type:
      - application/json
      Authorization:
      - Bearer <CLOUDFLARE_API_TOKEN>
  response:
    status:
      code: 200
      message: OK
    headers:
      Date:
      - Wed, 09 Oct 2024 14:07:16 GMT
      Content-Type:
      - application/json
      Transfer-Encoding:
      - chunked
      Connection:
      - keep-alive
      Cf-Ray:
      - 8cfeef9d8bbba241-YYZ
      Cf-Cache-Status:
      - DYNAMIC
      Set-Cookie:
      - __cf_bm=P4ezxVrSJzvdIEkfUsm898MUmTZ3yf99v681OuvETL0-1728482836-1.0.1.1-BGiTgWgq274QsBojk4lPSfr8KBfzC2Z1SXFeEw.QkU7QSKq30CSYfrc1N2Yh2znEvv1qIOfllHkN.Rz8DOSoiw;
        path=/; expires=Wed, 09-Oct-24 14:37:16 GMT; domain=.api.cloudflare.com; HttpOnly;
        Secure; SameSite=None
      - __cflb=0H28vgHxwvgAQtjUGUFqYFDiSDreGJnUtghvi26NGhb; SameSite=Lax; path=/;
        expires=Wed, 09-Oct-24 16:37:17 GMT; HttpOnly
      - __cfruid=b5eb916bd7bad9c8b532550e0979602d6ebfebdc-1728482836; path=/; domain=.api.cloudflare.com;
        HttpOnly; Secure; SameSite=None
      Vary:
      - Accept-Encoding
      Cf-Auditlog-Id:
      - '0192719a-fe84-7121-8152-55424aa4f8be'
      Server:
      - cloudflare
    body:
      encoding: ASCII-8BIT
      string: '{"result":{"id":"764faac5de163980adc8e05f54c3d8c6","zone_id":"7ed83734c471bd155e2fe23234c5c936","zone_name":"record-store-dns-tests.shopitest.com","name":"multi.record-store-dns-tests.shopitest.com","type":"A","content":"192.0.2.1","proxiable":true,"proxied":false,"ttl":600,"settings":{},"meta":{"auto_added":false,"managed_by_apps":false,"managed_by_argo_tunnel":false},"comment":null,"tags":[],"created_on":"2024-10-09T14:07:16.213361Z","modified_on":"2024-10-09T14:07:16.213361Z"},"success":true,"errors":[],"messages":[]}'
  recorded_at: Wed, 09 Oct 2024 14:07:16 GMT
- request:
    method: get
    uri: https://api.cloudflare.com/client/v4/zones
    body:
      encoding: US-ASCII
      string: ''
    headers:
      Accept-Encoding:
      - gzip;q=1.0,deflate;q=0.6,identity;q=0.3
      Accept:
      - application/json
      User-Agent:
      - Ruby
      Content-Type:
      - application/json
      Authorization:
      - Bearer <CLOUDFLARE_API_TOKEN>
  response:
    status:
      code: 200
      message: OK
    headers:
      Date:
      - Wed, 09 Oct 2024 14:07:16 GMT
      Content-Type:
      - application/json
      Transfer-Encoding:
      - chunked
      Connection:
      - keep-alive
      Cf-Ray:
      - 8cfeef9f1ef1a241-YYZ
      Cf-Cache-Status:
      - DYNAMIC
      Cache-Control:
      - no-store, no-cache, must-revalidate, post-check=0, pre-check=0
      Expires:
      - Sun, 25 Jan 1981 05:00:00 GMT
      Set-Cookie:
      - __cf_bm=BCXPRKG9.4jXcxjb8JqNvXAgH0OyrpmrnZsuKGXXWsU-1728482836-1.0.1.1-xVrB2zYAxCTfhgq8aMehkN.J3KH40OdCK.7Dz44EacbwELu1PzhFyaZEczEnQe84E8WJwVWojRblt6KiEFPYxg;
        path=/; expires=Wed, 09-Oct-24 14:37:16 GMT; domain=.api.cloudflare.com; HttpOnly;
        Secure; SameSite=None
      - __cflb=0H28vgHxwvgAQtjUGUFqYFDiSDreGJnUtghvi26NGhb; SameSite=Lax; path=/;
        expires=Wed, 09-Oct-24 16:37:17 GMT; HttpOnly
      - __cfruid=b5eb916bd7bad9c8b532550e0979602d6ebfebdc-1728482836; path=/; domain=.api.cloudflare.com;
        HttpOnly; Secure; SameSite=None
      Strict-Transport-Security:
      - max-age=31536000
      Pragma:
      - no-cache
      Cf-Auditlog-Id:
      - '0192719a-ff85-76d1-bf22-792f90ca1327'
      X-Content-Type-Options:
      - nosniff
      X-Frame-Options:
      - SAMEORIGIN
      Vary:
      - Accept-Encoding
      Server:
      - cloudflare
    body:
      encoding: ASCII-8BIT
      string: '{"result":[{"id":"7ed83734c471bd155e2fe23234c5c936","name":"record-store-dns-tests.shopitest.com","status":"pending","paused":false,"type":"full","development_mode":0,"name_servers":["cory.ns.cloudflare.com","nora.ns.cloudflare.com"],"original_name_servers":["dns1.p06.nsone.net","dns2.p06.nsone.net","dns3.p06.nsone.net","dns4.p06.nsone.net","ns1.dnsimple.com","ns2.dnsimple.com","ns3.dnsimple.com","ns4.dnsimple.com"],"original_registrar":"markmonitor
        inc. (id: 292)","original_dnshost":null,"modified_on":"2024-09-19T15:28:23.108643Z","created_on":"2024-09-19T15:28:12.917187Z","activated_on":null,"vanity_name_servers":[],"vanity_name_servers_ips":null,"meta":{"step":2,"custom_certificate_quota":1,"page_rule_quota":100,"phishing_detected":false},"owner":{"id":"8378b3b7c26e4b6205f5b0d0c8c4f063","type":"organization","name":"Shopify
        Playground"},"account":{"id":"8378b3b7c26e4b6205f5b0d0c8c4f063","name":"Shopify
        Playground"},"tenant":{"id":null,"name":null},"tenant_unit":{"id":null},"permissions":["#dns_records:edit","#dns_records:read","#zone:read"],"plan":{"id":"94f3b7b768b0458b56d2cac4fe5ec0f9","name":"Enterprise
        Website","price":0,"currency":"USD","frequency":"","is_subscribed":true,"can_subscribe":true,"legacy_id":"enterprise","legacy_discount":false,"externally_managed":true}}],"result_info":{"page":1,"per_page":20,"total_pages":1,"count":1,"total_count":1},"success":true,"errors":[],"messages":[]}'
  recorded_at: Wed, 09 Oct 2024 14:07:16 GMT
- request:
    method: post
    uri: https://api.cloudflare.com/client/v4/zones/7ed83734c471bd155e2fe23234c5c936/dns_records
    body:
      encoding: UTF-8
      string: '{"comment":"","name":"multi.record-store-dns-tests.shopitest.com.","proxied":false,"settings":{},"tags":[],"ttl":600,"type":"A","content":"192.0.2.2"}'
    headers:
      Accept-Encoding:
      - gzip;q=1.0,deflate;q=0.6,identity;q=0.3
      Accept:
      - application/json
      User-Agent:
      - Ruby
      Content-Type:
      - application/json
      Authorization:
      - Bearer <CLOUDFLARE_API_TOKEN>
  response:
    status:
      code: 200
      message: OK
    headers:
      Date:
      - Wed, 09 Oct 2024 14:07:16 GMT
      Content-Type:
      - application/json
      Transfer-Encoding:
      - chunked
      Connection:
      - keep-alive
      Cf-Ray:
      - 8cfeefa0b8dda241-YYZ
      Cf-Cache-Status:
      - DYNAMIC
      Set-Cookie:
      - __cf_bm=JhfIcecfBecp5YTrC8WivvkxtiLpH4R3Dskp2UKlDLk-1728482836-1.0.1.1-KWof8cN4vLTA1CcjxVubDjd9xcwJ5S1kdCJk0AMDaNOpIJy4Hl4WHOAqo.tXRWt1MW6Tldqo_Yf5Mll5ZU2smg;
        path=/; expires=Wed, 09-Oct-24 14:37:16 GMT; domain=.api.cloudflare.com; HttpOnly;
        Secure; SameSite=None
      - __cflb=0H28vgHxwvgAQtjUGUFqYFDiSDreGJnUtghvi26NGhb; SameSite=Lax; path=/;
        expires=Wed, 09-Oct-24 16:37:17 GMT; HttpOnly
      - __cfruid=b5eb916bd7bad9c8b532550e0979602d6ebfebdc-1728482836; path=/; domain=.api.cloudflare.com;
        HttpOnly; Secure; SameSite=None
      Vary:
      - Accept-Encoding
      Cf-Auditlog-Id:
      - '0192719b-007a-7e3d-938b-1689b492380e'
      Server:
      - cloudflare
    body:
      encoding: ASCII-8BIT
      string: '{"result":{"id":"d29ed0f6cd5b6494e8595f26fb355fd1","zone_id":"7ed83734c471bd155e2fe23234c5c936","zone_name":"record-store-dns-tests.shopitest.com","name":"multi.record-store-dns-tests.shopitest.com","type":"A","content":"192.0.2.2","proxiable":true,"proxied":false,"ttl":600,"settings":{},"meta":{"auto_added":false,"managed_by_apps":false,"managed_by_argo_tunnel":false},"comment":null,"tags":[],"created_on":"2024-10-09T14:07:16.714893Z","modified_on":"2024-10-09T14:07:16.714893Z"},"success":true,"errors":[],"messages":[]}'
  recorded_at: Wed, 09 Oct 2024 14:07:16 GMT
- request:
    method: get
    uri: https://api.cloudflare.com/client/v4/zones
    body:
      encoding: US-ASCII
      string: ''
    headers:
      Accept-Encoding:
      - gzip;q=1.0,deflate;q=0.6,identity;q=0.3
      Accept:
      - application/json
      User-Agent:
      - Ruby
      Content-Type:
      - application/json
      Authorization:
      - Bearer <CLOUDFLARE_API_TOKEN>
  response:
    status:
      code: 200
      message: OK
    headers:
      Date:
      - Wed, 09 Oct 2024 14:07:17 GMT
      Content-Type:
      - application/json
      Transfer-Encoding:
      - chunked
      Connection:
      - keep-alive
      Cf-Ray:
      - 8cfeefa22bfca241-YYZ
      Cf-Cache-Status:
      - DYNAMIC
      Cache-Control:
      - no-store, no-cache, must-revalidate, post-check=0, pre-check=0
      Expires:
      - Sun, 25 Jan 1981 05:00:00 GMT
      Set-Cookie:
      - __cf_bm=7g9MJCoJ69r1I3jTOwG2oZvOQYmlWjACS5rm8v24ynU-1728482837-1.0.1.1-HsNtPOXeHYmEYrOQU.o2oOC3GLvIRf1a3YGmFOz3ImYI7b6b2fgN8_QylWW1zp4NuGoUiIEr_V4k1wGYkfpkbw;
        path=/; expires=Wed, 09-Oct-24 14:37:17 GMT; domain=.api.cloudflare.com; HttpOnly;
        Secure; SameSite=None
      - __cflb=0H28vgHxwvgAQtjUGUFqYFDiSDreGJnUtghvi26NGhb; SameSite=Lax; path=/;
        expires=Wed, 09-Oct-24 16:37:18 GMT; HttpOnly
      - __cfruid=a63faa604a56bae5627c28118743d44a2125b7d9-1728482837; path=/; domain=.api.cloudflare.com;
        HttpOnly; Secure; SameSite=None
      Strict-Transport-Security:
      - max-age=31536000
      Pragma:
      - no-cache
      Cf-Auditlog-Id:
      - '0192719b-0174-7d18-80b0-4976eea51cc6'
      X-Content-Type-Options:
      - nosniff
      X-Frame-Options:
      - SAMEORIGIN
      Vary:
      - Accept-Encoding
      Server:
      - cloudflare
    body:
      encoding: ASCII-8BIT
      string: '{"result":[{"id":"7ed83734c471bd155e2fe23234c5c936","name":"record-store-dns-tests.shopitest.com","status":"pending","paused":false,"type":"full","development_mode":0,"name_servers":["cory.ns.cloudflare.com","nora.ns.cloudflare.com"],"original_name_servers":["dns1.p06.nsone.net","dns2.p06.nsone.net","dns3.p06.nsone.net","dns4.p06.nsone.net","ns1.dnsimple.com","ns2.dnsimple.com","ns3.dnsimple.com","ns4.dnsimple.com"],"original_registrar":"markmonitor
        inc. (id: 292)","original_dnshost":null,"modified_on":"2024-09-19T15:28:23.108643Z","created_on":"2024-09-19T15:28:12.917187Z","activated_on":null,"vanity_name_servers":[],"vanity_name_servers_ips":null,"meta":{"step":2,"custom_certificate_quota":1,"page_rule_quota":100,"phishing_detected":false},"owner":{"id":"8378b3b7c26e4b6205f5b0d0c8c4f063","type":"organization","name":"Shopify
        Playground"},"account":{"id":"8378b3b7c26e4b6205f5b0d0c8c4f063","name":"Shopify
        Playground"},"tenant":{"id":null,"name":null},"tenant_unit":{"id":null},"permissions":["#dns_records:edit","#dns_records:read","#zone:read"],"plan":{"id":"94f3b7b768b0458b56d2cac4fe5ec0f9","name":"Enterprise
        Website","price":0,"currency":"USD","frequency":"","is_subscribed":true,"can_subscribe":true,"legacy_id":"enterprise","legacy_discount":false,"externally_managed":true}}],"result_info":{"page":1,"per_page":20,"total_pages":1,"count":1,"total_count":1},"success":true,"errors":[],"messages":[]}'
  recorded_at: Wed, 09 Oct 2024 14:07:17 GMT
- request:
    method: get
    uri: https://api.cloudflare.com/client/v4/zones/7ed83734c471bd155e2fe23234c5c936/dns_records
    body:
      encoding: US-ASCII
      string: ''
    headers:
      Accept-Encoding:
      - gzip;q=1.0,deflate;q=0.6,identity;q=0.3
      Accept:
      - application/json
      User-Agent:
      - Ruby
      Content-Type:
      - application/json
      Authorization:
      - Bearer <CLOUDFLARE_API_TOKEN>
  response:
    status:
      code: 200
      message: OK
    headers:
      Date:
      - Wed, 09 Oct 2024 14:07:17 GMT
      Content-Type:
      - application/json
      Transfer-Encoding:
      - chunked
      Connection:
      - keep-alive
      Cf-Ray:
      - 8cfeefa3ce70a241-YYZ
      Cf-Cache-Status:
      - DYNAMIC
      Set-Cookie:
      - __cf_bm=Ojya.KZngN.RoKrplafaTtgjRv1l9hu5XGke8wMrcmA-1728482837-1.0.1.1-m.YiOhrPceQ0CtwMYDoKuHA9v0rmz5VbVQCpMOfSwXd4BQVH9f1Up8_URDmwEu.mjd1st8HTtCW8VtZZXONJSg;
        path=/; expires=Wed, 09-Oct-24 14:37:17 GMT; domain=.api.cloudflare.com; HttpOnly;
        Secure; SameSite=None
      - __cflb=0H28vgHxwvgAQtjUGUFqYFDiSDreGJnUtrQbipursy7; SameSite=Lax; path=/;
        expires=Wed, 09-Oct-24 16:37:18 GMT; HttpOnly
      - __cfruid=a63faa604a56bae5627c28118743d44a2125b7d9-1728482837; path=/; domain=.api.cloudflare.com;
        HttpOnly; Secure; SameSite=None
      Vary:
      - Accept-Encoding
      Cf-Auditlog-Id:
      - '0192719b-0269-76bc-b70b-f9b2af59006b'
      Server:
      - cloudflare
    body:
      encoding: ASCII-8BIT
      string: '{"result":[{"id":"4b646438877a22663096992c656070cb","zone_id":"7ed83734c471bd155e2fe23234c5c936","zone_name":"record-store-dns-tests.shopitest.com","name":"add.record-store-dns-tests.shopitest.com","type":"A","content":"192.0.2.1","proxiable":true,"proxied":false,"ttl":600,"settings":{},"meta":{"auto_added":false,"managed_by_apps":false,"managed_by_argo_tunnel":false},"comment":null,"tags":[],"created_on":"2024-10-01T15:49:24.799965Z","modified_on":"2024-10-01T15:49:24.799965Z"},{"id":"f4926d7e7941ae89ea222a8a7e44b5a4","zone_id":"7ed83734c471bd155e2fe23234c5c936","zone_name":"record-store-dns-tests.shopitest.com","name":"multi1.record-store-dns-tests.shopitest.com","type":"A","content":"192.0.2.1","proxiable":true,"proxied":false,"ttl":600,"settings":{},"meta":{"auto_added":false,"managed_by_apps":false,"managed_by_argo_tunnel":false},"comment":null,"tags":[],"created_on":"2024-10-01T16:14:54.373462Z","modified_on":"2024-10-01T16:14:54.373462Z"},{"id":"e62a19c69d0c1533cbbdaf3fec5d737c","zone_id":"7ed83734c471bd155e2fe23234c5c936","zone_name":"record-store-dns-tests.shopitest.com","name":"multi2.record-store-dns-tests.shopitest.com","type":"A","content":"192.0.2.2","proxiable":true,"proxied":false,"ttl":600,"settings":{},"meta":{"auto_added":false,"managed_by_apps":false,"managed_by_argo_tunnel":false},"comment":null,"tags":[],"created_on":"2024-10-01T16:14:54.87328Z","modified_on":"2024-10-01T16:14:54.87328Z"},{"id":"d29ed0f6cd5b6494e8595f26fb355fd1","zone_id":"7ed83734c471bd155e2fe23234c5c936","zone_name":"record-store-dns-tests.shopitest.com","name":"multi.record-store-dns-tests.shopitest.com","type":"A","content":"192.0.2.2","proxiable":true,"proxied":false,"ttl":600,"settings":{},"meta":{"auto_added":false,"managed_by_apps":false,"managed_by_argo_tunnel":false},"comment":null,"tags":[],"created_on":"2024-10-09T14:07:16.714893Z","modified_on":"2024-10-09T14:07:16.714893Z"},{"id":"764faac5de163980adc8e05f54c3d8c6","zone_id":"7ed83734c471bd155e2fe23234c5c936","zone_name":"record-store-dns-tests.shopitest.com","name":"multi.record-store-dns-tests.shopitest.com","type":"A","content":"192.0.2.1","proxiable":true,"proxied":false,"ttl":600,"settings":{},"meta":{"auto_added":false,"managed_by_apps":false,"managed_by_argo_tunnel":false},"comment":null,"tags":[],"created_on":"2024-10-09T14:07:16.213361Z","modified_on":"2024-10-09T14:07:16.213361Z"},{"id":"e00683b575579f94a9942b6cc4cb2b2c","zone_id":"7ed83734c471bd155e2fe23234c5c936","zone_name":"record-store-dns-tests.shopitest.com","name":"ttlupdate.record-store-dns-tests.shopitest.com","type":"A","content":"192.0.2.1","proxiable":true,"proxied":false,"ttl":3600,"settings":{},"meta":{"auto_added":false,"managed_by_apps":false,"managed_by_argo_tunnel":false},"comment":null,"tags":[],"created_on":"2024-10-09T13:47:09.026219Z","modified_on":"2024-10-09T13:47:10.415352Z"},{"id":"4d9ca49d31c99ba30ba52edce07ed2d4","zone_id":"7ed83734c471bd155e2fe23234c5c936","zone_name":"record-store-dns-tests.shopitest.com","name":"update.record-store-dns-tests.shopitest.com","type":"A","content":"192.0.2.2","proxiable":true,"proxied":false,"ttl":600,"settings":{},"meta":{"auto_added":false,"managed_by_apps":false,"managed_by_argo_tunnel":false},"comment":null,"tags":[],"created_on":"2024-10-09T13:42:47.501079Z","modified_on":"2024-10-09T13:42:48.82679Z"},{"id":"d256309eb12835d40b334ccd13c10976","zone_id":"7ed83734c471bd155e2fe23234c5c936","zone_name":"record-store-dns-tests.shopitest.com","name":"mx.record-store-dns-tests.shopitest.com","type":"MX","content":"mail.record-store-dns-tests.shopitest.com","priority":10,"proxiable":false,"proxied":false,"ttl":600,"settings":{},"meta":{"auto_added":false,"managed_by_apps":false,"managed_by_argo_tunnel":false},"comment":null,"tags":[],"created_on":"2024-10-01T16:17:15.897349Z","modified_on":"2024-10-01T16:17:15.897349Z"}],"success":true,"errors":[],"messages":[],"result_info":{"page":1,"per_page":100,"count":8,"total_count":8,"total_pages":1}}'
  recorded_at: Wed, 09 Oct 2024 14:07:17 GMT
- request:
    method: get
    uri: https://api.cloudflare.com/client/v4/zones
    body:
      encoding: US-ASCII
      string: ''
    headers:
      Accept-Encoding:
      - gzip;q=1.0,deflate;q=0.6,identity;q=0.3
      Accept:
      - application/json
      User-Agent:
      - Ruby
      Content-Type:
      - application/json
      Authorization:
      - Bearer <CLOUDFLARE_API_TOKEN>
  response:
    status:
      code: 200
      message: OK
    headers:
      Date:
      - Wed, 09 Oct 2024 14:07:17 GMT
      Content-Type:
      - application/json
      Transfer-Encoding:
      - chunked
      Connection:
      - keep-alive
      Cf-Ray:
      - 8cfeefa5081aa241-YYZ
      Cf-Cache-Status:
      - DYNAMIC
      Cache-Control:
      - no-store, no-cache, must-revalidate, post-check=0, pre-check=0
      Expires:
      - Sun, 25 Jan 1981 05:00:00 GMT
      Set-Cookie:
      - __cf_bm=of2qaeBUywB15lldR.5eNSqa4uH.XtHhnEMqs34rT_U-1728482837-1.0.1.1-wokS_NmKV_.izboXyKPDBpA1gt7fVmF2MnXKiuOKDqezDu6DHzYJCjnxtFPhhwYoZWmw2nE3LY8lLXTpYqV3vA;
        path=/; expires=Wed, 09-Oct-24 14:37:17 GMT; domain=.api.cloudflare.com; HttpOnly;
        Secure; SameSite=None
      - __cflb=0H28vgHxwvgAQtjUGUFqYFDiSDreGJnUtrQbipursy7; SameSite=Lax; path=/;
        expires=Wed, 09-Oct-24 16:37:18 GMT; HttpOnly
      - __cfruid=a63faa604a56bae5627c28118743d44a2125b7d9-1728482837; path=/; domain=.api.cloudflare.com;
        HttpOnly; Secure; SameSite=None
      Strict-Transport-Security:
      - max-age=31536000
      Pragma:
      - no-cache
      Cf-Auditlog-Id:
      - '0192719b-032b-72cb-99df-ad5a9f8cf758'
      X-Content-Type-Options:
      - nosniff
      X-Frame-Options:
      - SAMEORIGIN
      Vary:
      - Accept-Encoding
      Server:
      - cloudflare
    body:
      encoding: ASCII-8BIT
      string: '{"result":[{"id":"7ed83734c471bd155e2fe23234c5c936","name":"record-store-dns-tests.shopitest.com","status":"pending","paused":false,"type":"full","development_mode":0,"name_servers":["cory.ns.cloudflare.com","nora.ns.cloudflare.com"],"original_name_servers":["dns1.p06.nsone.net","dns2.p06.nsone.net","dns3.p06.nsone.net","dns4.p06.nsone.net","ns1.dnsimple.com","ns2.dnsimple.com","ns3.dnsimple.com","ns4.dnsimple.com"],"original_registrar":"markmonitor
        inc. (id: 292)","original_dnshost":null,"modified_on":"2024-09-19T15:28:23.108643Z","created_on":"2024-09-19T15:28:12.917187Z","activated_on":null,"vanity_name_servers":[],"vanity_name_servers_ips":null,"meta":{"step":2,"custom_certificate_quota":1,"page_rule_quota":100,"phishing_detected":false},"owner":{"id":"8378b3b7c26e4b6205f5b0d0c8c4f063","type":"organization","name":"Shopify
        Playground"},"account":{"id":"8378b3b7c26e4b6205f5b0d0c8c4f063","name":"Shopify
        Playground"},"tenant":{"id":null,"name":null},"tenant_unit":{"id":null},"permissions":["#dns_records:edit","#dns_records:read","#zone:read"],"plan":{"id":"94f3b7b768b0458b56d2cac4fe5ec0f9","name":"Enterprise
        Website","price":0,"currency":"USD","frequency":"","is_subscribed":true,"can_subscribe":true,"legacy_id":"enterprise","legacy_discount":false,"externally_managed":true}}],"result_info":{"page":1,"per_page":20,"total_pages":1,"count":1,"total_count":1},"success":true,"errors":[],"messages":[]}'
  recorded_at: Wed, 09 Oct 2024 14:07:17 GMT
- request:
    method: delete
    uri: https://api.cloudflare.com/client/v4/zones/7ed83734c471bd155e2fe23234c5c936/dns_records/d29ed0f6cd5b6494e8595f26fb355fd1
    body:
      encoding: US-ASCII
      string: ''
    headers:
      Accept-Encoding:
      - gzip;q=1.0,deflate;q=0.6,identity;q=0.3
      Accept:
      - application/json
      User-Agent:
      - Ruby
      Content-Type:
      - application/json
      Authorization:
      - Bearer <CLOUDFLARE_API_TOKEN>
  response:
    status:
      code: 200
      message: OK
    headers:
      Date:
      - Wed, 09 Oct 2024 14:07:17 GMT
      Content-Type:
      - application/json
      Transfer-Encoding:
      - chunked
      Connection:
      - keep-alive
      Cf-Ray:
      - 8cfeefa679b4a241-YYZ
      Cf-Cache-Status:
      - DYNAMIC
      Set-Cookie:
      - __cf_bm=_U_0h7nSLLyWrootu5bldJ0.B15etJGnYnP15SHCXdM-1728482837-1.0.1.1-bFWqj6s89MY32HU8SvyNHdViqNiYN__nnFft6FQjw1bCagsNBDrSSil2i2NibErcmyV3vA.N_3F2VOOHo6HvhQ;
        path=/; expires=Wed, 09-Oct-24 14:37:17 GMT; domain=.api.cloudflare.com; HttpOnly;
        Secure; SameSite=None
      - __cflb=0H28vgHxwvgAQtjUGUFqYFDiSDreGJnUtrQbipursy7; SameSite=Lax; path=/;
        expires=Wed, 09-Oct-24 16:37:18 GMT; HttpOnly
      - __cfruid=a63faa604a56bae5627c28118743d44a2125b7d9-1728482837; path=/; domain=.api.cloudflare.com;
        HttpOnly; Secure; SameSite=None
      Vary:
      - Accept-Encoding
      Cf-Auditlog-Id:
      - '0192719b-0417-7cd6-a0cd-a785ed105852'
      Server:
      - cloudflare
    body:
      encoding: ASCII-8BIT
      string: '{"result":{"id":"d29ed0f6cd5b6494e8595f26fb355fd1"},"success":true,"errors":[],"messages":[]}'
  recorded_at: Wed, 09 Oct 2024 14:07:17 GMT
- request:
    method: get
    uri: https://api.cloudflare.com/client/v4/zones
    body:
      encoding: US-ASCII
      string: ''
    headers:
      Accept-Encoding:
      - gzip;q=1.0,deflate;q=0.6,identity;q=0.3
      Accept:
      - application/json
      User-Agent:
      - Ruby
      Content-Type:
      - application/json
      Authorization:
      - Bearer <CLOUDFLARE_API_TOKEN>
  response:
    status:
      code: 200
      message: OK
    headers:
      Date:
      - Wed, 09 Oct 2024 14:07:18 GMT
      Content-Type:
      - application/json
      Transfer-Encoding:
      - chunked
      Connection:
      - keep-alive
      Cf-Ray:
      - 8cfeefa85c3ca241-YYZ
      Cf-Cache-Status:
      - DYNAMIC
      Cache-Control:
      - no-store, no-cache, must-revalidate, post-check=0, pre-check=0
      Expires:
      - Sun, 25 Jan 1981 05:00:00 GMT
      Set-Cookie:
      - __cf_bm=XTde3RqDfbpg0qsmrZI0au2bEBE5wKtB8Uwt_59nWc8-1728482838-1.0.1.1-5MNwfLJROO0gwRftSBqDhzLgPw9ldyicqLdnNXyj4C2i1nkMRdDJFRfRJw1akJcjBKV2RZ8f0d_amqPAUCooHg;
        path=/; expires=Wed, 09-Oct-24 14:37:18 GMT; domain=.api.cloudflare.com; HttpOnly;
        Secure; SameSite=None
      - __cflb=0H28vgHxwvgAQtjUGUFqYFDiSDreGJnUtrQbipursy7; SameSite=Lax; path=/;
        expires=Wed, 09-Oct-24 16:37:19 GMT; HttpOnly
      - __cfruid=34f73f711af160639e5adf89ba21bf43fa819d51-1728482838; path=/; domain=.api.cloudflare.com;
        HttpOnly; Secure; SameSite=None
      Strict-Transport-Security:
      - max-age=31536000
      Pragma:
      - no-cache
      Cf-Auditlog-Id:
      - '0192719b-053f-78fe-aac2-e8f0185a983c'
      X-Content-Type-Options:
      - nosniff
      X-Frame-Options:
      - SAMEORIGIN
      Vary:
      - Accept-Encoding
      Server:
      - cloudflare
    body:
      encoding: ASCII-8BIT
      string: '{"result":[{"id":"7ed83734c471bd155e2fe23234c5c936","name":"record-store-dns-tests.shopitest.com","status":"pending","paused":false,"type":"full","development_mode":0,"name_servers":["cory.ns.cloudflare.com","nora.ns.cloudflare.com"],"original_name_servers":["dns1.p06.nsone.net","dns2.p06.nsone.net","dns3.p06.nsone.net","dns4.p06.nsone.net","ns1.dnsimple.com","ns2.dnsimple.com","ns3.dnsimple.com","ns4.dnsimple.com"],"original_registrar":"markmonitor
        inc. (id: 292)","original_dnshost":null,"modified_on":"2024-09-19T15:28:23.108643Z","created_on":"2024-09-19T15:28:12.917187Z","activated_on":null,"vanity_name_servers":[],"vanity_name_servers_ips":null,"meta":{"step":2,"custom_certificate_quota":1,"page_rule_quota":100,"phishing_detected":false},"owner":{"id":"8378b3b7c26e4b6205f5b0d0c8c4f063","type":"organization","name":"Shopify
        Playground"},"account":{"id":"8378b3b7c26e4b6205f5b0d0c8c4f063","name":"Shopify
        Playground"},"tenant":{"id":null,"name":null},"tenant_unit":{"id":null},"permissions":["#dns_records:edit","#dns_records:read","#zone:read"],"plan":{"id":"94f3b7b768b0458b56d2cac4fe5ec0f9","name":"Enterprise
        Website","price":0,"currency":"USD","frequency":"","is_subscribed":true,"can_subscribe":true,"legacy_id":"enterprise","legacy_discount":false,"externally_managed":true}}],"result_info":{"page":1,"per_page":20,"total_pages":1,"count":1,"total_count":1},"success":true,"errors":[],"messages":[]}'
  recorded_at: Wed, 09 Oct 2024 14:07:17 GMT
- request:
    method: get
    uri: https://api.cloudflare.com/client/v4/zones/7ed83734c471bd155e2fe23234c5c936/dns_records
    body:
      encoding: US-ASCII
      string: ''
    headers:
      Accept-Encoding:
      - gzip;q=1.0,deflate;q=0.6,identity;q=0.3
      Accept:
      - application/json
      User-Agent:
      - Ruby
      Content-Type:
      - application/json
      Authorization:
      - Bearer <CLOUDFLARE_API_TOKEN>
  response:
    status:
      code: 200
      message: OK
    headers:
      Date:
      - Wed, 09 Oct 2024 14:07:18 GMT
      Content-Type:
      - application/json
      Transfer-Encoding:
      - chunked
      Connection:
      - keep-alive
      Cf-Ray:
      - 8cfeefa9eeb0a241-YYZ
      Cf-Cache-Status:
      - DYNAMIC
      Set-Cookie:
      - __cf_bm=vDqvVs11YZRZNZvq6FH14GNidYGd8K92MzYCrTOb1i0-1728482838-1.0.1.1-PA94dWEBSuxNkgLmWiUuK6Tl_nOhxSiaYeAE8VV3hqGmMeKtGBIWoz6lkeLAKBcpoPon.4Vjv6MfaVVSjzWL1Q;
        path=/; expires=Wed, 09-Oct-24 14:37:18 GMT; domain=.api.cloudflare.com; HttpOnly;
        Secure; SameSite=None
      - __cflb=0H28vgHxwvgAQtjUGUFqYFDiSDreGJnUu27GjdjMVEd; SameSite=Lax; path=/;
        expires=Wed, 09-Oct-24 16:37:19 GMT; HttpOnly
      - __cfruid=34f73f711af160639e5adf89ba21bf43fa819d51-1728482838; path=/; domain=.api.cloudflare.com;
        HttpOnly; Secure; SameSite=None
      Vary:
      - Accept-Encoding
      Cf-Auditlog-Id:
      - '0192719b-0639-77b3-8624-9585b4f8f29f'
      Server:
      - cloudflare
    body:
      encoding: ASCII-8BIT
      string: '{"result":[{"id":"4b646438877a22663096992c656070cb","zone_id":"7ed83734c471bd155e2fe23234c5c936","zone_name":"record-store-dns-tests.shopitest.com","name":"add.record-store-dns-tests.shopitest.com","type":"A","content":"192.0.2.1","proxiable":true,"proxied":false,"ttl":600,"settings":{},"meta":{"auto_added":false,"managed_by_apps":false,"managed_by_argo_tunnel":false},"comment":null,"tags":[],"created_on":"2024-10-01T15:49:24.799965Z","modified_on":"2024-10-01T15:49:24.799965Z"},{"id":"f4926d7e7941ae89ea222a8a7e44b5a4","zone_id":"7ed83734c471bd155e2fe23234c5c936","zone_name":"record-store-dns-tests.shopitest.com","name":"multi1.record-store-dns-tests.shopitest.com","type":"A","content":"192.0.2.1","proxiable":true,"proxied":false,"ttl":600,"settings":{},"meta":{"auto_added":false,"managed_by_apps":false,"managed_by_argo_tunnel":false},"comment":null,"tags":[],"created_on":"2024-10-01T16:14:54.373462Z","modified_on":"2024-10-01T16:14:54.373462Z"},{"id":"e62a19c69d0c1533cbbdaf3fec5d737c","zone_id":"7ed83734c471bd155e2fe23234c5c936","zone_name":"record-store-dns-tests.shopitest.com","name":"multi2.record-store-dns-tests.shopitest.com","type":"A","content":"192.0.2.2","proxiable":true,"proxied":false,"ttl":600,"settings":{},"meta":{"auto_added":false,"managed_by_apps":false,"managed_by_argo_tunnel":false},"comment":null,"tags":[],"created_on":"2024-10-01T16:14:54.87328Z","modified_on":"2024-10-01T16:14:54.87328Z"},{"id":"764faac5de163980adc8e05f54c3d8c6","zone_id":"7ed83734c471bd155e2fe23234c5c936","zone_name":"record-store-dns-tests.shopitest.com","name":"multi.record-store-dns-tests.shopitest.com","type":"A","content":"192.0.2.1","proxiable":true,"proxied":false,"ttl":600,"settings":{},"meta":{"auto_added":false,"managed_by_apps":false,"managed_by_argo_tunnel":false},"comment":null,"tags":[],"created_on":"2024-10-09T14:07:16.213361Z","modified_on":"2024-10-09T14:07:16.213361Z"},{"id":"e00683b575579f94a9942b6cc4cb2b2c","zone_id":"7ed83734c471bd155e2fe23234c5c936","zone_name":"record-store-dns-tests.shopitest.com","name":"ttlupdate.record-store-dns-tests.shopitest.com","type":"A","content":"192.0.2.1","proxiable":true,"proxied":false,"ttl":3600,"settings":{},"meta":{"auto_added":false,"managed_by_apps":false,"managed_by_argo_tunnel":false},"comment":null,"tags":[],"created_on":"2024-10-09T13:47:09.026219Z","modified_on":"2024-10-09T13:47:10.415352Z"},{"id":"4d9ca49d31c99ba30ba52edce07ed2d4","zone_id":"7ed83734c471bd155e2fe23234c5c936","zone_name":"record-store-dns-tests.shopitest.com","name":"update.record-store-dns-tests.shopitest.com","type":"A","content":"192.0.2.2","proxiable":true,"proxied":false,"ttl":600,"settings":{},"meta":{"auto_added":false,"managed_by_apps":false,"managed_by_argo_tunnel":false},"comment":null,"tags":[],"created_on":"2024-10-09T13:42:47.501079Z","modified_on":"2024-10-09T13:42:48.82679Z"},{"id":"d256309eb12835d40b334ccd13c10976","zone_id":"7ed83734c471bd155e2fe23234c5c936","zone_name":"record-store-dns-tests.shopitest.com","name":"mx.record-store-dns-tests.shopitest.com","type":"MX","content":"mail.record-store-dns-tests.shopitest.com","priority":10,"proxiable":false,"proxied":false,"ttl":600,"settings":{},"meta":{"auto_added":false,"managed_by_apps":false,"managed_by_argo_tunnel":false},"comment":null,"tags":[],"created_on":"2024-10-01T16:17:15.897349Z","modified_on":"2024-10-01T16:17:15.897349Z"}],"success":true,"errors":[],"messages":[],"result_info":{"page":1,"per_page":100,"count":7,"total_count":7,"total_pages":1}}'
  recorded_at: Wed, 09 Oct 2024 14:07:18 GMT
recorded_with: VCR 6.2.0
