---
http_interactions:
- request:
    method: post
    uri: "<GOOGLE_CLOUD_DNS_TOKEN_URI>"
    body:
      encoding: ASCII-8BIT
      string: "<GOOGLE_CLOUD_DNS_AUTH_SECRET>"
    headers:
      User-Agent:
      - Faraday v0.13.1
      Content-Type:
      - application/x-www-form-urlencoded
      Accept-Encoding:
      - gzip;q=1.0,deflate;q=0.6,identity;q=0.3
      Accept:
      - "*/*"
  response:
    status:
      code: 200
      message: OK
    headers:
      Content-Type:
      - application/json; charset=utf-8
      X-Content-Type-Options:
      - nosniff
      Cache-Control:
      - no-cache, no-store, max-age=0, must-revalidate
      Pragma:
      - no-cache
      Expires:
      - Mon, 01 Jan 1990 00:00:00 GMT
      Date:
      - Mon, 08 Jan 2018 23:26:41 GMT
      Content-Disposition:
      - attachment; filename="json.txt"; filename*=UTF-8''json.txt
      Server:
      - ESF
      X-Xss-Protection:
      - 1; mode=block
      X-Frame-Options:
      - SAMEORIGIN
      Alt-Svc:
      - hq=":443"; ma=2592000; quic=51303431; quic=51303339; quic=51303338; quic=51303337;
        quic=51303335,quic=":443"; ma=2592000; v="41,39,38,37,35"
      Transfer-Encoding:
      - chunked
    body:
      encoding: ASCII-8BIT
      string: |-
        {
          "access_token" : "<GOOGLE_CLOUD_DNS_AUTH_TOKEN>",
          "expires_in" : 3600,
          "token_type" : "Bearer"
        }
    http_version:
  recorded_at: Mon, 08 Jan 2018 23:26:41 GMT
- request:
    method: get
    uri: https://www.googleapis.com/dns/v1/projects/project_id/managedZones/dns-scratch-me
    body:
      encoding: UTF-8
      string: ''
    headers:
      User-Agent:
      - |-
        gcloud-ruby/0.27.0 google-api-ruby-client/0.17.4 Mac OS X/10.12.6
         (gzip)
      Accept:
      - "*/*"
      Accept-Encoding:
      - gzip,deflate
      Date:
      - Mon, 08 Jan 2018 23:26:41 GMT
      X-Goog-Api-Client:
      - gl-ruby/2.3.1 gccl/0.27.0
      Authorization:
      - "<GOOGLE_CLOUD_DNS_AUTH_TOKEN>"
      Content-Type:
      - application/x-www-form-urlencoded
  response:
    status:
      code: 200
      message: OK
    headers:
      Expires:
      - Mon, 08 Jan 2018 23:26:41 GMT
      Date:
      - Mon, 08 Jan 2018 23:26:41 GMT
      Cache-Control:
      - private, max-age=0, must-revalidate, no-transform
      Etag:
      - '"l6W8dA7WZETYLDZJmyLb1fijyh0/RzYr1wdyHIdWpTxp8_L0RH3RstE"'
      Vary:
      - Origin
      - X-Origin
      Content-Type:
      - application/json; charset=UTF-8
      Content-Encoding:
      - gzip
      X-Content-Type-Options:
      - nosniff
      X-Frame-Options:
      - SAMEORIGIN
      X-Xss-Protection:
      - 1; mode=block
      Server:
      - GSE
      Alt-Svc:
      - hq=":443"; ma=2592000; quic=51303431; quic=51303339; quic=51303338; quic=51303337;
        quic=51303335,quic=":443"; ma=2592000; v="41,39,38,37,35"
      Transfer-Encoding:
      - chunked
    body:
      encoding: UTF-8
      string: |
        {
         "kind": "dns#managedZone",
         "name": "dns-scratch-me",
         "dnsName": "dns-scratch.me.",
         "description": "",
         "id": "759513122143970307",
         "nameServers": [
          "ns-cloud-d1.googledomains.com.",
          "ns-cloud-d2.googledomains.com.",
          "ns-cloud-d3.googledomains.com.",
          "ns-cloud-d4.googledomains.com."
         ],
         "creationTime": "2018-01-04T18:39:10.180Z"
        }
    http_version:
  recorded_at: Mon, 08 Jan 2018 23:26:41 GMT
- request:
    method: get
    uri: https://www.googleapis.com/dns/v1/projects/project_id/managedZones/759513122143970307/rrsets
    body:
      encoding: UTF-8
      string: ''
    headers:
      User-Agent:
      - |-
        gcloud-ruby/0.27.0 google-api-ruby-client/0.17.4 Mac OS X/10.12.6
         (gzip)
      Accept:
      - "*/*"
      Accept-Encoding:
      - gzip,deflate
      Date:
      - Mon, 08 Jan 2018 23:26:41 GMT
      X-Goog-Api-Client:
      - gl-ruby/2.3.1 gccl/0.27.0
      Authorization:
      - "<GOOGLE_CLOUD_DNS_AUTH_TOKEN>"
      Content-Type:
      - application/x-www-form-urlencoded
  response:
    status:
      code: 200
      message: OK
    headers:
      Expires:
      - Mon, 08 Jan 2018 23:26:41 GMT
      Date:
      - Mon, 08 Jan 2018 23:26:41 GMT
      Cache-Control:
      - private, max-age=0, must-revalidate, no-transform
      Etag:
      - '"l6W8dA7WZETYLDZJmyLb1fijyh0/fYfEVVtp0IYgNUCkcDNDMY9VDqE"'
      Vary:
      - Origin
      - X-Origin
      Content-Type:
      - application/json; charset=UTF-8
      Content-Encoding:
      - gzip
      X-Content-Type-Options:
      - nosniff
      X-Frame-Options:
      - SAMEORIGIN
      X-Xss-Protection:
      - 1; mode=block
      Server:
      - GSE
      Alt-Svc:
      - hq=":443"; ma=2592000; quic=51303431; quic=51303339; quic=51303338; quic=51303337;
        quic=51303335,quic=":443"; ma=2592000; v="41,39,38,37,35"
      Transfer-Encoding:
      - chunked
    body:
      encoding: UTF-8
      string: |
        {
         "kind": "dns#resourceRecordSetsListResponse",
         "rrsets": [
          {
           "kind": "dns#resourceRecordSet",
           "name": "dns-scratch.me.",
           "type": "MX",
           "ttl": 300,
           "rrdatas": [
            "10 mail-server.example.com.",
            "123 mail.example.com."
           ]
          },
          {
           "kind": "dns#resourceRecordSet",
           "name": "dns-scratch.me.",
           "type": "NS",
           "ttl": 21600,
           "rrdatas": [
            "ns-cloud-d1.googledomains.com.",
            "ns-cloud-d2.googledomains.com.",
            "ns-cloud-d3.googledomains.com.",
            "ns-cloud-d4.googledomains.com."
           ]
          },
          {
           "kind": "dns#resourceRecordSet",
           "name": "dns-scratch.me.",
           "type": "SOA",
           "ttl": 21600,
           "rrdatas": [
            "ns-cloud-d1.googledomains.com. cloud-dns-hostmaster.google.com. 3 21600 3600 259200 300"
           ]
          },
          {
           "kind": "dns#resourceRecordSet",
           "name": "aaaa.dns-scratch.me.",
           "type": "AAAA",
           "ttl": 300,
           "rrdatas": [
            "2001:db8:85a3::ea75:1337:beef"
           ]
          },
          {
           "kind": "dns#resourceRecordSet",
           "name": "cname.dns-scratch.me.",
           "type": "CAA",
           "ttl": 1800,
           "rrdatas": [
            "0 issue \"digicert.com\""
           ]
          },
          {
           "kind": "dns#resourceRecordSet",
           "name": "cname.dns-scratch.me.",
           "type": "CNAME",
           "ttl": 300,
           "rrdatas": [
            "example.com."
           ]
          },
          {
           "kind": "dns#resourceRecordSet",
           "name": "cname-api.dns-scratch.me.",
           "type": "CNAME",
           "ttl": 300,
           "rrdatas": [
            "example.com."
           ]
          },
          {
           "kind": "dns#resourceRecordSet",
           "name": "test.dns-scratch.me.",
           "type": "A",
           "ttl": 300,
           "rrdatas": [
            "127.0.0.1"
           ]
          },
          {
           "kind": "dns#resourceRecordSet",
           "name": "txt.dns-scratch.me.",
           "type": "TXT",
           "ttl": 300,
           "rrdatas": [
            "\"test\"",
            "\"asdf\""
           ]
          },
          {
           "kind": "dns#resourceRecordSet",
           "name": "www.dns-scratch.me.",
           "type": "A",
           "ttl": 86400,
           "rrdatas": [
            "1.2.3.4"
           ]
          }
         ]
        }
    http_version:
  recorded_at: Mon, 08 Jan 2018 23:26:41 GMT
recorded_with: VCR 4.0.0
