---
http_interactions:
- request:
    method: patch
    uri: https://dns.<ORACLE_CLOUD_DNS_REGION>.oci.oraclecloud.com/20180115/zones/test.recordstore.io/records
    body:
      encoding: UTF-8
      string: '{"items":[{"domain":"one_of_these_should_remain.test.recordstore.io.","rdata":"20.20.20.20","rtype":"A","ttl":600,"operation":"ADD"}]}'
    headers:
      Accept-Encoding:
      - gzip;q=1.0,deflate;q=0.6,identity;q=0.3
      Accept:
      - application/json
      Content-Type:
      - application/json
      Date:
      - Sun, 20 Oct 2019 02:00:04 GMT
      Content-Length:
      - '134'
      X-Content-Sha256:
      - l3pWeFH40Q4IV0x/p5hYmWPHMrYYjw81tpA+dPgpK7Y=
      Authorization:
      - Signature headers="date (request-target) host content-length content-type
        x-content-sha256",keyId="<ORACLE_CLOUD_DNS_COMPARTMENT_ID>/<ORACLE_CLOUD_DNS_USER>/<ORACLE_CLOUD_DNS_FINGERPRINT>",algorithm="rsa-sha256",signature="VCrthbhMEPxD2VinoNocTb09TVWLA0Qwdj9+lhB9srqTAR0lBlCDz7Xam3cYq4S3RuWeXCv1+TfGBuWo6/c2Gr8PY93kTv56H/aryC0b7pmC2VVT7PzWh21Yb9Z2ezwgvOFLHXR3YFNyokXWG/mIDvlZfiUbbc07UYkkjgKqAmWE19TNo8Y5XCZRGJpZO+w6T3Q2yv2vdn3gWQXE462TfyIcNGxAiqUU7F4JY//qryV0F6Y58a377uM6Tt/Ty68PH9+DoKdhOdpJF0aZv+v9JvbJRtG+SWqPX9OP193DlVBxXhfzm0oD2/kslHSfrix1jgobHokitkK/CAJG4S3yJQ==",version="1"
      Opc-Client-Info:
      - Oracle-RubySDK/2.6.0
      Opc-Request-Id:
      - CEAB9EEDC69B4F10A5C7B464B4666F9F
  response:
    status:
      code: 200
      message: OK
    headers:
      Date:
      - Sun, 20 Oct 2019 02:00:06 GMT
      Content-Type:
      - application/json
      Content-Length:
      - '2964'
      Connection:
      - keep-alive
      Opc-Request-Id:
      - CEAB9EEDC69B4F10A5C7B464B4666F9F/9084F51028BD424C93E7F1465753ED03/90C1E56036C84D80A4AA2AB9879DBDA1
      Etag:
      - '"818ocid1.dns-zone.oc1..ebe870ae24e5440ca314fba2383551cf#application/json"'
      Opc-Total-Items:
      - '15'
    body:
      encoding: UTF-8
      string: '{"items":[{"domain":"one_of_these_should_remain.test.recordstore.io","recordHash":"b5faaf01ab34f611cba71c22d54f353f","isProtected":false,"rdata":"20.20.20.20","rrsetVersion":"818","rtype":"A","ttl":600},{"domain":"test.recordstore.io","recordHash":"310c67902c922a120f57be281f18cbbf","isProtected":true,"rdata":"ns4.p68.dns.oraclecloud.net.","rrsetVersion":"1","rtype":"NS","ttl":86400},{"domain":"test.recordstore.io","recordHash":"3cd20f2c5f00d5d32490ed469d5bdfca","isProtected":true,"rdata":"ns1.p68.dns.oraclecloud.net.
        hostmaster.test.recordstore.io. 818 3600 600 604800 1800","rrsetVersion":"818","rtype":"SOA","ttl":300},{"domain":"test.recordstore.io","recordHash":"4c2fa92cd5f92000ca884da52cab98a3","isProtected":true,"rdata":"ns1.p68.dns.oraclecloud.net.","rrsetVersion":"1","rtype":"NS","ttl":86400},{"domain":"test.recordstore.io","recordHash":"9ad655bf964bdd3bab3bd00e8a85ca3a","isProtected":true,"rdata":"ns2.p68.dns.oraclecloud.net.","rrsetVersion":"1","rtype":"NS","ttl":86400},{"domain":"test.recordstore.io","recordHash":"a233c1ceab46c9e4e04f82910297b6ed","isProtected":true,"rdata":"ns3.p68.dns.oraclecloud.net.","rrsetVersion":"1","rtype":"NS","ttl":86400},{"domain":"test_add_caa.test.recordstore.io","recordHash":"3a325720e9d22b0ecab62217f45dba5b","isProtected":false,"rdata":"0
        issue \"shopify.com\"","rrsetVersion":"810","rtype":"CAA","ttl":600},{"domain":"test_add_ns.test.recordstore.io","recordHash":"e5438e032a7f831fed6dd02989a34e49","isProtected":false,"rdata":"ns_test.p68.dns.oraclecloud.net.","rrsetVersion":"813","rtype":"NS","ttl":600},{"domain":"test_remove_first_from_two_a_records_changeset.test.recordstore.io","recordHash":"0fcac14a69f25022df6b1ddc2ac9d307","isProtected":false,"rdata":"70.70.70.77","rrsetVersion":"804","rtype":"A","ttl":600},{"domain":"test_remove_first_from_two_txt_records_changeset.test.recordstore.io","recordHash":"a6b3277747045ccf882fb9fe11dbcba9","isProtected":false,"rdata":"\"text
        2\"","rrsetVersion":"807","rtype":"TXT","ttl":600},{"domain":"test_update_changeset.test.recordstore.io","recordHash":"3bbf3ccbfc81e7be2e5ae65f1a71815e","isProtected":false,"rdata":"10.10.10.49","rrsetVersion":"812","rtype":"A","ttl":600},{"domain":"test_update_changeset_multiples.test.recordstore.io","recordHash":"6946ae7f40cd01ecab32de5ec15c8cb0","isProtected":false,"rdata":"10.10.10.50","rrsetVersion":"817","rtype":"A","ttl":600},{"domain":"test_update_changeset_multiples.test.recordstore.io","recordHash":"7a7a9affff91cea87ac11c4fb5e2ad1c","isProtected":false,"rdata":"10.10.10.49","rrsetVersion":"817","rtype":"A","ttl":600},{"domain":"test_update_changeset_multiples.test.recordstore.io","recordHash":"81c2b6b205d6b3a84479c0152f59a630","isProtected":false,"rdata":"10.10.10.48","rrsetVersion":"817","rtype":"A","ttl":600},{"domain":"test_updating_ttl.test.recordstore.io","recordHash":"4956667caf7bb85c691e5c5237be57e5","isProtected":false,"rdata":"10.10.10.1","rrsetVersion":"809","rtype":"A","ttl":10}]}

        '
    http_version:
  recorded_at: Sun, 20 Oct 2019 02:00:06 GMT
- request:
    method: patch
    uri: https://dns.<ORACLE_CLOUD_DNS_REGION>.oci.oraclecloud.com/20180115/zones/test.recordstore.io/records
    body:
      encoding: UTF-8
      string: '{"items":[{"domain":"one_of_these_should_remain.test.recordstore.io.","rdata":"30.30.30.30","rtype":"A","ttl":600,"operation":"ADD"}]}'
    headers:
      Accept-Encoding:
      - gzip;q=1.0,deflate;q=0.6,identity;q=0.3
      Accept:
      - application/json
      Content-Type:
      - application/json
      Date:
      - Sun, 20 Oct 2019 02:00:06 GMT
      Content-Length:
      - '134'
      X-Content-Sha256:
      - b0cLIAOaIWaPUV6UdMia112/EMsteTqHXFeongcAB/0=
      Authorization:
      - Signature headers="date (request-target) host content-length content-type
        x-content-sha256",keyId="<ORACLE_CLOUD_DNS_COMPARTMENT_ID>/<ORACLE_CLOUD_DNS_USER>/<ORACLE_CLOUD_DNS_FINGERPRINT>",algorithm="rsa-sha256",signature="X7jwZyxdYawFN+QokVtTSuDHIl8o5r9RE4yjhbOs4swOmAoypl9uX2RBCpXtd5/iOdOxUGKeK+QOfZMNm/LGzSgzS+s91BAaOkyIZDLvJoaUZF9T0SdL4BRF80DUU6LQr4p9vvnFv38b7Uzqu3DcCoi7E+pNa/2gxYXFdAifUlPnbj7fn1+reSb6c3iCyEYzYwB+icA8QXQLeP7OCQjv0X69v1P+YtQ5spa7zGLY/a6yeDevGqHeVVHGpvqEDVy1Hc02hZFojZfvEJZpXzg0C5THViONyVTaifkNRlAQkA/noNTDjaOMXSe02CzoQddlxB0pdKuQWC8aZFHfdP53VA==",version="1"
      Opc-Client-Info:
      - Oracle-RubySDK/2.6.0
      Opc-Request-Id:
      - 3193EFB2331D4524814603732A70A51B
  response:
    status:
      code: 200
      message: OK
    headers:
      Date:
      - Sun, 20 Oct 2019 02:00:08 GMT
      Content-Type:
      - application/json
      Content-Length:
      - '3157'
      Connection:
      - keep-alive
      Opc-Request-Id:
      - 3193EFB2331D4524814603732A70A51B/E451846C1EF042BA886D42B1E270F875/2148A4EE7BE5479A96750766ACDBAC6F
      Etag:
      - '"819ocid1.dns-zone.oc1..ebe870ae24e5440ca314fba2383551cf#application/json"'
      Opc-Total-Items:
      - '16'
    body:
      encoding: UTF-8
      string: '{"items":[{"domain":"one_of_these_should_remain.test.recordstore.io","recordHash":"acb2d7313df8099454656e4924830abf","isProtected":false,"rdata":"30.30.30.30","rrsetVersion":"819","rtype":"A","ttl":600},{"domain":"one_of_these_should_remain.test.recordstore.io","recordHash":"b5faaf01ab34f611cba71c22d54f353f","isProtected":false,"rdata":"20.20.20.20","rrsetVersion":"819","rtype":"A","ttl":600},{"domain":"test.recordstore.io","recordHash":"310c67902c922a120f57be281f18cbbf","isProtected":true,"rdata":"ns4.p68.dns.oraclecloud.net.","rrsetVersion":"1","rtype":"NS","ttl":86400},{"domain":"test.recordstore.io","recordHash":"3cd20f2c5f00d5d32490ed469d5bdfca","isProtected":true,"rdata":"ns1.p68.dns.oraclecloud.net.
        hostmaster.test.recordstore.io. 819 3600 600 604800 1800","rrsetVersion":"819","rtype":"SOA","ttl":300},{"domain":"test.recordstore.io","recordHash":"4c2fa92cd5f92000ca884da52cab98a3","isProtected":true,"rdata":"ns1.p68.dns.oraclecloud.net.","rrsetVersion":"1","rtype":"NS","ttl":86400},{"domain":"test.recordstore.io","recordHash":"9ad655bf964bdd3bab3bd00e8a85ca3a","isProtected":true,"rdata":"ns2.p68.dns.oraclecloud.net.","rrsetVersion":"1","rtype":"NS","ttl":86400},{"domain":"test.recordstore.io","recordHash":"a233c1ceab46c9e4e04f82910297b6ed","isProtected":true,"rdata":"ns3.p68.dns.oraclecloud.net.","rrsetVersion":"1","rtype":"NS","ttl":86400},{"domain":"test_add_caa.test.recordstore.io","recordHash":"3a325720e9d22b0ecab62217f45dba5b","isProtected":false,"rdata":"0
        issue \"shopify.com\"","rrsetVersion":"810","rtype":"CAA","ttl":600},{"domain":"test_add_ns.test.recordstore.io","recordHash":"e5438e032a7f831fed6dd02989a34e49","isProtected":false,"rdata":"ns_test.p68.dns.oraclecloud.net.","rrsetVersion":"813","rtype":"NS","ttl":600},{"domain":"test_remove_first_from_two_a_records_changeset.test.recordstore.io","recordHash":"0fcac14a69f25022df6b1ddc2ac9d307","isProtected":false,"rdata":"70.70.70.77","rrsetVersion":"804","rtype":"A","ttl":600},{"domain":"test_remove_first_from_two_txt_records_changeset.test.recordstore.io","recordHash":"a6b3277747045ccf882fb9fe11dbcba9","isProtected":false,"rdata":"\"text
        2\"","rrsetVersion":"807","rtype":"TXT","ttl":600},{"domain":"test_update_changeset.test.recordstore.io","recordHash":"3bbf3ccbfc81e7be2e5ae65f1a71815e","isProtected":false,"rdata":"10.10.10.49","rrsetVersion":"812","rtype":"A","ttl":600},{"domain":"test_update_changeset_multiples.test.recordstore.io","recordHash":"6946ae7f40cd01ecab32de5ec15c8cb0","isProtected":false,"rdata":"10.10.10.50","rrsetVersion":"817","rtype":"A","ttl":600},{"domain":"test_update_changeset_multiples.test.recordstore.io","recordHash":"7a7a9affff91cea87ac11c4fb5e2ad1c","isProtected":false,"rdata":"10.10.10.49","rrsetVersion":"817","rtype":"A","ttl":600},{"domain":"test_update_changeset_multiples.test.recordstore.io","recordHash":"81c2b6b205d6b3a84479c0152f59a630","isProtected":false,"rdata":"10.10.10.48","rrsetVersion":"817","rtype":"A","ttl":600},{"domain":"test_updating_ttl.test.recordstore.io","recordHash":"4956667caf7bb85c691e5c5237be57e5","isProtected":false,"rdata":"10.10.10.1","rrsetVersion":"809","rtype":"A","ttl":10}]}

        '
    http_version:
  recorded_at: Sun, 20 Oct 2019 02:00:08 GMT
- request:
    method: get
    uri: https://dns.<ORACLE_CLOUD_DNS_REGION>.oci.oraclecloud.com/20180115/zones/test.recordstore.io/records?domain=one_of_these_should_remain.test.recordstore.io&rtype=A
    body:
      encoding: US-ASCII
      string: ''
    headers:
      Accept-Encoding:
      - gzip;q=1.0,deflate;q=0.6,identity;q=0.3
      Accept:
      - application/json
      Content-Type:
      - application/json
      Date:
      - Sun, 20 Oct 2019 02:00:08 GMT
      Authorization:
      - Signature headers="date (request-target) host",keyId="<ORACLE_CLOUD_DNS_COMPARTMENT_ID>/<ORACLE_CLOUD_DNS_USER>/<ORACLE_CLOUD_DNS_FINGERPRINT>",algorithm="rsa-sha256",signature="xVCUtKwMYi75DbkR3Rq57f2iOKNW2SvJSmqrc6noKsutlLpYTgTfnnFs6fpdXyYuJzB2GquVAh2In9gjXOWuB5eczzh7NtKnacjPG3DC6NeHV6hgyROjhqixAZF/biGC+Td/VTCm/SOouUpkydTXQqmF2ZsVnQsmzBFPAxHnVvgB7wB+0EJ6GMobv8WvlmkBDL7RMK5z4f0P0LGGcTPuuk4z4V/oTGahKQ1JSmcsZBHxAyECgK7MTzXoNLsN9+/Y7ejv/57h7KJ/U8pCAwBVZpCGVwEkyx2hLgWj2SoKhJijBpFOE57e3e20G1B87jvYLn1B91BoQEo4O5aZYoiuAw==",version="1"
      Opc-Client-Info:
      - Oracle-RubySDK/2.6.0
      Opc-Request-Id:
      - 4006909F8EBA44488B7CB31C4E2667EA
  response:
    status:
      code: 200
      message: OK
    headers:
      Date:
      - Sun, 20 Oct 2019 02:00:10 GMT
      Content-Type:
      - application/json
      Content-Length:
      - '217'
      Connection:
      - keep-alive
      Opc-Request-Id:
      - 4006909F8EBA44488B7CB31C4E2667EA/1AAC88D5ADDE4B33BB79E6C4B238EA65/D4F5AB864BF04BDAAB99C1E287A139FF
      Etag:
      - '"819ocid1.dns-zone.oc1..ebe870ae24e5440ca314fba2383551cf#application/json--gzip"'
      Opc-Total-Items:
      - '2'
      Vary:
      - Accept-Encoding
    body:
      encoding: ASCII-8BIT
      string: '{"items":[{"domain":"one_of_these_should_remain.test.recordstore.io","recordHash":"acb2d7313df8099454656e4924830abf","isProtected":false,"rdata":"30.30.30.30","rrsetVersion":"819","rtype":"A","ttl":600},{"domain":"one_of_these_should_remain.test.recordstore.io","recordHash":"b5faaf01ab34f611cba71c22d54f353f","isProtected":false,"rdata":"20.20.20.20","rrsetVersion":"819","rtype":"A","ttl":600}]}

        '
    http_version:
  recorded_at: Sun, 20 Oct 2019 02:00:10 GMT
- request:
    method: patch
    uri: https://dns.<ORACLE_CLOUD_DNS_REGION>.oci.oraclecloud.com/20180115/zones/test.recordstore.io/records
    body:
      encoding: UTF-8
      string: '{"items":[{"domain":"one_of_these_should_remain.test.recordstore.io","recordHash":"acb2d7313df8099454656e4924830abf","rdata":"30.30.30.30","rtype":"A","ttl":600,"operation":"REMOVE"}]}'
    headers:
      Accept-Encoding:
      - gzip;q=1.0,deflate;q=0.6,identity;q=0.3
      Accept:
      - application/json
      Content-Type:
      - application/json
      Date:
      - Sun, 20 Oct 2019 02:00:13 GMT
      Content-Length:
      - '184'
      X-Content-Sha256:
      - "+bSddo4sDpTLVrDa3A83y19kXTmXkkrxOhVlmlMzous="
      Authorization:
      - Signature headers="date (request-target) host content-length content-type
        x-content-sha256",keyId="<ORACLE_CLOUD_DNS_COMPARTMENT_ID>/<ORACLE_CLOUD_DNS_USER>/<ORACLE_CLOUD_DNS_FINGERPRINT>",algorithm="rsa-sha256",signature="hf00ai4YsSeYnRqi95HWgq8ZN2WS6018Zv6Txtq7aK0zd1aJIWeiz0AUSpMP+FSVjRGFGoSB/+IhZjeBF9v+TNOKrwZE/hDpT4oQdyDM5UQbL+dPUKYoNlS2Fsvc1xTSfE5nKMaT86hH3DIEWuLm2YpaXpk9wN+hcftl1RgAkqXKWmva8PwRiCIaAj/0HHdQy6gLcxdYIvUpxPKh+OFcdmIxpOa9esPcQYA8zfmyPV/GjOCchWiiaUe+K6DZ9y4M/P6HvhdydybZN0Du4yx3hvw0a9eWEuPWSQuhV5fmzPVv2XOqtjByYc59P1yJoc1SAXYjt37vygrCXKVUGF7DZw==",version="1"
      Opc-Client-Info:
      - Oracle-RubySDK/2.6.0
      Opc-Request-Id:
      - A1452C62219A44639BD82184B27C3341
  response:
    status:
      code: 200
      message: OK
    headers:
      Date:
      - Sun, 20 Oct 2019 02:00:14 GMT
      Content-Type:
      - application/json
      Content-Length:
      - '2964'
      Connection:
      - keep-alive
      Opc-Request-Id:
      - A1452C62219A44639BD82184B27C3341/EAD1D626DC5B43A9A4A1C50B592D04B2/59AE1979194D4DC5B2F4BA22D167FE31
      Etag:
      - '"820ocid1.dns-zone.oc1..ebe870ae24e5440ca314fba2383551cf#application/json"'
      Opc-Total-Items:
      - '15'
    body:
      encoding: UTF-8
      string: '{"items":[{"domain":"one_of_these_should_remain.test.recordstore.io","recordHash":"b5faaf01ab34f611cba71c22d54f353f","isProtected":false,"rdata":"20.20.20.20","rrsetVersion":"820","rtype":"A","ttl":600},{"domain":"test.recordstore.io","recordHash":"310c67902c922a120f57be281f18cbbf","isProtected":true,"rdata":"ns4.p68.dns.oraclecloud.net.","rrsetVersion":"1","rtype":"NS","ttl":86400},{"domain":"test.recordstore.io","recordHash":"3cd20f2c5f00d5d32490ed469d5bdfca","isProtected":true,"rdata":"ns1.p68.dns.oraclecloud.net.
        hostmaster.test.recordstore.io. 820 3600 600 604800 1800","rrsetVersion":"820","rtype":"SOA","ttl":300},{"domain":"test.recordstore.io","recordHash":"4c2fa92cd5f92000ca884da52cab98a3","isProtected":true,"rdata":"ns1.p68.dns.oraclecloud.net.","rrsetVersion":"1","rtype":"NS","ttl":86400},{"domain":"test.recordstore.io","recordHash":"9ad655bf964bdd3bab3bd00e8a85ca3a","isProtected":true,"rdata":"ns2.p68.dns.oraclecloud.net.","rrsetVersion":"1","rtype":"NS","ttl":86400},{"domain":"test.recordstore.io","recordHash":"a233c1ceab46c9e4e04f82910297b6ed","isProtected":true,"rdata":"ns3.p68.dns.oraclecloud.net.","rrsetVersion":"1","rtype":"NS","ttl":86400},{"domain":"test_add_caa.test.recordstore.io","recordHash":"3a325720e9d22b0ecab62217f45dba5b","isProtected":false,"rdata":"0
        issue \"shopify.com\"","rrsetVersion":"810","rtype":"CAA","ttl":600},{"domain":"test_add_ns.test.recordstore.io","recordHash":"e5438e032a7f831fed6dd02989a34e49","isProtected":false,"rdata":"ns_test.p68.dns.oraclecloud.net.","rrsetVersion":"813","rtype":"NS","ttl":600},{"domain":"test_remove_first_from_two_a_records_changeset.test.recordstore.io","recordHash":"0fcac14a69f25022df6b1ddc2ac9d307","isProtected":false,"rdata":"70.70.70.77","rrsetVersion":"804","rtype":"A","ttl":600},{"domain":"test_remove_first_from_two_txt_records_changeset.test.recordstore.io","recordHash":"a6b3277747045ccf882fb9fe11dbcba9","isProtected":false,"rdata":"\"text
        2\"","rrsetVersion":"807","rtype":"TXT","ttl":600},{"domain":"test_update_changeset.test.recordstore.io","recordHash":"3bbf3ccbfc81e7be2e5ae65f1a71815e","isProtected":false,"rdata":"10.10.10.49","rrsetVersion":"812","rtype":"A","ttl":600},{"domain":"test_update_changeset_multiples.test.recordstore.io","recordHash":"6946ae7f40cd01ecab32de5ec15c8cb0","isProtected":false,"rdata":"10.10.10.50","rrsetVersion":"817","rtype":"A","ttl":600},{"domain":"test_update_changeset_multiples.test.recordstore.io","recordHash":"7a7a9affff91cea87ac11c4fb5e2ad1c","isProtected":false,"rdata":"10.10.10.49","rrsetVersion":"817","rtype":"A","ttl":600},{"domain":"test_update_changeset_multiples.test.recordstore.io","recordHash":"81c2b6b205d6b3a84479c0152f59a630","isProtected":false,"rdata":"10.10.10.48","rrsetVersion":"817","rtype":"A","ttl":600},{"domain":"test_updating_ttl.test.recordstore.io","recordHash":"4956667caf7bb85c691e5c5237be57e5","isProtected":false,"rdata":"10.10.10.1","rrsetVersion":"809","rtype":"A","ttl":10}]}

        '
    http_version:
  recorded_at: Sun, 20 Oct 2019 02:00:14 GMT
- request:
    method: get
    uri: https://dns.<ORACLE_CLOUD_DNS_REGION>.oci.oraclecloud.com/20180115/zones/test.recordstore.io/records
    body:
      encoding: US-ASCII
      string: ''
    headers:
      Accept-Encoding:
      - gzip;q=1.0,deflate;q=0.6,identity;q=0.3
      Accept:
      - application/json
      Content-Type:
      - application/json
      Date:
      - Sun, 20 Oct 2019 02:00:14 GMT
      Authorization:
      - Signature headers="date (request-target) host",keyId="<ORACLE_CLOUD_DNS_COMPARTMENT_ID>/<ORACLE_CLOUD_DNS_USER>/<ORACLE_CLOUD_DNS_FINGERPRINT>",algorithm="rsa-sha256",signature="t4vPDm5Z8RsWeM+rnP2DM8hOKgPOQyd1BDj9GHiS3upG4yo+C3KT+u8jywDdzyniB84av99GyRBqg9+W4L3tDgXrsDvPIffK462rrApSISJY92Z5BZ0C7DZYBjUqAxIK88EO1lv4oyxnRj0dJNd/dfR12OhlkzoponxNrcPpG0kmJ4ydcvEkV0+4fA9EwxHDJSTL+LgnM64ww2gb4GmmrUEs1jzN7bTb9b8WEprxlvx4Owdo6PSfEhudeI39R0dqNZPNFcMPeglTMPCVZjuR1rQJx4gmkJOV7RLgX8g5dKpKHnd5xcGdVhpyXNsYXQaDIxV1jD5zz27yXxraC8J0GA==",version="1"
      Opc-Client-Info:
      - Oracle-RubySDK/2.6.0
      Opc-Request-Id:
      - FB8A7975A40340239F7563B763F5DD08
  response:
    status:
      code: 200
      message: OK
    headers:
      Date:
      - Sun, 20 Oct 2019 02:00:16 GMT
      Content-Type:
      - application/json
      Content-Length:
      - '787'
      Connection:
      - keep-alive
      Opc-Request-Id:
      - FB8A7975A40340239F7563B763F5DD08/0675E623701243E48501B6DCDA362174/5FCA7980D51A4549BE73AE90EB963E45
      Etag:
      - '"820ocid1.dns-zone.oc1..ebe870ae24e5440ca314fba2383551cf#application/json--gzip"'
      Opc-Total-Items:
      - '15'
      Vary:
      - Accept-Encoding
    body:
      encoding: ASCII-8BIT
      string: '{"items":[{"domain":"one_of_these_should_remain.test.recordstore.io","recordHash":"b5faaf01ab34f611cba71c22d54f353f","isProtected":false,"rdata":"20.20.20.20","rrsetVersion":"820","rtype":"A","ttl":600},{"domain":"test.recordstore.io","recordHash":"310c67902c922a120f57be281f18cbbf","isProtected":true,"rdata":"ns4.p68.dns.oraclecloud.net.","rrsetVersion":"1","rtype":"NS","ttl":86400},{"domain":"test.recordstore.io","recordHash":"3cd20f2c5f00d5d32490ed469d5bdfca","isProtected":true,"rdata":"ns1.p68.dns.oraclecloud.net.
        hostmaster.test.recordstore.io. 820 3600 600 604800 1800","rrsetVersion":"820","rtype":"SOA","ttl":300},{"domain":"test.recordstore.io","recordHash":"4c2fa92cd5f92000ca884da52cab98a3","isProtected":true,"rdata":"ns1.p68.dns.oraclecloud.net.","rrsetVersion":"1","rtype":"NS","ttl":86400},{"domain":"test.recordstore.io","recordHash":"9ad655bf964bdd3bab3bd00e8a85ca3a","isProtected":true,"rdata":"ns2.p68.dns.oraclecloud.net.","rrsetVersion":"1","rtype":"NS","ttl":86400},{"domain":"test.recordstore.io","recordHash":"a233c1ceab46c9e4e04f82910297b6ed","isProtected":true,"rdata":"ns3.p68.dns.oraclecloud.net.","rrsetVersion":"1","rtype":"NS","ttl":86400},{"domain":"test_add_caa.test.recordstore.io","recordHash":"3a325720e9d22b0ecab62217f45dba5b","isProtected":false,"rdata":"0
        issue \"shopify.com\"","rrsetVersion":"810","rtype":"CAA","ttl":600},{"domain":"test_add_ns.test.recordstore.io","recordHash":"e5438e032a7f831fed6dd02989a34e49","isProtected":false,"rdata":"ns_test.p68.dns.oraclecloud.net.","rrsetVersion":"813","rtype":"NS","ttl":600},{"domain":"test_remove_first_from_two_a_records_changeset.test.recordstore.io","recordHash":"0fcac14a69f25022df6b1ddc2ac9d307","isProtected":false,"rdata":"70.70.70.77","rrsetVersion":"804","rtype":"A","ttl":600},{"domain":"test_remove_first_from_two_txt_records_changeset.test.recordstore.io","recordHash":"a6b3277747045ccf882fb9fe11dbcba9","isProtected":false,"rdata":"\"text
        2\"","rrsetVersion":"807","rtype":"TXT","ttl":600},{"domain":"test_update_changeset.test.recordstore.io","recordHash":"3bbf3ccbfc81e7be2e5ae65f1a71815e","isProtected":false,"rdata":"10.10.10.49","rrsetVersion":"812","rtype":"A","ttl":600},{"domain":"test_update_changeset_multiples.test.recordstore.io","recordHash":"6946ae7f40cd01ecab32de5ec15c8cb0","isProtected":false,"rdata":"10.10.10.50","rrsetVersion":"817","rtype":"A","ttl":600},{"domain":"test_update_changeset_multiples.test.recordstore.io","recordHash":"7a7a9affff91cea87ac11c4fb5e2ad1c","isProtected":false,"rdata":"10.10.10.49","rrsetVersion":"817","rtype":"A","ttl":600},{"domain":"test_update_changeset_multiples.test.recordstore.io","recordHash":"81c2b6b205d6b3a84479c0152f59a630","isProtected":false,"rdata":"10.10.10.48","rrsetVersion":"817","rtype":"A","ttl":600},{"domain":"test_updating_ttl.test.recordstore.io","recordHash":"4956667caf7bb85c691e5c5237be57e5","isProtected":false,"rdata":"10.10.10.1","rrsetVersion":"809","rtype":"A","ttl":10}]}

        '
    http_version:
  recorded_at: Sun, 20 Oct 2019 02:00:16 GMT
recorded_with: VCR 5.0.0
